Component: ARM Compiler 5.06 update 5 (build 528) Tool: armlink [4d35e2]

==============================================================================

Section Cross References

    startup_stm32f407xx.o(RESET) refers to startup_stm32f407xx.o(STACK) for __initial_sp
    startup_stm32f407xx.o(RESET) refers to startup_stm32f407xx.o(.text) for Reset_Handler
    startup_stm32f407xx.o(RESET) refers to stm32f4xx_it.o(.text) for NMI_Handler
    startup_stm32f407xx.o(.text) refers to system_stm32f4xx.o(.text) for SystemInit
    startup_stm32f407xx.o(.text) refers to entry.o(.ARM.Collect$$$$00000000) for __main
    stm32f4xx_hal_dma.o(.text) refers to stm32f4xx_hal.o(.text) for HAL_GetTick
    stm32f4xx_hal_dma.o(.text) refers to stm32f4xx_hal_dma.o(.constdata) for flagBitshiftOffset
    stm32f4xx_hal_dma.o(.text) refers to system_stm32f4xx.o(.data) for SystemCoreClock
    stm32f4xx_hal.o(.text) refers to stm32f4xx_hal_cortex.o(.text) for HAL_SYSTICK_Config
    stm32f4xx_hal.o(.text) refers to stm32f4xx_hal_msp.o(.text) for HAL_MspInit
    stm32f4xx_hal.o(.text) refers to stm32f4xx_hal.o(.data) for uwTickFreq
    stm32f4xx_hal.o(.text) refers to system_stm32f4xx.o(.data) for SystemCoreClock
    stm32f4xx_hal_pwr_ex.o(.text) refers to stm32f4xx_hal.o(.text) for HAL_GetTick
    stm32f4xx_hal_flash_ex.o(.text) refers to stm32f4xx_hal_flash.o(.text) for FLASH_WaitForLastOperation
    stm32f4xx_hal_flash_ex.o(.text) refers to stm32f4xx_hal_flash.o(.bss) for pFlash
    stm32f4xx_hal_rcc.o(.text) refers to stm32f4xx_hal.o(.text) for HAL_GetTick
    stm32f4xx_hal_rcc.o(.text) refers to uldiv.o(.text) for __aeabi_uldivmod
    stm32f4xx_hal_rcc.o(.text) refers to stm32f4xx_hal_gpio.o(.text) for HAL_GPIO_Init
    stm32f4xx_hal_rcc.o(.text) refers to system_stm32f4xx.o(.constdata) for AHBPrescTable
    stm32f4xx_hal_rcc.o(.text) refers to system_stm32f4xx.o(.data) for SystemCoreClock
    stm32f4xx_hal_i2c.o(.text) refers to stm32f4xx_hal_msp.o(.text) for HAL_I2C_MspInit
    stm32f4xx_hal_i2c.o(.text) refers to stm32f4xx_hal_rcc.o(.text) for HAL_RCC_GetPCLK1Freq
    stm32f4xx_hal_i2c.o(.text) refers to stm32f4xx_hal.o(.text) for HAL_GetTick
    stm32f4xx_hal_i2c.o(.text) refers to system_stm32f4xx.o(.data) for SystemCoreClock
    stm32f4xx_hal_i2c.o(.text) refers to stm32f4xx_hal_dma.o(.text) for HAL_DMA_GetError
    stm32f4xx_hal_flash.o(.text) refers to stm32f4xx_hal.o(.text) for HAL_GetTick
    stm32f4xx_hal_flash.o(.text) refers to stm32f4xx_hal_flash_ex.o(.text) for FLASH_Erase_Sector
    stm32f4xx_hal_flash.o(.text) refers to stm32f4xx_hal_flash.o(.bss) for pFlash
    stm32f4xx_hal_pcd.o(.text) refers to usbd_conf.o(.text) for HAL_PCD_MspInit
    stm32f4xx_hal_pcd.o(.text) refers to stm32f4xx_ll_usb.o(.text) for USB_DisableGlobalInt
    stm32f4xx_hal_pcd.o(.text) refers to memcpya.o(.text) for __aeabi_memcpy4
    stm32f4xx_hal_pcd.o(.text) refers to stm32f4xx_hal_rcc.o(.text) for HAL_RCC_GetHCLKFreq
    stm32f4xx_hal_tim.o(.text) refers to stm32f4xx_hal_msp.o(.text) for HAL_TIM_Base_MspInit
    stm32f4xx_hal_tim.o(.text) refers to stm32f4xx_hal_dma.o(.text) for HAL_DMA_Start_IT
    stm32f4xx_hal_tim.o(.text) refers to stm32f4xx_hal_tim_ex.o(.text) for HAL_TIMEx_BreakCallback
    stm32f4xx_hal_tim_ex.o(.text) refers to stm32f4xx_hal_tim.o(.text) for TIM_Base_SetConfig
    stm32f4xx_hal_tim_ex.o(.text) refers to stm32f4xx_hal_dma.o(.text) for HAL_DMA_Start_IT
    stm32f4xx_ll_usb.o(.text) refers to stm32f4xx_hal.o(.text) for HAL_Delay
    stm32f4xx_ll_usb.o(.text) refers to stm32f4xx_ll_usb.o(.data) for debug
    stm32f4xx_hal_rcc_ex.o(.text) refers to stm32f4xx_hal.o(.text) for HAL_GetTick
    stm32f4xx_hal_rcc_ex.o(.text) refers to system_stm32f4xx.o(.data) for SystemCoreClock
    reorientation.o(.text) refers to f2d.o(.text) for __aeabi_f2d
    reorientation.o(.text) refers to sqrt.o(i.__hardfp_sqrt) for __hardfp_sqrt
    reorientation.o(.text) refers to d2f.o(.text) for __aeabi_d2f
    reorientation.o(.text) refers to stm32f4xx_hal_gpio.o(.text) for HAL_GPIO_ReadPin
    reorientation.o(.text) refers to acos.o(i.__hardfp_acos) for __hardfp_acos
    reorientation.o(.text) refers to cos.o(i.__hardfp_cos) for __hardfp_cos
    reorientation.o(.text) refers to sin.o(i.__hardfp_sin) for __hardfp_sin
    reorientation.o(.text) refers to dmul.o(.text) for __aeabi_dmul
    reorientation.o(.text) refers to ddiv.o(.text) for __aeabi_ddiv
    reorientation.o(.text) refers to reorientation.o(.data) for a
    system_stm32f4xx.o(.text) refers to system_stm32f4xx.o(.data) for SystemCoreClock
    system_stm32f4xx.o(.text) refers to system_stm32f4xx.o(.constdata) for AHBPrescTable
    usbd_ctlreq.o(.text) refers to usbd_conf.o(.text) for USBD_LL_StallEP
    usbd_ctlreq.o(.text) refers to usbd_ioreq.o(.text) for USBD_CtlSendStatus
    usbd_ctlreq.o(.text) refers to usbd_core.o(.text) for USBD_SetClassConfig
    usbd_ctlreq.o(.text) refers to usbd_ctlreq.o(.data) for cfgidx
[...]
    .text                                    0x0800e3bc   Section       36  init.o(.text)
    .text                                    0x0800e3e0   Section        0  __dczerorl2.o(.text)
    i.__ARM_fpclassify                       0x0800e436   Section        0  fpclassify.o(i.__ARM_fpclassify)
    i.__hardfp_acos                          0x0800e468   Section        0  acos.o(i.__hardfp_acos)
    i.__hardfp_atan                          0x0800e7c0   Section        0  atan.o(i.__hardfp_atan)
    i.__hardfp_atan2                         0x0800ea98   Section        0  atan2.o(i.__hardfp_atan2)
    i.__hardfp_copysign                      0x0800ec88   Section        0  copysign.o(i.__hardfp_copysign)
    i.__hardfp_cos                           0x0800eca8   Section        0  cos.o(i.__hardfp_cos)
    i.__hardfp_sin                           0x0800ed70   Section        0  sin.o(i.__hardfp_sin)
    i.__hardfp_sqrt                          0x0800ee38   Section        0  sqrt.o(i.__hardfp_sqrt)
    i.__ieee754_rem_pio2                     0x0800eeb8   Section        0  rred.o(i.__ieee754_rem_pio2)
    i.__kernel_cos                           0x0800f2f0   Section        0  cos_i.o(i.__kernel_cos)
    i.__kernel_poly                          0x0800f460   Section        0  poly.o(i.__kernel_poly)
    i.__kernel_sin                           0x0800f558   Section        0  sin_i.o(i.__kernel_sin)
    i.__mathlib_dbl_infnan                   0x0800f688   Section        0  dunder.o(i.__mathlib_dbl_infnan)
    i.__mathlib_dbl_infnan2                  0x0800f69c   Section        0  dunder.o(i.__mathlib_dbl_infnan2)
    i.__mathlib_dbl_invalid                  0x0800f6b0   Section        0  dunder.o(i.__mathlib_dbl_invalid)
    i.__mathlib_dbl_underflow                0x0800f6d0   Section        0  dunder.o(i.__mathlib_dbl_underflow)
    i.__scatterload_copy                     0x0800f6f0   Section       14  handlers.o(i.__scatterload_copy)
    i.__scatterload_null                     0x0800f6fe   Section        2  handlers.o(i.__scatterload_null)
    i.__scatterload_zeroinit                 0x0800f700   Section       14  handlers.o(i.__scatterload_zeroinit)
    i.__set_errno                            0x0800f710   Section        0  errno.o(i.__set_errno)
    i.atan                                   0x0800f71c   Section        0  atan.o(i.atan)
    i.copysign                               0x0800f72c   Section        0  copysign.o(i.copysign)
    __tagsym$$used                           0x0800f72d   Number         0  copysign.o(i.copysign)
    i.fabs                                   0x0800f744   Section        0  fabs.o(i.fabs)
    i.free                                   0x0800f75c   Section        0  malloc.o(i.free)
    i.malloc                                 0x0800f7ac   Section        0  malloc.o(i.malloc)
    i.sqrt                                   0x0800f818   Section        0  sqrt.o(i.sqrt)
    .constdata                               0x0800f886   Section        8  stm32f4xx_hal_dma.o(.constdata)
    flagBitshiftOffset                       0x0800f886   Data           8  stm32f4xx_hal_dma.o(.constdata)
    .constdata                               0x0800f88e   Section       24  system_stm32f4xx.o(.constdata)
    .constdata                               0x0800f8a8   Section       80  acos.o(.constdata)
    pS                                       0x0800f8a8   Data          48  acos.o(.constdata)
    qS                                       0x0800f8d8   Data          32  acos.o(.constdata)
    .constdata                               0x0800f8f8   Section      152  atan.o(.constdata)
    atanhi                                   0x0800f8f8   Data          32  atan.o(.constdata)
    atanlo                                   0x0800f918   Data          32  atan.o(.constdata)
    aTodd                                    0x0800f938   Data          40  atan.o(.constdata)
    aTeven                                   0x0800f960   Data          48  atan.o(.constdata)
    .constdata                               0x0800f990   Section       48  cos_i.o(.constdata)
    C                                        0x0800f990   Data          48  cos_i.o(.constdata)
    .constdata                               0x0800f9c0   Section        8  qnan.o(.constdata)
    .constdata                               0x0800f9c8   Section      200  rred.o(.constdata)
    pio2s                                    0x0800f9c8   Data          48  rred.o(.constdata)
    twooverpi                                0x0800f9f8   Data         152  rred.o(.constdata)
    .constdata                               0x0800fa90   Section       40  sin_i.o(.constdata)
    S                                        0x0800fa90   Data          40  sin_i.o(.constdata)
    .data                                    0x20000000   Section        9  stm32f4xx_hal.o(.data)
    .data                                    0x2000000c   Section        4  stm32f4xx_ll_usb.o(.data)
    debug                                    0x2000000c   Data           4  stm32f4xx_ll_usb.o(.data)
    .data                                    0x20000010   Section       20  reorientation.o(.data)
    a                                        0x20000020   Data           4  reorientation.o(.data)
    .data                                    0x20000024   Section        4  system_stm32f4xx.o(.data)
    .data                                    0x20000028   Section        1  usbd_ctlreq.o(.data)
    cfgidx                                   0x20000028   Data           1  usbd_ctlreq.o(.data)
    .data                                    0x2000002c   Section      190  usbd_hid.o(.data)
    USBD_HID_CfgDesc                         0x20000064   Data          34  usbd_hid.o(.data)
    USBD_HID_Desc                            0x20000088   Data           9  usbd_hid.o(.data)
    USBD_HID_DeviceQualifierDesc             0x20000094   Data          10  usbd_hid.o(.data)
    HID_MOUSE_ReportDesc                     0x200000a0   Data          74  usbd_hid.o(.data)
    .data                                    0x200000ec   Section       52  usbd_desc.o(.data)
    .data                                    0x20000120   Section       15  main.o(.data)
    .data                                    0x20000130   Section      217  stm32f4xx_it.o(.data)
    offset_X_Angle                           0x200001f8   Data           4  stm32f4xx_it.o(.data)
    offset_Z_Angle                           0x200001fc   Data           4  stm32f4xx_it.o(.data)
    tickBut                                  0x20000200   Data           4  stm32f4xx_it.o(.data)
    tickAct                                  0x20000204   Data           4  stm32f4xx_it.o(.data)
    i                                        0x20000208   Data           1  stm32f4xx_it.o(.data)
    .data                                    0x2000020c   Section        4  mvars.o(.data)
    .data                                    0x20000210   Section        4  mvars.o(.data)
    .data                                    0x20000214   Section        4  errno.o(.data)
    _errno                                   0x20000214   Data           4  errno.o(.data)
    .bss                                     0x20000218   Section      512  usbd_desc.o(.bss)
    .bss                                     0x20000418   Section      216  main.o(.bss)
    .bss                                     0x200004f0   Section      548  usb_device.o(.bss)
    .bss                                     0x20000714   Section     1008  usbd_conf.o(.bss)
    HEAP                                     0x20000b08   Section      512  startup_stm32f407xx.o(HEAP)
    STACK                                    0x20000d08   Section     1024  startup_stm32f407xx.o(STACK)

    Global Symbols

    Symbol Name                              Value     Ov Type        Size  Object(Section)

    BuildAttributes$$THM_ISAv4$E$P$D$K$B$S$7EM$VFPi3$EXTD16$VFPS$VFMA$PE$A:L22UL41UL21$X:L11$S22US41US21$IEEE1$IW$USESV6$~STKCKD$USESV7$~SHL$OTIME$ROPI$IEEEX$EBA8$MICROLIB$REQ8$PRES8$EABIv2 0x00000000   Number         0  anon$$obj.o ABSOLUTE
    __ARM_use_no_argv                        0x00000000   Number         0  main.o ABSOLUTE
    __cpp_initialize__aeabi_                  - Undefined Weak Reference
    __cxa_finalize                            - Undefined Weak Reference
    _clock_init                               - Undefined Weak Reference
    _microlib_exit                            - Undefined Weak Reference
    __Vectors_Size                           0x00000188   Number         0  startup_stm32f407xx.o ABSOLUTE
    __Vectors                                0x08000000   Data           4  startup_stm32f407xx.o(RESET)
    __Vectors_End                            0x08000188   Data           0  startup_stm32f407xx.o(RESET)
    __main                                   0x08000189   Thumb Code     0  entry.o(.ARM.Collect$$$$00000000)
    _main_stk                                0x08000189   Thumb Code     0  entry2.o(.ARM.Collect$$$$00000001)
    _main_scatterload                        0x0800018d   Thumb Code     0  entry5.o(.ARM.Collect$$$$00000004)
    __main_after_scatterload                 0x08000191   Thumb Code     0  entry5.o(.ARM.Collect$$$$00000004)
    _main_clock                              0x08000191   Thumb Code     0  entry7b.o(.ARM.Collect$$$$00000008)
    _main_cpp_init                           0x08000191   Thumb Code     0  entry8b.o(.ARM.Collect$$$$0000000A)
    _main_init                               0x08000191   Thumb Code     0  entry9a.o(.ARM.Collect$$$$0000000B)
    __rt_final_cpp                           0x08000199   Thumb Code     0  entry10a.o(.ARM.Collect$$$$0000000D)
    __rt_final_exit                          0x08000199   Thumb Code     0  entry11a.o(.ARM.Collect$$$$0000000F)
    Reset_Handler                            0x0800019d   Thumb Code     8  startup_stm32f407xx.o(.text)
    ADC_IRQHandler                           0x080001b7   Thumb Code     0  startup_stm32f407xx.o(.text)
    CAN1_RX0_IRQHandler                      0x080001b7   Thumb Code     0  startup_stm32f407xx.o(.text)
    CAN1_RX1_IRQHandler                      0x080001b7   Thumb Code     0  startup_stm32f407xx.o(.text)
    CAN1_SCE_IRQHandler                      0x080001b7   Thumb Code     0  startup_stm32f407xx.o(.text)
    CAN1_TX_IRQHandler                       0x080001b7   Thumb Code     0  startup_stm32f407xx.o(.text)
    CAN2_RX0_IRQHandler                      0x080001b7   Thumb Code     0  startup_stm32f407xx.o(.text)
    CAN2_RX1_IRQHandler                      0x080001b7   Thumb Code     0  startup_stm32f407xx.o(.text)
    CAN2_SCE_IRQHandler                      0x080001b7   Thumb Code     0  startup_stm32f407xx.o(.text)
    CAN2_TX_IRQHandler                       0x080001b7   Thumb Code     0  startup_stm32f407xx.o(.text)
    DCMI_IRQHandler                          0x080001b7   Thumb Code     0  startup_stm32f407xx.o(.text)
    DMA1_Stream0_IRQHandler                  0x080001b7   Thumb Code     0  startup_stm32f407xx.o(.text)
    DMA1_Stream1_IRQHandler                  0x080001b7   Thumb Code     0  startup_stm32f407xx.o(.text)
    DMA1_Stream2_IRQHandler                  0x080001b7   Thumb Code     0  startup_stm32f407xx.o(.text)
    DMA1_Stream3_IRQHandler                  0x080001b7   Thumb Code     0  startup_stm32f407xx.o(.text)
    DMA1_Stream4_IRQHandler                  0x080001b7   Thumb Code     0  startup_stm32f407xx.o(.text)
    DMA1_Stream5_IRQHandler                  0x080001b7   Thumb Code     0  startup_stm32f407xx.o(.text)
    DMA1_Stream6_IRQHandler                  0x080001b7   Thumb Code     0  startup_stm32f407xx.o(.text)
    DMA1_Stream7_IRQHandler                  0x080001b7   Thumb Code     0  startup_stm32f407xx.o(.text)
    DMA2_Stream0_IRQHandler                  0x080001b7   Thumb Code     0  startup_stm32f407xx.o(.text)
    DMA2_Stream1_IRQHandler                  0x080001b7   Thumb Code     0  startup_stm32f407xx.o(.text)
    DMA2_Stream2_IRQHandler                  0x080001b7   Thumb Code     0  startup_stm32f407xx.o(.text)
    DMA2_Stream3_IRQHandler                  0x080001b7   Thumb Code     0  startup_stm32f407xx.o(.text)
    DMA2_Stream4_IRQHandler                  0x080001b7   Thumb Code     0  startup_stm32f407xx.o(.text)
    DMA2_Stream5_IRQHandler                  0x080001b7   Thumb Code     0  startup_stm32f407xx.o(.text)
    DMA2_Stream6_IRQHandler                  0x080001b7   Thumb Code     0  startup_stm32f407xx.o(.text)
    DMA2_Stream7_IRQHandler                  0x080001b7   Thumb Code     0  startup_stm32f407xx.o(.text)
    ETH_IRQHandler                           0x080001b7   Thumb Code     0  startup_stm32f407xx.o(.text)
    ETH_WKUP_IRQHandler                      0x080001b7   Thumb Code     0  startup_stm32f407xx.o(.text)
    EXTI0_IRQHandler                         0x080001b7   Thumb Code     0  startup_stm32f407xx.o(.text)
    EXTI15_10_IRQHandler                     0x080001b7   Thumb Code     0  startup_stm32f407xx.o(.text)
    EXTI1_IRQHandler                         0x080001b7   Thumb Code     0  startup_stm32f407xx.o(.text)
    EXTI2_IRQHandler                         0x080001b7   Thumb Code     0  startup_stm32f407xx.o(.text)
    EXTI3_IRQHandler                         0x080001b7   Thumb Code     0  startup_stm32f407xx.o(.text)
    EXTI4_IRQHandler                         0x080001b7   Thumb Code     0  startup_stm32f407xx.o(.text)
    EXTI9_5_IRQHandler                       0x080001b7   Thumb Code     0  startup_stm32f407xx.o(.text)
    FLASH_IRQHandler                         0x080001b7   Thumb Code     0  startup_stm32f407xx.o(.text)
    FMC_IRQHandler                           0x080001b7   Thumb Code     0  startup_stm32f407xx.o(.text)
    FPU_IRQHandler                           0x080001b7   Thumb Code     0  startup_stm32f407xx.o(.text)
    HASH_RNG_IRQHandler                      0x080001b7   Thumb Code     0  startup_stm32f407xx.o(.text)
    I2C1_ER_IRQHandler                       0x080001b7   Thumb Code     0  startup_stm32f407xx.o(.text)
    I2C1_EV_IRQHandler                       0x080001b7   Thumb Code     0  startup_stm32f407xx.o(.text)
    I2C2_ER_IRQHandler                       0x080001b7   Thumb Code     0  startup_stm32f407xx.o(.text)
    I2C2_EV_IRQHandler                       0x080001b7   Thumb Code     0  startup_stm32f407xx.o(.text)
    I2C3_ER_IRQHandler                       0x080001b7   Thumb Code     0  startup_stm32f407xx.o(.text)
    I2C3_EV_IRQHandler                       0x080001b7   Thumb Code     0  startup_stm32f407xx.o(.text)
    OTG_FS_WKUP_IRQHandler                   0x080001b7   Thumb Code     0  startup_stm32f407xx.o(.text)
    OTG_HS_EP1_IN_IRQHandler                 0x080001b7   Thumb Code     0  startup_stm32f407xx.o(.text)
    OTG_HS_EP1_OUT_IRQHandler                0x080001b7   Thumb Code     0  startup_stm32f407xx.o(.text)
    OTG_HS_IRQHandler                        0x080001b7   Thumb Code     0  startup_stm32f407xx.o(.text)
    OTG_HS_WKUP_IRQHandler                   0x080001b7   Thumb Code     0  startup_stm32f407xx.o(.text)
    PVD_IRQHandler                           0x080001b7   Thumb Code     0  startup_stm32f407xx.o(.text)
    RCC_IRQHandler                           0x080001b7   Thumb Code     0  startup_stm32f407xx.o(.text)
    RTC_Alarm_IRQHandler                     0x080001b7   Thumb Code     0  startup_stm32f407xx.o(.text)
    RTC_WKUP_IRQHandler                      0x080001b7   Thumb Code     0  startup_stm32f407xx.o(.text)
    SDIO_IRQHandler                          0x080001b7   Thumb Code     0  startup_stm32f407xx.o(.text)
    SPI1_IRQHandler                          0x080001b7   Thumb Code     0  startup_stm32f407xx.o(.text)
    SPI2_IRQHandler                          0x080001b7   Thumb Code     0  startup_stm32f407xx.o(.text)
    SPI3_IRQHandler                          0x080001b7   Thumb Code     0  startup_stm32f407xx.o(.text)
    TAMP_STAMP_IRQHandler                    0x080001b7   Thumb Code     0  startup_stm32f407xx.o(.text)
    TIM1_BRK_TIM9_IRQHandler                 0x080001b7   Thumb Code     0  startup_stm32f407xx.o(.text)
    TIM1_CC_IRQHandler                       0x080001b7   Thumb Code     0  startup_stm32f407xx.o(.text)
    TIM1_TRG_COM_TIM11_IRQHandler            0x080001b7   Thumb Code     0  startup_stm32f407xx.o(.text)
    TIM2_IRQHandler                          0x080001b7   Thumb Code     0  startup_stm32f407xx.o(.text)
    TIM3_IRQHandler                          0x080001b7   Thumb Code     0  startup_stm32f407xx.o(.text)
    TIM4_IRQHandler                          0x080001b7   Thumb Code     0  startup_stm32f407xx.o(.text)
    TIM5_IRQHandler                          0x080001b7   Thumb Code     0  startup_stm32f407xx.o(.text)
    TIM6_DAC_IRQHandler                      0x080001b7   Thumb Code     0  startup_stm32f407xx.o(.text)
    TIM7_IRQHandler                          0x080001b7   Thumb Code     0  startup_stm32f407xx.o(.text)
    TIM8_BRK_TIM12_IRQHandler                0x080001b7   Thumb Code     0  startup_stm32f407xx.o(.text)
    TIM8_CC_IRQHandler                       0x080001b7   Thumb Code     0  startup_stm32f407xx.o(.text)
    TIM8_TRG_COM_TIM14_IRQHandler            0x080001b7   Thumb Code     0  startup_stm32f407xx.o(.text)
    TIM8_UP_TIM13_IRQHandler                 0x080001b7   Thumb Code     0  startup_stm32f407xx.o(.text)
    UART4_IRQHandler                         0x080001b7   Thumb Code     0  startup_stm32f407xx.o(.text)
    UART5_IRQHandler                         0x080001b7   Thumb Code     0  startup_stm32f407xx.o(.text)
    USART1_IRQHandler                        0x080001b7   Thumb Code     0  startup_stm32f407xx.o(.text)
    USART2_IRQHandler                        0x080001b7   Thumb Code     0  startup_stm32f407xx.o(.text)
    USART3_IRQHandler                        0x080001b7   Thumb Code     0  startup_stm32f407xx.o(.text)
    USART6_IRQHandler                        0x080001b7   Thumb Code     0  startup_stm32f407xx.o(.text)
    WWDG_IRQHandler                          0x080001b7   Thumb Code     0  startup_stm32f407xx.o(.text)
    HAL_DMA_Init                             0x08000299   Thumb Code   232  stm32f4xx_hal_dma.o(.text)
    HAL_DMA_DeInit                           0x08000381   Thumb Code    98  stm32f4xx_hal_dma.o(.text)
    HAL_DMA_Start                            0x0800040f   Thumb Code   102  stm32f4xx_hal_dma.o(.text)
    HAL_DMA_Start_IT                         0x08000475   Thumb Code   158  stm32f4xx_hal_dma.o(.text)
    HAL_DMA_Abort                            0x08000513   Thumb Code   178  stm32f4xx_hal_dma.o(.text)
    HAL_DMA_Abort_IT                         0x080005c5   Thumb Code    40  stm32f4xx_hal_dma.o(.text)
    HAL_DMA_PollForTransfer                  0x080005ed   Thumb Code   346  stm32f4xx_hal_dma.o(.text)
    HAL_DMA_IRQHandler                       0x08000747   Thumb Code   570  stm32f4xx_hal_dma.o(.text)
    HAL_DMA_RegisterCallback                 0x08000981   Thumb Code    94  stm32f4xx_hal_dma.o(.text)
    HAL_DMA_UnRegisterCallback               0x080009df   Thumb Code   124  stm32f4xx_hal_dma.o(.text)
    HAL_DMA_GetState                         0x08000a5b   Thumb Code     8  stm32f4xx_hal_dma.o(.text)
    HAL_DMA_GetError                         0x08000a63   Thumb Code     6  stm32f4xx_hal_dma.o(.text)
    HAL_InitTick                             0x08000a6f   Thumb Code    64  stm32f4xx_hal.o(.text)
    HAL_Init                                 0x08000aaf   Thumb Code    54  stm32f4xx_hal.o(.text)
    HAL_MspDeInit                            0x08000ae5   Thumb Code     2  stm32f4xx_hal.o(.text)
    HAL_DeInit                               0x08000ae7   Thumb Code    64  stm32f4xx_hal.o(.text)
    HAL_IncTick                              0x08000b27   Thumb Code    16  stm32f4xx_hal.o(.text)
    HAL_GetTick                              0x08000b37   Thumb Code     6  stm32f4xx_hal.o(.text)
    HAL_GetTickPrio                          0x08000b3d   Thumb Code     6  stm32f4xx_hal.o(.text)
    HAL_SetTickFreq                          0x08000b43   Thumb Code    32  stm32f4xx_hal.o(.text)
    HAL_GetTickFreq                          0x08000b63   Thumb Code     6  stm32f4xx_hal.o(.text)
    HAL_Delay                                0x08000b69   Thumb Code    36  stm32f4xx_hal.o(.text)
    HAL_SuspendTick                          0x08000b8d   Thumb Code    18  stm32f4xx_hal.o(.text)
    HAL_ResumeTick                           0x08000b9f   Thumb Code    18  stm32f4xx_hal.o(.text)
    HAL_GetHalVersion                        0x08000bb1   Thumb Code     4  stm32f4xx_hal.o(.text)
    HAL_GetREVID                             0x08000bb5   Thumb Code     8  stm32f4xx_hal.o(.text)
    HAL_GetDEVID                             0x08000bbd   Thumb Code    10  stm32f4xx_hal.o(.text)
    HAL_DBGMCU_EnableDBGSleepMode            0x08000bc7   Thumb Code    14  stm32f4xx_hal.o(.text)
    HAL_DBGMCU_DisableDBGSleepMode           0x08000bd5   Thumb Code    14  stm32f4xx_hal.o(.text)
    HAL_DBGMCU_EnableDBGStopMode             0x08000be3   Thumb Code    14  stm32f4xx_hal.o(.text)
    HAL_DBGMCU_DisableDBGStopMode            0x08000bf1   Thumb Code    14  stm32f4xx_hal.o(.text)
    HAL_DBGMCU_EnableDBGStandbyMode          0x08000bff   Thumb Code    14  stm32f4xx_hal.o(.text)
    HAL_DBGMCU_DisableDBGStandbyMode         0x08000c0d   Thumb Code    14  stm32f4xx_hal.o(.text)
    HAL_EnableCompensationCell               0x08000c1b   Thumb Code     8  stm32f4xx_hal.o(.text)
    HAL_DisableCompensationCell              0x08000c23   Thumb Code     8  stm32f4xx_hal.o(.text)
    HAL_GetUID                               0x08000c2b   Thumb Code    24  stm32f4xx_hal.o(.text)
    HAL_PCDEx_SetTxFiFo                      0x08000c6d   Thumb Code    82  stm32f4xx_hal_pcd_ex.o(.text)
    HAL_PCDEx_SetRxFiFo                      0x08000cbf   Thumb Code    10  stm32f4xx_hal_pcd_ex.o(.text)
    HAL_GPIO_Init                            0x08000cc9   Thumb Code   466  stm32f4xx_hal_gpio.o(.text)
    HAL_GPIO_DeInit                          0x08000e9b   Thumb Code   316  stm32f4xx_hal_gpio.o(.text)
    HAL_GPIO_ReadPin                         0x08000fd7   Thumb Code    16  stm32f4xx_hal_gpio.o(.text)
    HAL_GPIO_WritePin                        0x08000fe7   Thumb Code    12  stm32f4xx_hal_gpio.o(.text)
    HAL_GPIO_TogglePin                       0x08000ff3   Thumb Code     8  stm32f4xx_hal_gpio.o(.text)
    HAL_GPIO_LockPin                         0x08000ffb   Thumb Code    46  stm32f4xx_hal_gpio.o(.text)
    HAL_GPIO_EXTI_Callback                   0x08001029   Thumb Code     2  stm32f4xx_hal_gpio.o(.text)
    HAL_GPIO_EXTI_IRQHandler                 0x0800102b   Thumb Code    28  stm32f4xx_hal_gpio.o(.text)
    HAL_RCC_OscConfig                        0x08001079   Thumb Code  1086  stm32f4xx_hal_rcc.o(.text)
    HAL_RCC_GetSysClockFreq                  0x080014b7   Thumb Code   164  stm32f4xx_hal_rcc.o(.text)
    HAL_RCC_ClockConfig                      0x0800155b   Thumb Code   388  stm32f4xx_hal_rcc.o(.text)
    HAL_RCC_MCOConfig                        0x080016df   Thumb Code   186  stm32f4xx_hal_rcc.o(.text)
    HAL_RCC_EnableCSS                        0x08001799   Thumb Code     8  stm32f4xx_hal_rcc.o(.text)
    HAL_RCC_DisableCSS                       0x080017a1   Thumb Code     8  stm32f4xx_hal_rcc.o(.text)
    HAL_RCC_GetHCLKFreq                      0x080017a9   Thumb Code     6  stm32f4xx_hal_rcc.o(.text)
    HAL_RCC_GetPCLK1Freq                     0x080017af   Thumb Code    24  stm32f4xx_hal_rcc.o(.text)
    HAL_RCC_GetPCLK2Freq                     0x080017c7   Thumb Code    24  stm32f4xx_hal_rcc.o(.text)
    HAL_RCC_GetOscConfig                     0x080017df   Thumb Code   278  stm32f4xx_hal_rcc.o(.text)
    HAL_RCC_GetClockConfig                   0x080018f5   Thumb Code    66  stm32f4xx_hal_rcc.o(.text)
    HAL_RCC_CSSCallback                      0x08001937   Thumb Code     2  stm32f4xx_hal_rcc.o(.text)
    HAL_RCC_NMI_IRQHandler                   0x08001939   Thumb Code    30  stm32f4xx_hal_rcc.o(.text)
    HAL_I2C_Init                             0x08001963   Thumb Code   286  stm32f4xx_hal_i2c.o(.text)
    HAL_I2C_DeInit                           0x08001a83   Thumb Code    60  stm32f4xx_hal_i2c.o(.text)
    HAL_I2C_Master_Transmit                  0x08001d8d   Thumb Code   396  stm32f4xx_hal_i2c.o(.text)
    HAL_I2C_Master_Receive                   0x080020b1   Thumb Code   808  stm32f4xx_hal_i2c.o(.text)
    HAL_I2C_Slave_Transmit                   0x080023d9   Thumb Code   408  stm32f4xx_hal_i2c.o(.text)
    HAL_I2C_Slave_Receive                    0x080025c3   Thumb Code   410  stm32f4xx_hal_i2c.o(.text)
    HAL_I2C_Master_Transmit_IT               0x0800275d   Thumb Code   218  stm32f4xx_hal_i2c.o(.text)
    HAL_I2C_Master_Receive_IT                0x08002837   Thumb Code   230  stm32f4xx_hal_i2c.o(.text)
    HAL_I2C_Master_Sequential_Transmit_IT    0x0800291d   Thumb Code   266  stm32f4xx_hal_i2c.o(.text)
    HAL_I2C_Master_Sequential_Receive_IT     0x08002a27   Thumb Code   306  stm32f4xx_hal_i2c.o(.text)
    HAL_I2C_Slave_Transmit_IT                0x08002b59   Thumb Code   224  stm32f4xx_hal_i2c.o(.text)
    HAL_I2C_Slave_Receive_IT                 0x08002c39   Thumb Code   222  stm32f4xx_hal_i2c.o(.text)
    HAL_I2C_Slave_Sequential_Transmit_IT     0x08002d17   Thumb Code   154  stm32f4xx_hal_i2c.o(.text)
    HAL_I2C_Slave_Sequential_Receive_IT      0x08002db1   Thumb Code   154  stm32f4xx_hal_i2c.o(.text)
    HAL_I2C_EnableListen_IT                  0x08002e4b   Thumb Code    70  stm32f4xx_hal_i2c.o(.text)
    HAL_I2C_DisableListen_IT                 0x08002e91   Thumb Code    70  stm32f4xx_hal_i2c.o(.text)
    HAL_I2C_ErrorCallback                    0x08002ed7   Thumb Code     2  stm32f4xx_hal_i2c.o(.text)
    HAL_I2C_MasterRxCpltCallback             0x08002f15   Thumb Code     2  stm32f4xx_hal_i2c.o(.text)
    HAL_I2C_MemRxCpltCallback                0x08002f17   Thumb Code     2  stm32f4xx_hal_i2c.o(.text)
    HAL_I2C_Master_Transmit_DMA              0x08002fc9   Thumb Code   354  stm32f4xx_hal_i2c.o(.text)
    HAL_I2C_Master_Receive_DMA               0x0800312b   Thumb Code   354  stm32f4xx_hal_i2c.o(.text)
    HAL_I2C_ListenCpltCallback               0x0800328d   Thumb Code     2  stm32f4xx_hal_i2c.o(.text)
    HAL_I2C_AbortCpltCallback                0x0800328f   Thumb Code     2  stm32f4xx_hal_i2c.o(.text)
    HAL_I2C_Master_Abort_IT                  0x08003473   Thumb Code   110  stm32f4xx_hal_i2c.o(.text)
    HAL_I2C_Slave_Transmit_DMA               0x080034e1   Thumb Code   290  stm32f4xx_hal_i2c.o(.text)
    HAL_I2C_Slave_Receive_DMA                0x08003603   Thumb Code   290  stm32f4xx_hal_i2c.o(.text)
    HAL_I2C_Mem_Write                        0x080037ff   Thumb Code   408  stm32f4xx_hal_i2c.o(.text)
    HAL_I2C_Mem_Read                         0x08003aeb   Thumb Code   810  stm32f4xx_hal_i2c.o(.text)
    HAL_I2C_Mem_Write_IT                     0x08003e15   Thumb Code   228  stm32f4xx_hal_i2c.o(.text)
    HAL_I2C_Mem_Read_IT                      0x08003ef9   Thumb Code   244  stm32f4xx_hal_i2c.o(.text)
    HAL_I2C_Mem_Write_DMA                    0x08003fed   Thumb Code   386  stm32f4xx_hal_i2c.o(.text)
    HAL_I2C_Mem_Read_DMA                     0x0800416f   Thumb Code   510  stm32f4xx_hal_i2c.o(.text)
    HAL_I2C_IsDeviceReady                    0x0800436d   Thumb Code   448  stm32f4xx_hal_i2c.o(.text)
    HAL_I2C_SlaveRxCpltCallback              0x0800454b   Thumb Code     2  stm32f4xx_hal_i2c.o(.text)
    HAL_I2C_SlaveTxCpltCallback              0x080045b1   Thumb Code     2  stm32f4xx_hal_i2c.o(.text)
    HAL_I2C_AddrCallback                     0x08004705   Thumb Code     2  stm32f4xx_hal_i2c.o(.text)
    HAL_I2C_MasterTxCpltCallback             0x080048f7   Thumb Code     2  stm32f4xx_hal_i2c.o(.text)
    HAL_I2C_MemTxCpltCallback                0x080048f9   Thumb Code     2  stm32f4xx_hal_i2c.o(.text)
    HAL_I2C_EV_IRQHandler                    0x08004da3   Thumb Code   368  stm32f4xx_hal_i2c.o(.text)
    HAL_I2C_ER_IRQHandler                    0x08004fb1   Thumb Code   226  stm32f4xx_hal_i2c.o(.text)
    HAL_I2C_GetState                         0x08005093   Thumb Code     8  stm32f4xx_hal_i2c.o(.text)
    HAL_I2C_GetMode                          0x0800509b   Thumb Code     8  stm32f4xx_hal_i2c.o(.text)
    HAL_I2C_GetError                         0x080050a3   Thumb Code     6  stm32f4xx_hal_i2c.o(.text)
    HAL_NVIC_SetPriorityGrouping             0x080050d5   Thumb Code    36  stm32f4xx_hal_cortex.o(.text)
    HAL_NVIC_SetPriority                     0x080050f9   Thumb Code   124  stm32f4xx_hal_cortex.o(.text)
    HAL_NVIC_EnableIRQ                       0x08005175   Thumb Code    26  stm32f4xx_hal_cortex.o(.text)
    HAL_NVIC_DisableIRQ                      0x0800518f   Thumb Code    22  stm32f4xx_hal_cortex.o(.text)
    HAL_NVIC_SystemReset                     0x080051a5   Thumb Code    64  stm32f4xx_hal_cortex.o(.text)
    HAL_SYSTICK_Config                       0x080051e5   Thumb Code    52  stm32f4xx_hal_cortex.o(.text)
    HAL_MPU_Disable                          0x08005219   Thumb Code    42  stm32f4xx_hal_cortex.o(.text)
    HAL_MPU_Enable                           0x08005243   Thumb Code    60  stm32f4xx_hal_cortex.o(.text)
    HAL_MPU_ConfigRegion                     0x0800527f   Thumb Code    90  stm32f4xx_hal_cortex.o(.text)
    HAL_NVIC_GetPriorityGrouping             0x080052d9   Thumb Code     8  stm32f4xx_hal_cortex.o(.text)
    HAL_NVIC_GetPriority                     0x080052e1   Thumb Code   138  stm32f4xx_hal_cortex.o(.text)
    HAL_NVIC_SetPendingIRQ                   0x0800536b   Thumb Code    24  stm32f4xx_hal_cortex.o(.text)
    HAL_NVIC_GetPendingIRQ                   0x08005383   Thumb Code    38  stm32f4xx_hal_cortex.o(.text)
    HAL_NVIC_ClearPendingIRQ                 0x080053a9   Thumb Code    22  stm32f4xx_hal_cortex.o(.text)
    HAL_NVIC_GetActive                       0x080053bf   Thumb Code    38  stm32f4xx_hal_cortex.o(.text)
    HAL_SYSTICK_CLKSourceConfig              0x080053e5   Thumb Code    40  stm32f4xx_hal_cortex.o(.text)
    HAL_SYSTICK_Callback                     0x0800540d   Thumb Code     2  stm32f4xx_hal_cortex.o(.text)
    HAL_SYSTICK_IRQHandler                   0x0800540f   Thumb Code     8  stm32f4xx_hal_cortex.o(.text)
    HAL_PCD_Init                             0x0800543b   Thumb Code   322  stm32f4xx_hal_pcd.o(.text)
    HAL_PCD_Stop                             0x0800557f   Thumb Code    58  stm32f4xx_hal_pcd.o(.text)
    HAL_PCD_DeInit                           0x080055b9   Thumb Code    38  stm32f4xx_hal_pcd.o(.text)
    HAL_PCD_Start                            0x080055df   Thumb Code    52  stm32f4xx_hal_pcd.o(.text)
    HAL_PCD_IRQHandler                       0x080056cb   Thumb Code  1644  stm32f4xx_hal_pcd.o(.text)
    HAL_PCD_DevConnect                       0x08005d37   Thumb Code    46  stm32f4xx_hal_pcd.o(.text)
    HAL_PCD_DevDisconnect                    0x08005d65   Thumb Code    46  stm32f4xx_hal_pcd.o(.text)
    HAL_PCD_SetAddress                       0x08005d93   Thumb Code    50  stm32f4xx_hal_pcd.o(.text)
    HAL_PCD_EP_Open                          0x08005dc5   Thumb Code   140  stm32f4xx_hal_pcd.o(.text)
    HAL_PCD_EP_Close                         0x08005e51   Thumb Code   148  stm32f4xx_hal_pcd.o(.text)
    HAL_PCD_EP_Receive                       0x08005ee5   Thumb Code    88  stm32f4xx_hal_pcd.o(.text)
    HAL_PCD_EP_GetRxCount                    0x08005f3d   Thumb Code    24  stm32f4xx_hal_pcd.o(.text)
    HAL_PCD_EP_Transmit                      0x08005f55   Thumb Code    90  stm32f4xx_hal_pcd.o(.text)
    HAL_PCD_EP_SetStall                      0x08005faf   Thumb Code   122  stm32f4xx_hal_pcd.o(.text)
    HAL_PCD_EP_ClrStall                      0x08006029   Thumb Code   104  stm32f4xx_hal_pcd.o(.text)
    HAL_PCD_EP_Flush                         0x08006091   Thumb Code    68  stm32f4xx_hal_pcd.o(.text)
    HAL_PCD_ActivateRemoteWakeup             0x080060d5   Thumb Code    36  stm32f4xx_hal_pcd.o(.text)
    HAL_PCD_DeActivateRemoteWakeup           0x080060f9   Thumb Code    24  stm32f4xx_hal_pcd.o(.text)
    HAL_PCD_GetState                         0x08006111   Thumb Code     8  stm32f4xx_hal_pcd.o(.text)
    TIM_Base_SetConfig                       0x08006119   Thumb Code   184  stm32f4xx_hal_tim.o(.text)
    HAL_TIM_Base_Init                        0x080061d3   Thumb Code    52  stm32f4xx_hal_tim.o(.text)
    HAL_TIM_Base_DeInit                      0x08006209   Thumb Code    70  stm32f4xx_hal_tim.o(.text)
    HAL_TIM_Base_Start                       0x0800624f   Thumb Code    30  stm32f4xx_hal_tim.o(.text)
    HAL_TIM_Base_Stop                        0x0800626d   Thumb Code    56  stm32f4xx_hal_tim.o(.text)
    HAL_TIM_Base_Start_IT                    0x080062a5   Thumb Code    30  stm32f4xx_hal_tim.o(.text)
    HAL_TIM_Base_Stop_IT                     0x080062c3   Thumb Code    56  stm32f4xx_hal_tim.o(.text)
    HAL_TIM_ErrorCallback                    0x080062fb   Thumb Code     2  stm32f4xx_hal_tim.o(.text)
    TIM_DMAError                             0x080062fd   Thumb Code    20  stm32f4xx_hal_tim.o(.text)
    HAL_TIM_PeriodElapsedCallback            0x08006311   Thumb Code     2  stm32f4xx_hal_tim.o(.text)
    HAL_TIM_Base_Start_DMA                   0x08006327   Thumb Code    98  stm32f4xx_hal_tim.o(.text)
    HAL_TIM_Base_Stop_DMA                    0x08006389   Thumb Code    62  stm32f4xx_hal_tim.o(.text)
    HAL_TIM_OC_MspInit                       0x080063c7   Thumb Code     2  stm32f4xx_hal_tim.o(.text)
    HAL_TIM_OC_Init                          0x080063c9   Thumb Code    52  stm32f4xx_hal_tim.o(.text)
    HAL_TIM_OC_MspDeInit                     0x080063fd   Thumb Code     2  stm32f4xx_hal_tim.o(.text)
    HAL_TIM_OC_DeInit                        0x080063ff   Thumb Code    70  stm32f4xx_hal_tim.o(.text)
    TIM_CCxChannelCmd                        0x08006445   Thumb Code    28  stm32f4xx_hal_tim.o(.text)
    HAL_TIM_OC_Start                         0x08006461   Thumb Code    68  stm32f4xx_hal_tim.o(.text)
    HAL_TIM_OC_Stop                          0x080064a5   Thumb Code   170  stm32f4xx_hal_tim.o(.text)
    HAL_TIM_OC_Start_IT                      0x0800654f   Thumb Code   144  stm32f4xx_hal_tim.o(.text)
    HAL_TIM_OC_Stop_IT                       0x080065df   Thumb Code   196  stm32f4xx_hal_tim.o(.text)
    HAL_TIM_PWM_PulseFinishedCallback        0x080066a3   Thumb Code     2  stm32f4xx_hal_tim.o(.text)
    TIM_DMADelayPulseCplt                    0x080066a5   Thumb Code    70  stm32f4xx_hal_tim.o(.text)
    HAL_TIM_OC_Start_DMA                     0x080066eb   Thumb Code   312  stm32f4xx_hal_tim.o(.text)
    HAL_TIM_OC_Stop_DMA                      0x08006823   Thumb Code   202  stm32f4xx_hal_tim.o(.text)
    HAL_TIM_PWM_MspInit                      0x080068ed   Thumb Code     2  stm32f4xx_hal_tim.o(.text)
    HAL_TIM_PWM_Init                         0x080068ef   Thumb Code    52  stm32f4xx_hal_tim.o(.text)
    HAL_TIM_PWM_MspDeInit                    0x08006923   Thumb Code     2  stm32f4xx_hal_tim.o(.text)
    HAL_TIM_PWM_DeInit                       0x08006925   Thumb Code    70  stm32f4xx_hal_tim.o(.text)
    HAL_TIM_PWM_Start                        0x0800696b   Thumb Code    78  stm32f4xx_hal_tim.o(.text)
    HAL_TIM_PWM_Stop                         0x080069b9   Thumb Code   126  stm32f4xx_hal_tim.o(.text)
    HAL_TIM_PWM_Start_IT                     0x08006a37   Thumb Code   144  stm32f4xx_hal_tim.o(.text)
    HAL_TIM_PWM_Stop_IT                      0x08006ac7   Thumb Code   196  stm32f4xx_hal_tim.o(.text)
    HAL_TIM_PWM_Start_DMA                    0x08006b8b   Thumb Code   312  stm32f4xx_hal_tim.o(.text)
    HAL_TIM_PWM_Stop_DMA                     0x08006cc3   Thumb Code   202  stm32f4xx_hal_tim.o(.text)
    HAL_TIM_IC_MspInit                       0x08006d8d   Thumb Code     2  stm32f4xx_hal_tim.o(.text)
    HAL_TIM_IC_Init                          0x08006d8f   Thumb Code    62  stm32f4xx_hal_tim.o(.text)
    HAL_TIM_IC_MspDeInit                     0x08006dcd   Thumb Code     2  stm32f4xx_hal_tim.o(.text)
    HAL_TIM_IC_DeInit                        0x08006dcf   Thumb Code    70  stm32f4xx_hal_tim.o(.text)
    HAL_TIM_IC_Start                         0x08006e15   Thumb Code    32  stm32f4xx_hal_tim.o(.text)
    HAL_TIM_IC_Stop                          0x08006e35   Thumb Code    58  stm32f4xx_hal_tim.o(.text)
    HAL_TIM_IC_Start_IT                      0x08006e6f   Thumb Code   108  stm32f4xx_hal_tim.o(.text)
    HAL_TIM_IC_Stop_IT                       0x08006edb   Thumb Code   134  stm32f4xx_hal_tim.o(.text)
    HAL_TIM_IC_CaptureCallback               0x08006f61   Thumb Code     2  stm32f4xx_hal_tim.o(.text)
    TIM_DMACaptureCplt                       0x08006f63   Thumb Code    70  stm32f4xx_hal_tim.o(.text)
    HAL_TIM_IC_Start_DMA                     0x08006fa9   Thumb Code   276  stm32f4xx_hal_tim.o(.text)
    HAL_TIM_IC_Stop_DMA                      0x080070bd   Thumb Code   140  stm32f4xx_hal_tim.o(.text)
    HAL_TIM_OnePulse_MspInit                 0x08007149   Thumb Code     2  stm32f4xx_hal_tim.o(.text)
    HAL_TIM_OnePulse_Init                    0x0800714b   Thumb Code    76  stm32f4xx_hal_tim.o(.text)
    HAL_TIM_OnePulse_MspDeInit               0x08007197   Thumb Code     2  stm32f4xx_hal_tim.o(.text)
    HAL_TIM_OnePulse_DeInit                  0x08007199   Thumb Code    70  stm32f4xx_hal_tim.o(.text)
    HAL_TIM_OnePulse_Start                   0x080071df   Thumb Code    66  stm32f4xx_hal_tim.o(.text)
    HAL_TIM_OnePulse_Stop                    0x08007221   Thumb Code   130  stm32f4xx_hal_tim.o(.text)
    HAL_TIM_OnePulse_Start_IT                0x080072a3   Thumb Code    90  stm32f4xx_hal_tim.o(.text)
    HAL_TIM_OnePulse_Stop_IT                 0x080072fd   Thumb Code   154  stm32f4xx_hal_tim.o(.text)
    HAL_TIM_Encoder_MspInit                  0x08007397   Thumb Code     2  stm32f4xx_hal_tim.o(.text)
    HAL_TIM_Encoder_Init                     0x08007399   Thumb Code   180  stm32f4xx_hal_tim.o(.text)
    HAL_TIM_Encoder_MspDeInit                0x0800744d   Thumb Code     2  stm32f4xx_hal_tim.o(.text)
    HAL_TIM_Encoder_DeInit                   0x0800744f   Thumb Code    70  stm32f4xx_hal_tim.o(.text)
    HAL_TIM_Encoder_Start                    0x08007495   Thumb Code    78  stm32f4xx_hal_tim.o(.text)
    HAL_TIM_Encoder_Stop                     0x080074e3   Thumb Code   104  stm32f4xx_hal_tim.o(.text)
    HAL_TIM_Encoder_Start_IT                 0x0800754b   Thumb Code   126  stm32f4xx_hal_tim.o(.text)
    HAL_TIM_Encoder_Stop_IT                  0x080075c9   Thumb Code   160  stm32f4xx_hal_tim.o(.text)
    HAL_TIM_Encoder_Start_DMA                0x08007669   Thumb Code   328  stm32f4xx_hal_tim.o(.text)
    HAL_TIM_Encoder_Stop_DMA                 0x080077b1   Thumb Code   152  stm32f4xx_hal_tim.o(.text)
    HAL_TIM_TriggerCallback                  0x08007849   Thumb Code     2  stm32f4xx_hal_tim.o(.text)
    HAL_TIM_OC_DelayElapsedCallback          0x0800784b   Thumb Code     2  stm32f4xx_hal_tim.o(.text)
    HAL_TIM_IRQHandler                       0x0800784d   Thumb Code   406  stm32f4xx_hal_tim.o(.text)
    TIM_OC2_SetConfig                        0x08007ab5   Thumb Code   112  stm32f4xx_hal_tim.o(.text)
    HAL_TIM_OC_ConfigChannel                 0x08007b8b   Thumb Code   116  stm32f4xx_hal_tim.o(.text)
    TIM_TI1_SetConfig                        0x08007cb9   Thumb Code   122  stm32f4xx_hal_tim.o(.text)
    HAL_TIM_IC_ConfigChannel                 0x08007d33   Thumb Code   224  stm32f4xx_hal_tim.o(.text)
    HAL_TIM_PWM_ConfigChannel                0x08007e13   Thumb Code   294  stm32f4xx_hal_tim.o(.text)
    HAL_TIM_OnePulse_ConfigChannel           0x08007f39   Thumb Code   286  stm32f4xx_hal_tim.o(.text)
    HAL_TIM_DMABurst_WriteStart              0x0800806b   Thumb Code   366  stm32f4xx_hal_tim.o(.text)
    HAL_TIM_DMABurst_WriteStop               0x080081d9   Thumb Code   128  stm32f4xx_hal_tim.o(.text)
    HAL_TIM_DMABurst_ReadStart               0x08008259   Thumb Code   366  stm32f4xx_hal_tim.o(.text)
    HAL_TIM_DMABurst_ReadStop                0x080083c7   Thumb Code   128  stm32f4xx_hal_tim.o(.text)
    HAL_TIM_GenerateEvent                    0x08008447   Thumb Code    54  stm32f4xx_hal_tim.o(.text)
    HAL_TIM_ConfigOCrefClear                 0x08008495   Thumb Code   252  stm32f4xx_hal_tim.o(.text)
    HAL_TIM_ConfigClockSource                0x080085fb   Thumb Code   306  stm32f4xx_hal_tim.o(.text)
    HAL_TIM_ConfigTI1Input                   0x0800872d   Thumb Code    24  stm32f4xx_hal_tim.o(.text)
    HAL_TIM_SlaveConfigSynchronization       0x080087e9   Thumb Code    86  stm32f4xx_hal_tim.o(.text)
    HAL_TIM_SlaveConfigSynchronization_IT    0x0800883f   Thumb Code    86  stm32f4xx_hal_tim.o(.text)
    HAL_TIM_ReadCapturedValue                0x08008895   Thumb Code    84  stm32f4xx_hal_tim.o(.text)
    HAL_TIM_Base_GetState                    0x080088e9   Thumb Code     8  stm32f4xx_hal_tim.o(.text)
    HAL_TIM_OC_GetState                      0x080088f1   Thumb Code     8  stm32f4xx_hal_tim.o(.text)
    HAL_TIM_PWM_GetState                     0x080088f9   Thumb Code     8  stm32f4xx_hal_tim.o(.text)
    HAL_TIM_IC_GetState                      0x08008901   Thumb Code     8  stm32f4xx_hal_tim.o(.text)
    HAL_TIM_OnePulse_GetState                0x08008909   Thumb Code     8  stm32f4xx_hal_tim.o(.text)
    HAL_TIM_Encoder_GetState                 0x08008911   Thumb Code     8  stm32f4xx_hal_tim.o(.text)
    HAL_TIMEx_HallSensor_MspInit             0x08008919   Thumb Code     2  stm32f4xx_hal_tim_ex.o(.text)
    HAL_TIMEx_HallSensor_Init                0x0800891b   Thumb Code   196  stm32f4xx_hal_tim_ex.o(.text)
    HAL_TIMEx_HallSensor_MspDeInit           0x080089df   Thumb Code     2  stm32f4xx_hal_tim_ex.o(.text)
    HAL_TIMEx_HallSensor_DeInit              0x080089e1   Thumb Code    70  stm32f4xx_hal_tim_ex.o(.text)
    HAL_TIMEx_HallSensor_Start               0x08008a27   Thumb Code    30  stm32f4xx_hal_tim_ex.o(.text)
    HAL_TIMEx_HallSensor_Stop                0x08008a45   Thumb Code    56  stm32f4xx_hal_tim_ex.o(.text)
    HAL_TIMEx_HallSensor_Start_IT            0x08008a7d   Thumb Code    42  stm32f4xx_hal_tim_ex.o(.text)
    HAL_TIMEx_HallSensor_Stop_IT             0x08008aa7   Thumb Code    68  stm32f4xx_hal_tim_ex.o(.text)
    HAL_TIMEx_HallSensor_Start_DMA           0x08008aeb   Thumb Code   106  stm32f4xx_hal_tim_ex.o(.text)
    HAL_TIMEx_HallSensor_Stop_DMA            0x08008b55   Thumb Code    68  stm32f4xx_hal_tim_ex.o(.text)
    HAL_TIMEx_OCN_Start                      0x08008bb5   Thumb Code    44  stm32f4xx_hal_tim_ex.o(.text)
    HAL_TIMEx_OCN_Stop                       0x08008be1   Thumb Code    96  stm32f4xx_hal_tim_ex.o(.text)
    HAL_TIMEx_OCN_Start_IT                   0x08008c41   Thumb Code   132  stm32f4xx_hal_tim_ex.o(.text)
    HAL_TIMEx_OCN_Stop_IT                    0x08008cc5   Thumb Code   196  stm32f4xx_hal_tim_ex.o(.text)
    HAL_TIMEx_OCN_Start_DMA                  0x08008d89   Thumb Code   272  stm32f4xx_hal_tim_ex.o(.text)
    HAL_TIMEx_OCN_Stop_DMA                   0x08008e99   Thumb Code   192  stm32f4xx_hal_tim_ex.o(.text)
    HAL_TIMEx_PWMN_Start                     0x08008f59   Thumb Code    44  stm32f4xx_hal_tim_ex.o(.text)
    HAL_TIMEx_PWMN_Stop                      0x08008f85   Thumb Code    96  stm32f4xx_hal_tim_ex.o(.text)
    HAL_TIMEx_PWMN_Start_IT                  0x08008fe5   Thumb Code   132  stm32f4xx_hal_tim_ex.o(.text)
    HAL_TIMEx_PWMN_Stop_IT                   0x08009069   Thumb Code   196  stm32f4xx_hal_tim_ex.o(.text)
    HAL_TIMEx_PWMN_Start_DMA                 0x0800912d   Thumb Code   272  stm32f4xx_hal_tim_ex.o(.text)
    HAL_TIMEx_PWMN_Stop_DMA                  0x0800923d   Thumb Code   178  stm32f4xx_hal_tim_ex.o(.text)
    HAL_TIMEx_OnePulseN_Start                0x080092ef   Thumb Code    32  stm32f4xx_hal_tim_ex.o(.text)
    HAL_TIMEx_OnePulseN_Stop                 0x0800930f   Thumb Code    96  stm32f4xx_hal_tim_ex.o(.text)
    HAL_TIMEx_OnePulseN_Start_IT             0x0800936f   Thumb Code    56  stm32f4xx_hal_tim_ex.o(.text)
    HAL_TIMEx_OnePulseN_Stop_IT              0x080093a7   Thumb Code   120  stm32f4xx_hal_tim_ex.o(.text)
    HAL_TIMEx_ConfigCommutationEvent         0x0800941f   Thumb Code   110  stm32f4xx_hal_tim_ex.o(.text)
    HAL_TIMEx_ConfigCommutationEvent_IT      0x0800948d   Thumb Code   122  stm32f4xx_hal_tim_ex.o(.text)
    HAL_TIMEx_CommutationCallback            0x08009507   Thumb Code     2  stm32f4xx_hal_tim_ex.o(.text)
    TIMEx_DMACommutationCplt                 0x08009509   Thumb Code    20  stm32f4xx_hal_tim_ex.o(.text)
    HAL_TIMEx_ConfigCommutationEvent_DMA     0x0800951d   Thumb Code   146  stm32f4xx_hal_tim_ex.o(.text)
    HAL_TIMEx_MasterConfigSynchronization    0x080095af   Thumb Code    98  stm32f4xx_hal_tim_ex.o(.text)
    HAL_TIMEx_ConfigBreakDeadTime            0x08009611   Thumb Code   126  stm32f4xx_hal_tim_ex.o(.text)
    HAL_TIMEx_RemapConfig                    0x0800968f   Thumb Code    48  stm32f4xx_hal_tim_ex.o(.text)
    HAL_TIMEx_BreakCallback                  0x080096bf   Thumb Code     2  stm32f4xx_hal_tim_ex.o(.text)
    HAL_TIMEx_HallSensor_GetState            0x080096c1   Thumb Code     8  stm32f4xx_hal_tim_ex.o(.text)
    USB_CoreInit                             0x08009713   Thumb Code   108  stm32f4xx_ll_usb.o(.text)
    USB_EnableGlobalInt                      0x0800977f   Thumb Code    14  stm32f4xx_ll_usb.o(.text)
    USB_DisableGlobalInt                     0x0800978d   Thumb Code    14  stm32f4xx_ll_usb.o(.text)
    USB_SetCurrentMode                       0x0800979b   Thumb Code    48  stm32f4xx_ll_usb.o(.text)
    USB_FlushRxFifo                          0x080097cb   Thumb Code    38  stm32f4xx_ll_usb.o(.text)
    USB_FlushTxFifo                          0x080097f1   Thumb Code    44  stm32f4xx_ll_usb.o(.text)
    USB_SetDevSpeed                          0x0800981d   Thumb Code    16  stm32f4xx_ll_usb.o(.text)
    USB_DevInit                              0x0800982d   Thumb Code   398  stm32f4xx_ll_usb.o(.text)
    USB_GetDevSpeed                          0x080099bb   Thumb Code    68  stm32f4xx_ll_usb.o(.text)
    USB_ActivateEndpoint                     0x080099ff   Thumb Code   222  stm32f4xx_ll_usb.o(.text)
    USB_ActivateDedicatedEndpoint            0x08009add   Thumb Code   276  stm32f4xx_ll_usb.o(.text)
    USB_DeactivateEndpoint                   0x08009bf1   Thumb Code   258  stm32f4xx_ll_usb.o(.text)
    USB_DeactivateDedicatedEndpoint          0x08009cf3   Thumb Code   258  stm32f4xx_ll_usb.o(.text)
    USB_WritePacket                          0x08009df5   Thumb Code    48  stm32f4xx_ll_usb.o(.text)
    USB_EPStartXfer                          0x08009e25   Thumb Code   732  stm32f4xx_ll_usb.o(.text)
    USB_EP0StartXfer                         0x0800a101   Thumb Code   422  stm32f4xx_ll_usb.o(.text)
    USB_ReadPacket                           0x0800a2a7   Thumb Code    34  stm32f4xx_ll_usb.o(.text)
    USB_EPSetStall                           0x0800a2c9   Thumb Code   140  stm32f4xx_ll_usb.o(.text)
    USB_EPClearStall                         0x0800a355   Thumb Code   140  stm32f4xx_ll_usb.o(.text)
    USB_StopDevice                           0x0800a3e1   Thumb Code    82  stm32f4xx_ll_usb.o(.text)
    USB_SetDevAddress                        0x0800a433   Thumb Code    36  stm32f4xx_ll_usb.o(.text)
    USB_DevConnect                           0x0800a457   Thumb Code    30  stm32f4xx_ll_usb.o(.text)
    USB_DevDisconnect                        0x0800a475   Thumb Code    30  stm32f4xx_ll_usb.o(.text)
    USB_ReadInterrupts                       0x0800a493   Thumb Code    12  stm32f4xx_ll_usb.o(.text)
    USB_ReadDevAllOutEpInterrupt             0x0800a49f   Thumb Code    18  stm32f4xx_ll_usb.o(.text)
    USB_ReadDevAllInEpInterrupt              0x0800a4b1   Thumb Code    18  stm32f4xx_ll_usb.o(.text)
    USB_ReadDevOutEPInterrupt                0x0800a4c3   Thumb Code    22  stm32f4xx_ll_usb.o(.text)
    USB_ReadDevInEPInterrupt                 0x0800a4d9   Thumb Code    44  stm32f4xx_ll_usb.o(.text)
    USB_ClearInterrupts                      0x0800a505   Thumb Code     8  stm32f4xx_ll_usb.o(.text)
    USB_GetMode                              0x0800a50d   Thumb Code    10  stm32f4xx_ll_usb.o(.text)
    USB_ActivateSetup                        0x0800a517   Thumb Code    68  stm32f4xx_ll_usb.o(.text)
    USB_EP0_OutStart                         0x0800a55b   Thumb Code    68  stm32f4xx_ll_usb.o(.text)
    USB_DriveVbus                            0x0800a59f   Thumb Code    68  stm32f4xx_ll_usb.o(.text)
    USB_HostInit                             0x0800a5e3   Thumb Code   214  stm32f4xx_ll_usb.o(.text)
    USB_InitFSLSPClkSel                      0x0800a6b9   Thumb Code    62  stm32f4xx_ll_usb.o(.text)
    USB_ResetPort                            0x0800a6f7   Thumb Code    48  stm32f4xx_ll_usb.o(.text)
    USB_GetHostSpeed                         0x0800a727   Thumb Code    18  stm32f4xx_ll_usb.o(.text)
    USB_GetCurrentFrame                      0x0800a739   Thumb Code    12  stm32f4xx_ll_usb.o(.text)
    USB_HC_Init                              0x0800a745   Thumb Code   392  stm32f4xx_ll_usb.o(.text)
    USB_DoPing                               0x0800a8cd   Thumb Code    60  stm32f4xx_ll_usb.o(.text)
    USB_HC_StartXfer                         0x0800a909   Thumb Code   412  stm32f4xx_ll_usb.o(.text)
    USB_HC_ReadInterrupt                     0x0800aaa5   Thumb Code    12  stm32f4xx_ll_usb.o(.text)
    USB_HC_Halt                              0x0800aab1   Thumb Code   328  stm32f4xx_ll_usb.o(.text)
    USB_StopHost                             0x0800abf9   Thumb Code   174  stm32f4xx_ll_usb.o(.text)
    Reorientation_by_quaternion              0x0800aca9   Thumb Code   964  reorientation.o(.text)
    SystemInit                               0x0800b089   Thumb Code    82  system_stm32f4xx.o(.text)
    SystemCoreClockUpdate                    0x0800b0db   Thumb Code   174  system_stm32f4xx.o(.text)
    USBD_CtlError                            0x0800b1a9   Thumb Code    24  usbd_ctlreq.o(.text)
    USBD_StdDevReq                           0x0800b533   Thumb Code   114  usbd_ctlreq.o(.text)
    USBD_StdItfReq                           0x0800b5a5   Thumb Code    74  usbd_ctlreq.o(.text)
    USBD_StdEPReq                            0x0800b5ef   Thumb Code   346  usbd_ctlreq.o(.text)
    USBD_ParseSetupRequest                   0x0800b749   Thumb Code    40  usbd_ctlreq.o(.text)
    USBD_GetString                           0x0800b785   Thumb Code    82  usbd_ctlreq.o(.text)
    USBD_HID_SendReport                      0x0800b90b   Thumb Code    48  usbd_hid.o(.text)
    USBD_HID_GetPollingInterval              0x0800b93b   Thumb Code    16  usbd_hid.o(.text)
    USBD_Init                                0x0800b97d   Thumb Code    50  usbd_core.o(.text)
    USBD_DeInit                              0x0800b9af   Thumb Code    38  usbd_core.o(.text)
    USBD_RegisterClass                       0x0800b9d5   Thumb Code    16  usbd_core.o(.text)
    USBD_Start                               0x0800b9e5   Thumb Code    14  usbd_core.o(.text)
    USBD_Stop                                0x0800b9f3   Thumb Code    26  usbd_core.o(.text)
    USBD_RunTestMode                         0x0800ba0d   Thumb Code     6  usbd_core.o(.text)
    USBD_SetClassConfig                      0x0800ba13   Thumb Code    34  usbd_core.o(.text)
    USBD_ClrClassConfig                      0x0800ba35   Thumb Code    22  usbd_core.o(.text)
    USBD_LL_SetupStage                       0x0800ba4b   Thumb Code   110  usbd_core.o(.text)
    USBD_LL_DataOutStage                     0x0800bab9   Thumb Code   134  usbd_core.o(.text)
    USBD_LL_DataInStage                      0x0800bb3f   Thumb Code   218  usbd_core.o(.text)
    USBD_LL_Reset                            0x0800bc19   Thumb Code    68  usbd_core.o(.text)
    USBD_LL_SetSpeed                         0x0800bc5d   Thumb Code     8  usbd_core.o(.text)
    USBD_LL_Suspend                          0x0800bc65   Thumb Code    20  usbd_core.o(.text)
    USBD_LL_Resume                           0x0800bc79   Thumb Code    14  usbd_core.o(.text)
    USBD_LL_SOF                              0x0800bc87   Thumb Code    34  usbd_core.o(.text)
    USBD_LL_IsoINIncomplete                  0x0800bca9   Thumb Code     6  usbd_core.o(.text)
    USBD_LL_IsoOUTIncomplete                 0x0800bcaf   Thumb Code     6  usbd_core.o(.text)
    USBD_LL_DevConnected                     0x0800bcb5   Thumb Code     6  usbd_core.o(.text)
    USBD_LL_DevDisconnected                  0x0800bcbb   Thumb Code    26  usbd_core.o(.text)
    USBD_CtlSendData                         0x0800bcd5   Thumb Code    34  usbd_ioreq.o(.text)
    USBD_CtlContinueSendData                 0x0800bcf7   Thumb Code    24  usbd_ioreq.o(.text)
    USBD_CtlPrepareRx                        0x0800bd0f   Thumb Code    40  usbd_ioreq.o(.text)
    USBD_CtlContinueRx                       0x0800bd37   Thumb Code    24  usbd_ioreq.o(.text)
    USBD_CtlSendStatus                       0x0800bd4f   Thumb Code    26  usbd_ioreq.o(.text)
    USBD_CtlReceiveStatus                    0x0800bd69   Thumb Code    26  usbd_ioreq.o(.text)
    USBD_GetRxCount                          0x0800bd83   Thumb Code    18  usbd_ioreq.o(.text)
    HAL_MspInit                              0x0800bd95   Thumb Code    86  stm32f4xx_hal_msp.o(.text)
    HAL_I2C_MspInit                          0x0800bdeb   Thumb Code    78  stm32f4xx_hal_msp.o(.text)
    HAL_I2C_MspDeInit                        0x0800be39   Thumb Code    34  stm32f4xx_hal_msp.o(.text)
    HAL_TIM_Base_MspInit                     0x0800be5b   Thumb Code   108  stm32f4xx_hal_msp.o(.text)
    HAL_TIM_Base_MspDeInit                   0x0800bec7   Thumb Code    58  stm32f4xx_hal_msp.o(.text)
    USBD_FS_DeviceDescriptor                 0x0800bf11   Thumb Code    10  usbd_desc.o(.text)
    USBD_FS_LangIDStrDescriptor              0x0800bf1b   Thumb Code    10  usbd_desc.o(.text)
    USBD_FS_ProductStrDescriptor             0x0800bf25   Thumb Code    34  usbd_desc.o(.text)
    USBD_FS_ManufacturerStrDescriptor        0x0800bf47   Thumb Code    20  usbd_desc.o(.text)
    USBD_FS_SerialStrDescriptor              0x0800bf5b   Thumb Code    34  usbd_desc.o(.text)
    USBD_FS_ConfigStrDescriptor              0x0800bf7d   Thumb Code    34  usbd_desc.o(.text)
    USBD_FS_InterfaceStrDescriptor           0x0800bf9f   Thumb Code    34  usbd_desc.o(.text)
    _Error_Handler                           0x0800c025   Thumb Code     4  main.o(.text)
    SystemClock_Config                       0x0800c1fd   Thumb Code   200  main.o(.text)
    main                                     0x0800c2c5   Thumb Code    70  main.o(.text)
    MX_USB_DEVICE_Init                       0x0800c345   Thumb Code    28  usb_device.o(.text)
    NMI_Handler                              0x0800c36d   Thumb Code     2  stm32f4xx_it.o(.text)
    HardFault_Handler                        0x0800c36f   Thumb Code     4  stm32f4xx_it.o(.text)
    MemManage_Handler                        0x0800c373   Thumb Code     4  stm32f4xx_it.o(.text)
    BusFault_Handler                         0x0800c377   Thumb Code     4  stm32f4xx_it.o(.text)
    UsageFault_Handler                       0x0800c37b   Thumb Code     4  stm32f4xx_it.o(.text)
    SVC_Handler                              0x0800c37f   Thumb Code     2  stm32f4xx_it.o(.text)
    DebugMon_Handler                         0x0800c381   Thumb Code     2  stm32f4xx_it.o(.text)
    PendSV_Handler                           0x0800c383   Thumb Code     2  stm32f4xx_it.o(.text)
    SysTick_Handler                          0x0800c385   Thumb Code    12  stm32f4xx_it.o(.text)
    KalmanFilterSimple1D                     0x0800c59b   Thumb Code   134  stm32f4xx_it.o(.text)
    getMagnetAngles                          0x0800c621   Thumb Code   152  stm32f4xx_it.o(.text)
    Heading                                  0x0800c6b9   Thumb Code   634  stm32f4xx_it.o(.text)
    Final                                    0x0800c933   Thumb Code   246  stm32f4xx_it.o(.text)
    get_Z_Rotation                           0x0800ca29   Thumb Code   416  stm32f4xx_it.o(.text)
    get_Y_Rotation                           0x0800cbc9   Thumb Code   142  stm32f4xx_it.o(.text)
    get_X_Rotation                           0x0800cc57   Thumb Code   504  stm32f4xx_it.o(.text)
    convertGyroData                          0x0800ce4f   Thumb Code    22  stm32f4xx_it.o(.text)
    convertTempData                          0x0800ce65   Thumb Code    68  stm32f4xx_it.o(.text)
    convertAccData                           0x0800cea9   Thumb Code    30  stm32f4xx_it.o(.text)
    convertMagnetData                        0x0800cec7   Thumb Code    36  stm32f4xx_it.o(.text)
    TIM1_UP_TIM10_IRQHandler                 0x0800ceeb   Thumb Code   996  stm32f4xx_it.o(.text)
    OTG_FS_IRQHandler                        0x0800d2cf   Thumb Code    10  stm32f4xx_it.o(.text)
    getLength                                0x0800d325   Thumb Code    18  stm32f4xx_it.o(.text)
    HAL_PCD_MspInit                          0x0800d381   Thumb Code   116  usbd_conf.o(.text)
    HAL_PCD_MspDeInit                        0x0800d3f5   Thumb Code    42  usbd_conf.o(.text)
    HAL_PCD_SetupStageCallback               0x0800d41f   Thumb Code    18  usbd_conf.o(.text)
    HAL_PCD_DataOutStageCallback             0x0800d431   Thumb Code    32  usbd_conf.o(.text)
    HAL_PCD_DataInStageCallback              0x0800d451   Thumb Code    32  usbd_conf.o(.text)
    HAL_PCD_SOFCallback                      0x0800d471   Thumb Code    14  usbd_conf.o(.text)
    HAL_PCD_ResetCallback                    0x0800d47f   Thumb Code    50  usbd_conf.o(.text)
    HAL_PCD_SuspendCallback                  0x0800d4b1   Thumb Code    46  usbd_conf.o(.text)
    HAL_PCD_ResumeCallback                   0x0800d4df   Thumb Code    14  usbd_conf.o(.text)
    HAL_PCD_ISOOUTIncompleteCallback         0x0800d4ed   Thumb Code    18  usbd_conf.o(.text)
    HAL_PCD_ISOINIncompleteCallback          0x0800d4ff   Thumb Code    18  usbd_conf.o(.text)
    HAL_PCD_ConnectCallback                  0x0800d511   Thumb Code    14  usbd_conf.o(.text)
    HAL_PCD_DisconnectCallback               0x0800d51f   Thumb Code    14  usbd_conf.o(.text)
    USBD_LL_Init                             0x0800d52d   Thumb Code   108  usbd_conf.o(.text)
    USBD_LL_DeInit                           0x0800d599   Thumb Code    60  usbd_conf.o(.text)
    USBD_LL_Start                            0x0800d5d5   Thumb Code    60  usbd_conf.o(.text)
    USBD_LL_Stop                             0x0800d611   Thumb Code    60  usbd_conf.o(.text)
    USBD_LL_OpenEP                           0x0800d64d   Thumb Code    98  usbd_conf.o(.text)
    USBD_LL_CloseEP                          0x0800d6af   Thumb Code    68  usbd_conf.o(.text)
    USBD_LL_FlushEP                          0x0800d6f3   Thumb Code    68  usbd_conf.o(.text)
    USBD_LL_StallEP                          0x0800d737   Thumb Code    68  usbd_conf.o(.text)
    USBD_LL_ClearStallEP                     0x0800d77b   Thumb Code   106  usbd_conf.o(.text)
    USBD_LL_IsStallEP                        0x0800d7e5   Thumb Code    56  usbd_conf.o(.text)
    USBD_LL_SetUSBAddress                    0x0800d81d   Thumb Code    68  usbd_conf.o(.text)
    USBD_LL_Transmit                         0x0800d861   Thumb Code    98  usbd_conf.o(.text)
    USBD_LL_PrepareReceive                   0x0800d8c3   Thumb Code    98  usbd_conf.o(.text)
    USBD_LL_GetRxDataSize                    0x0800d925   Thumb Code    18  usbd_conf.o(.text)
    USBD_LL_Delay                            0x0800d937   Thumb Code    12  usbd_conf.o(.text)
    I2C_BufferRead                           0x0800d945   Thumb Code    32  mpu6050.o(.text)
    GetRawAcc                                0x0800d965   Thumb Code    96  mpu6050.o(.text)
    GetTemp                                  0x0800d9c5   Thumb Code    46  mpu6050.o(.text)
    GetRawGyro                               0x0800d9f3   Thumb Code    70  mpu6050.o(.text)
    GetRawMagnet                             0x0800da39   Thumb Code    70  mpu6050.o(.text)
    ReadStatusReg                            0x0800da7f   Thumb Code    30  mpu6050.o(.text)
    GetSensivityMagnet                       0x0800da9d   Thumb Code    40  mpu6050.o(.text)
    I2C_ByteWrite                            0x0800dac5   Thumb Code    32  mpu6050.o(.text)
    WriteBits                                0x0800dae5   Thumb Code    94  mpu6050.o(.text)
    SetBandwidthGyro                         0x0800db43   Thumb Code    20  mpu6050.o(.text)
    SetBandwidthAccel                        0x0800db57   Thumb Code    20  mpu6050.o(.text)
    WriteBit                                 0x0800db6b   Thumb Code    76  mpu6050.o(.text)
    SetSleepModeStatus                       0x0800dbb7   Thumb Code    18  mpu6050.o(.text)
    SetFullScaleGyroRange                    0x0800dbc9   Thumb Code    20  mpu6050.o(.text)
    SetFullScaleAccelRange                   0x0800dbdd   Thumb Code    20  mpu6050.o(.text)
    SetClockSource                           0x0800dbf1   Thumb Code    20  mpu6050.o(.text)
    Initialize                               0x0800dc05   Thumb Code   168  mpu6050.o(.text)
    SetModeStatus                            0x0800dcad   Thumb Code    18  mpu6050.o(.text)
    ReadBits                                 0x0800dcbf   Thumb Code    88  mpu6050.o(.text)
    __aeabi_uldivmod                         0x0800dd21   Thumb Code    98  uldiv.o(.text)
    __aeabi_memcpy                           0x0800dd83   Thumb Code    36  memcpya.o(.text)
    __aeabi_memcpy4                          0x0800dd83   Thumb Code     0  memcpya.o(.text)
    __aeabi_memcpy8                          0x0800dd83   Thumb Code     0  memcpya.o(.text)
    __aeabi_dadd                             0x0800dda7   Thumb Code   322  dadd.o(.text)
    __aeabi_dsub                             0x0800dee9   Thumb Code     6  dadd.o(.text)
    __aeabi_drsub                            0x0800deef   Thumb Code     6  dadd.o(.text)
    __aeabi_dmul                             0x0800def5   Thumb Code   228  dmul.o(.text)
    __aeabi_ddiv                             0x0800dfd9   Thumb Code   222  ddiv.o(.text)
    __aeabi_i2d                              0x0800e0b7   Thumb Code    34  dflti.o(.text)
    __aeabi_ui2d                             0x0800e0d9   Thumb Code    26  dfltui.o(.text)
    __aeabi_d2iz                             0x0800e0f3   Thumb Code    62  dfixi.o(.text)
    __aeabi_f2d                              0x0800e131   Thumb Code    38  f2d.o(.text)
    __aeabi_d2f                              0x0800e157   Thumb Code    56  d2f.o(.text)
    __aeabi_llsl                             0x0800e18f   Thumb Code    30  llshl.o(.text)
    _ll_shift_l                              0x0800e18f   Thumb Code     0  llshl.o(.text)
    __aeabi_llsr                             0x0800e1ad   Thumb Code    32  llushr.o(.text)
    _ll_ushift_r                             0x0800e1ad   Thumb Code     0  llushr.o(.text)
    __aeabi_lasr                             0x0800e1cd   Thumb Code    36  llsshr.o(.text)
    _ll_sshift_r                             0x0800e1cd   Thumb Code     0  llsshr.o(.text)
    __I$use$fp                               0x0800e1f1   Thumb Code     0  iusefp.o(.text)
    _float_round                             0x0800e1f1   Thumb Code    18  fepilogue.o(.text)
    _float_epilogue                          0x0800e203   Thumb Code    92  fepilogue.o(.text)
    _double_round                            0x0800e25f   Thumb Code    30  depilogue.o(.text)
    _double_epilogue                         0x0800e27d   Thumb Code   156  depilogue.o(.text)
    _dsqrt                                   0x0800e319   Thumb Code   162  dsqrt.o(.text)
    __scatterload                            0x0800e3bd   Thumb Code    28  init.o(.text)
    __scatterload_rt2                        0x0800e3bd   Thumb Code     0  init.o(.text)
    __decompress                             0x0800e3e1   Thumb Code     0  __dczerorl2.o(.text)
    __decompress1                            0x0800e3e1   Thumb Code    86  __dczerorl2.o(.text)
    __ARM_fpclassify                         0x0800e437   Thumb Code    48  fpclassify.o(i.__ARM_fpclassify)
    __hardfp_acos                            0x0800e469   Thumb Code   738  acos.o(i.__hardfp_acos)
    __hardfp_atan                            0x0800e7c1   Thumb Code   622  atan.o(i.__hardfp_atan)
    __hardfp_atan2                           0x0800ea99   Thumb Code   432  atan2.o(i.__hardfp_atan2)
    __hardfp_copysign                        0x0800ec89   Thumb Code    32  copysign.o(i.__hardfp_copysign)
    __hardfp_cos                             0x0800eca9   Thumb Code   180  cos.o(i.__hardfp_cos)
    __hardfp_sin                             0x0800ed71   Thumb Code   180  sin.o(i.__hardfp_sin)
    __hardfp_sqrt                            0x0800ee39   Thumb Code   122  sqrt.o(i.__hardfp_sqrt)
    __ieee754_rem_pio2                       0x0800eeb9   Thumb Code   938  rred.o(i.__ieee754_rem_pio2)
    __kernel_cos                             0x0800f2f1   Thumb Code   322  cos_i.o(i.__kernel_cos)
    __kernel_poly                            0x0800f461   Thumb Code   248  poly.o(i.__kernel_poly)
    __kernel_sin                             0x0800f559   Thumb Code   280  sin_i.o(i.__kernel_sin)
    __mathlib_dbl_infnan                     0x0800f689   Thumb Code    20  dunder.o(i.__mathlib_dbl_infnan)
    __mathlib_dbl_infnan2                    0x0800f69d   Thumb Code    20  dunder.o(i.__mathlib_dbl_infnan2)
    __mathlib_dbl_invalid                    0x0800f6b1   Thumb Code    24  dunder.o(i.__mathlib_dbl_invalid)
    __mathlib_dbl_underflow                  0x0800f6d1   Thumb Code    24  dunder.o(i.__mathlib_dbl_underflow)
    __scatterload_copy                       0x0800f6f1   Thumb Code    14  handlers.o(i.__scatterload_copy)
    __scatterload_null                       0x0800f6ff   Thumb Code     2  handlers.o(i.__scatterload_null)
    __scatterload_zeroinit                   0x0800f701   Thumb Code    14  handlers.o(i.__scatterload_zeroinit)
    __set_errno                              0x0800f711   Thumb Code     6  errno.o(i.__set_errno)
    atan                                     0x0800f71d   Thumb Code    16  atan.o(i.atan)
    __softfp_copysign                        0x0800f72d   Thumb Code     0  copysign.o(i.copysign)
    copysign                                 0x0800f72d   Thumb Code    24  copysign.o(i.copysign)
    fabs                                     0x0800f745   Thumb Code    24  fabs.o(i.fabs)
    free                                     0x0800f75d   Thumb Code    76  malloc.o(i.free)
    malloc                                   0x0800f7ad   Thumb Code    92  malloc.o(i.malloc)
    sqrt                                     0x0800f819   Thumb Code   110  sqrt.o(i.sqrt)
    AHBPrescTable                            0x0800f88e   Data          16  system_stm32f4xx.o(.constdata)
    APBPrescTable                            0x0800f89e   Data           8  system_stm32f4xx.o(.constdata)
    __mathlib_zero                           0x0800f9c0   Data           8  qnan.o(.constdata)
    Region$$Table$$Base                      0x0800fab8   Number         0  anon$$obj.o(Region$$Table)
    Region$$Table$$Limit                     0x0800fad8   Number         0  anon$$obj.o(Region$$Table)
    uwTick                                   0x20000000   Data           4  stm32f4xx_hal.o(.data)
    uwTickPrio                               0x20000004   Data           4  stm32f4xx_hal.o(.data)
    uwTickFreq                               0x20000008   Data           1  stm32f4xx_hal.o(.data)
    q0                                       0x20000010   Data           4  reorientation.o(.data)
    q1                                       0x20000014   Data           4  reorientation.o(.data)
    q2                                       0x20000018   Data           4  reorientation.o(.data)
    q3                                       0x2000001c   Data           4  reorientation.o(.data)
    SystemCoreClock                          0x20000024   Data           4  system_stm32f4xx.o(.data)
    USBD_HID                                 0x2000002c   Data          56  usbd_hid.o(.data)
    FS_Desc                                  0x200000ec   Data          28  usbd_desc.o(.data)
    USBD_FS_DeviceDesc                       0x20000108   Data          18  usbd_desc.o(.data)
    USBD_LangIDDesc                          0x2000011c   Data           4  usbd_desc.o(.data)
    GyroData                                 0x20000120   Data           8  main.o(.data)
    MagnetData                               0x20000128   Data           6  main.o(.data)
    Status                                   0x2000012e   Data           1  main.o(.data)
    HID_Buffer                               0x20000130   Data           4  stm32f4xx_it.o(.data)
    MagnetSens                               0x20000134   Data           3  stm32f4xx_it.o(.data)
    Kf_X                                     0x20000138   Data           8  stm32f4xx_it.o(.data)
    Kf_Y                                     0x20000140   Data           8  stm32f4xx_it.o(.data)
    Kf_Z                                     0x20000148   Data           8  stm32f4xx_it.o(.data)
    Kf_Magn                                  0x20000150   Data           8  stm32f4xx_it.o(.data)
    Magnetbias                               0x20000158   Data          12  stm32f4xx_it.o(.data)
    calibration_matrix                       0x20000164   Data          36  stm32f4xx_it.o(.data)
    t                                        0x20000188   Data           4  stm32f4xx_it.o(.data)
    accel_X_Angle                            0x2000018c   Data           4  stm32f4xx_it.o(.data)
    accel_Y_Angle                            0x20000190   Data           4  stm32f4xx_it.o(.data)
    accel_Z_Angle                            0x20000194   Data           4  stm32f4xx_it.o(.data)
    gyro_X_Angle                             0x20000198   Data           4  stm32f4xx_it.o(.data)
    gyro_Y_Angle                             0x2000019c   Data           4  stm32f4xx_it.o(.data)
    gyro_Z_Angle                             0x200001a0   Data           4  stm32f4xx_it.o(.data)
    final_X_Angle                            0x200001a4   Data           4  stm32f4xx_it.o(.data)
    final_Y_Angle                            0x200001a8   Data           4  stm32f4xx_it.o(.data)
    final_Z_Angle                            0x200001ac   Data           4  stm32f4xx_it.o(.data)
    state                                    0x200001b0   Data           4  stm32f4xx_it.o(.data)
    covariance                               0x200001b4   Data           4  stm32f4xx_it.o(.data)
    magnet_X_Angle                           0x200001b8   Data           4  stm32f4xx_it.o(.data)
    magnet_Y_Angle                           0x200001bc   Data           4  stm32f4xx_it.o(.data)
    magnet_Z_Angle                           0x200001c0   Data           4  stm32f4xx_it.o(.data)
    ax                                       0x200001c4   Data           4  stm32f4xx_it.o(.data)
    ay                                       0x200001c8   Data           4  stm32f4xx_it.o(.data)
    az                                       0x200001cc   Data           4  stm32f4xx_it.o(.data)
    gx                                       0x200001d0   Data           4  stm32f4xx_it.o(.data)
    gy                                       0x200001d4   Data           4  stm32f4xx_it.o(.data)
    gz                                       0x200001d8   Data           4  stm32f4xx_it.o(.data)
    mx                                       0x200001dc   Data           4  stm32f4xx_it.o(.data)
    my                                       0x200001e0   Data           4  stm32f4xx_it.o(.data)
    mz                                       0x200001e4   Data           4  stm32f4xx_it.o(.data)
    cmx                                      0x200001e8   Data           4  stm32f4xx_it.o(.data)
    cmy                                      0x200001ec   Data           4  stm32f4xx_it.o(.data)
    cmz                                      0x200001f0   Data           4  stm32f4xx_it.o(.data)
    m                                        0x200001f4   Data           4  stm32f4xx_it.o(.data)
    __microlib_freelist                      0x2000020c   Data           4  mvars.o(.data)
    __microlib_freelist_initialised          0x20000210   Data           4  mvars.o(.data)
    USBD_StrDesc                             0x20000218   Data         512  usbd_desc.o(.bss)
    hi2c1                                    0x20000418   Data          84  main.o(.bss)
    htim1                                    0x2000046c   Data          60  main.o(.bss)
    htim2                                    0x200004a8   Data          60  main.o(.bss)
    AccData                                  0x200004e4   Data          12  main.o(.bss)
    hUsbDeviceFS                             0x200004f0   Data         548  usb_device.o(.bss)
    hpcd_USB_OTG_FS                          0x20000714   Data        1008  usbd_conf.o(.bss)
    __heap_base                              0x20000b08   Data           0  startup_stm32f407xx.o(HEAP)
    __heap_limit                             0x20000d08   Data           0  startup_stm32f407xx.o(HEAP)
    __initial_sp                             0x20001108   Data           0  startup_stm32f407xx.o(STACK)



==============================================================================

Memory Map of the image

  Image Entry point : 0x08000189

  Load Region LR_IROM1 (Base: 0x08000000, Size: 0x0000fcf0, Max: 0x00100000, ABSOLUTE, COMPRESSED[0x0000fbd0])

    Execution Region ER_IROM1 (Exec base: 0x08000000, Load base: 0x08000000, Size: 0x0000fad8, Max: 0x00100000, ABSOLUTE)

    Exec Addr    Load Addr    Size         Type   Attr      Idx    E Section Name        Object

    0x08000000   0x08000000   0x00000188   Data   RO            3    RESET               startup_stm32f407xx.o
    0x08000188   0x08000188   0x00000000   Code   RO         1091  * .ARM.Collect$$$$00000000  mc_w.l(entry.o)
    0x08000188   0x08000188   0x00000004   Code   RO         1197    .ARM.Collect$$$$00000001  mc_w.l(entry2.o)
    0x0800018c   0x0800018c   0x00000004   Code   RO         1200    .ARM.Collect$$$$00000004  mc_w.l(entry5.o)
    0x08000190   0x08000190   0x00000000   Code   RO         1202    .ARM.Collect$$$$00000008  mc_w.l(entry7b.o)
    0x08000190   0x08000190   0x00000000   Code   RO         1204    .ARM.Collect$$$$0000000A  mc_w.l(entry8b.o)
    0x08000190   0x08000190   0x00000008   Code   RO         1205    .ARM.Collect$$$$0000000B  mc_w.l(entry9a.o)
    0x08000198   0x08000198   0x00000000   Code   RO         1207    .ARM.Collect$$$$0000000D  mc_w.l(entry10a.o)
    0x08000198   0x08000198   0x00000000   Code   RO         1209    .ARM.Collect$$$$0000000F  mc_w.l(entry11a.o)
    0x08000198   0x08000198   0x00000004   Code   RO         1198    .ARM.Collect$$$$00002712  mc_w.l(entry2.o)
    0x0800019c   0x0800019c   0x00000024   Code   RO            4    .text               startup_stm32f407xx.o
    0x080001c0   0x080001c0   0x000008ac   Code   RO           13    .text               stm32f4xx_hal_dma.o
    0x08000a6c   0x08000a6c   0x00000200   Code   RO          148    .text               stm32f4xx_hal.o
    0x08000c6c   0x08000c6c   0x0000005c   Code   RO          175    .text               stm32f4xx_hal_pcd_ex.o
    0x08000cc8   0x08000cc8   0x000003ac   Code   RO          266    .text               stm32f4xx_hal_gpio.o
    0x08001074   0x08001074   0x000008ec   Code   RO          290    .text               stm32f4xx_hal_rcc.o
    0x08001960   0x08001960   0x00003754   Code   RO          338    .text               stm32f4xx_hal_i2c.o
    0x080050b4   0x080050b4   0x00000384   Code   RO          389    .text               stm32f4xx_hal_cortex.o
    0x08005438   0x08005438   0x00000ce0   Code   RO          435    .text               stm32f4xx_hal_pcd.o
    0x08006118   0x08006118   0x00002800   Code   RO          459    .text               stm32f4xx_hal_tim.o
    0x08008918   0x08008918   0x00000db4   Code   RO          483    .text               stm32f4xx_hal_tim_ex.o
    0x080096cc   0x080096cc   0x000015da   Code   RO          531    .text               stm32f4xx_ll_usb.o
    0x0800aca6   0x0800aca6   0x00000002   PAD
    0x0800aca8   0x0800aca8   0x000003e0   Code   RO          580    .text               reorientation.o
    0x0800b088   0x0800b088   0x00000120   Code   RO          610    .text               system_stm32f4xx.o
    0x0800b1a8   0x0800b1a8   0x0000062e   Code   RO          641    .text               usbd_ctlreq.o
    0x0800b7d6   0x0800b7d6   0x00000002   PAD
    0x0800b7d8   0x0800b7d8   0x000001a4   Code   RO          687    .text               usbd_hid.o
    0x0800b97c   0x0800b97c   0x00000358   Code   RO          721    .text               usbd_core.o
    0x0800bcd4   0x0800bcd4   0x000000c0   Code   RO          745    .text               usbd_ioreq.o
    0x0800bd94   0x0800bd94   0x0000017c   Code   RO          769    .text               stm32f4xx_hal_msp.o
    0x0800bf10   0x0800bf10   0x00000114   Code   RO          793    .text               usbd_desc.o
    0x0800c024   0x0800c024   0x00000320   Code   RO          824    .text               main.o
    0x0800c344   0x0800c344   0x00000028   Code   RO          863    .text               usb_device.o
    0x0800c36c   0x0800c36c   0x00001014   Code   RO          893    .text               stm32f4xx_it.o
    0x0800d380   0x0800d380   0x000005c2   Code   RO          945    .text               usbd_conf.o
    0x0800d942   0x0800d942   0x00000002   PAD
    0x0800d944   0x0800d944   0x000003dc   Code   RO          972    .text               mpu6050.o
    0x0800dd20   0x0800dd20   0x00000062   Code   RO         1094    .text               mc_w.l(uldiv.o)
    0x0800dd82   0x0800dd82   0x00000024   Code   RO         1096    .text               mc_w.l(memcpya.o)
    0x0800dda6   0x0800dda6   0x0000014e   Code   RO         1128    .text               mf_w.l(dadd.o)
    0x0800def4   0x0800def4   0x000000e4   Code   RO         1130    .text               mf_w.l(dmul.o)
    0x0800dfd8   0x0800dfd8   0x000000de   Code   RO         1132    .text               mf_w.l(ddiv.o)
    0x0800e0b6   0x0800e0b6   0x00000022   Code   RO         1136    .text               mf_w.l(dflti.o)
    0x0800e0d8   0x0800e0d8   0x0000001a   Code   RO         1138    .text               mf_w.l(dfltui.o)
    0x0800e0f2   0x0800e0f2   0x0000003e   Code   RO         1140    .text               mf_w.l(dfixi.o)
    0x0800e130   0x0800e130   0x00000026   Code   RO         1142    .text               mf_w.l(f2d.o)
    0x0800e156   0x0800e156   0x00000038   Code   RO         1144    .text               mf_w.l(d2f.o)
    0x0800e18e   0x0800e18e   0x0000001e   Code   RO         1211    .text               mc_w.l(llshl.o)
    0x0800e1ac   0x0800e1ac   0x00000020   Code   RO         1213    .text               mc_w.l(llushr.o)
    0x0800e1cc   0x0800e1cc   0x00000024   Code   RO         1215    .text               mc_w.l(llsshr.o)
    0x0800e1f0   0x0800e1f0   0x00000000   Code   RO         1226    .text               mc_w.l(iusefp.o)
    0x0800e1f0   0x0800e1f0   0x0000006e   Code   RO         1227    .text               mf_w.l(fepilogue.o)
    0x0800e25e   0x0800e25e   0x000000ba   Code   RO         1229    .text               mf_w.l(depilogue.o)
    0x0800e318   0x0800e318   0x000000a2   Code   RO         1231    .text               mf_w.l(dsqrt.o)
    0x0800e3ba   0x0800e3ba   0x00000002   PAD
    0x0800e3bc   0x0800e3bc   0x00000024   Code   RO         1237    .text               mc_w.l(init.o)
    0x0800e3e0   0x0800e3e0   0x00000056   Code   RO         1247    .text               mc_w.l(__dczerorl2.o)
    0x0800e436   0x0800e436   0x00000030   Code   RO         1235    i.__ARM_fpclassify  m_wm.l(fpclassify.o)
    0x0800e466   0x0800e466   0x00000002   PAD
    0x0800e468   0x0800e468   0x00000358   Code   RO         1025    i.__hardfp_acos     m_wm.l(acos.o)
    0x0800e7c0   0x0800e7c0   0x000002d8   Code   RO         1146    i.__hardfp_atan     m_wm.l(atan.o)
    0x0800ea98   0x0800ea98   0x000001f0   Code   RO         1039    i.__hardfp_atan2    m_wm.l(atan2.o)
    0x0800ec88   0x0800ec88   0x00000020   Code   RO         1051    i.__hardfp_copysign  m_wm.l(copysign.o)
    0x0800eca8   0x0800eca8   0x000000c8   Code   RO         1055    i.__hardfp_cos      m_wm.l(cos.o)
    0x0800ed70   0x0800ed70   0x000000c8   Code   RO         1067    i.__hardfp_sin      m_wm.l(sin.o)
    0x0800ee38   0x0800ee38   0x0000007a   Code   RO         1079    i.__hardfp_sqrt     m_wm.l(sqrt.o)
    0x0800eeb2   0x0800eeb2   0x00000006   PAD
    0x0800eeb8   0x0800eeb8   0x00000438   Code   RO         1186    i.__ieee754_rem_pio2  m_wm.l(rred.o)
    0x0800f2f0   0x0800f2f0   0x00000170   Code   RO         1160    i.__kernel_cos      m_wm.l(cos_i.o)
    0x0800f460   0x0800f460   0x000000f8   Code   RO         1183    i.__kernel_poly     m_wm.l(poly.o)
    0x0800f558   0x0800f558   0x00000130   Code   RO         1191    i.__kernel_sin      m_wm.l(sin_i.o)
    0x0800f688   0x0800f688   0x00000014   Code   RO         1164    i.__mathlib_dbl_infnan  m_wm.l(dunder.o)
    0x0800f69c   0x0800f69c   0x00000014   Code   RO         1165    i.__mathlib_dbl_infnan2  m_wm.l(dunder.o)
    0x0800f6b0   0x0800f6b0   0x00000020   Code   RO         1166    i.__mathlib_dbl_invalid  m_wm.l(dunder.o)
    0x0800f6d0   0x0800f6d0   0x00000020   Code   RO         1169    i.__mathlib_dbl_underflow  m_wm.l(dunder.o)
    0x0800f6f0   0x0800f6f0   0x0000000e   Code   RO         1241    i.__scatterload_copy  mc_w.l(handlers.o)
    0x0800f6fe   0x0800f6fe   0x00000002   Code   RO         1242    i.__scatterload_null  mc_w.l(handlers.o)
    0x0800f700   0x0800f700   0x0000000e   Code   RO         1243    i.__scatterload_zeroinit  mc_w.l(handlers.o)
    0x0800f70e   0x0800f70e   0x00000002   PAD
    0x0800f710   0x0800f710   0x0000000c   Code   RO         1221    i.__set_errno       mc_w.l(errno.o)
    0x0800f71c   0x0800f71c   0x00000010   Code   RO         1148    i.atan              m_wm.l(atan.o)
    0x0800f72c   0x0800f72c   0x00000018   Code   RO         1053    i.copysign          m_wm.l(copysign.o)
    0x0800f744   0x0800f744   0x00000018   Code   RO         1179    i.fabs              m_wm.l(fabs.o)
    0x0800f75c   0x0800f75c   0x00000050   Code   RO         1100    i.free              mc_w.l(malloc.o)
    0x0800f7ac   0x0800f7ac   0x0000006c   Code   RO         1101    i.malloc            mc_w.l(malloc.o)
    0x0800f818   0x0800f818   0x0000006e   Code   RO         1081    i.sqrt              m_wm.l(sqrt.o)
    0x0800f886   0x0800f886   0x00000008   Data   RO           14    .constdata          stm32f4xx_hal_dma.o
    0x0800f88e   0x0800f88e   0x00000018   Data   RO          611    .constdata          system_stm32f4xx.o
    0x0800f8a6   0x0800f8a6   0x00000002   PAD
    0x0800f8a8   0x0800f8a8   0x00000050   Data   RO         1028    .constdata          m_wm.l(acos.o)
    0x0800f8f8   0x0800f8f8   0x00000098   Data   RO         1149    .constdata          m_wm.l(atan.o)
    0x0800f990   0x0800f990   0x00000030   Data   RO         1161    .constdata          m_wm.l(cos_i.o)
    0x0800f9c0   0x0800f9c0   0x00000008   Data   RO         1185    .constdata          m_wm.l(qnan.o)
    0x0800f9c8   0x0800f9c8   0x000000c8   Data   RO         1188    .constdata          m_wm.l(rred.o)
    0x0800fa90   0x0800fa90   0x00000028   Data   RO         1192    .constdata          m_wm.l(sin_i.o)
    0x0800fab8   0x0800fab8   0x00000020   Data   RO         1239    Region$$Table       anon$$obj.o


    Execution Region RW_IRAM1 (Exec base: 0x20000000, Load base: 0x0800fad8, Size: 0x00001108, Max: 0x00020000, ABSOLUTE, COMPRESSED[0x000000f8])

    Exec Addr    Load Addr    Size         Type   Attr      Idx    E Section Name        Object

    0x20000000   COMPRESSED   0x00000009   Data   RW          149    .data               stm32f4xx_hal.o
    0x20000009   COMPRESSED   0x00000003   PAD
    0x2000000c   COMPRESSED   0x00000004   Data   RW          532    .data               stm32f4xx_ll_usb.o
    0x20000010   COMPRESSED   0x00000014   Data   RW          581    .data               reorientation.o
    0x20000024   COMPRESSED   0x00000004   Data   RW          612    .data               system_stm32f4xx.o
    0x20000028   COMPRESSED   0x00000001   Data   RW          642    .data               usbd_ctlreq.o
    0x20000029   COMPRESSED   0x00000003   PAD
    0x2000002c   COMPRESSED   0x000000be   Data   RW          688    .data               usbd_hid.o
    0x200000ea   COMPRESSED   0x00000002   PAD
    0x200000ec   COMPRESSED   0x00000034   Data   RW          795    .data               usbd_desc.o
    0x20000120   COMPRESSED   0x0000000f   Data   RW          826    .data               main.o
    0x2000012f   COMPRESSED   0x00000001   PAD
    0x20000130   COMPRESSED   0x000000d9   Data   RW          894    .data               stm32f4xx_it.o
    0x20000209   COMPRESSED   0x00000003   PAD
    0x2000020c   COMPRESSED   0x00000004   Data   RW         1217    .data               mc_w.l(mvars.o)
    0x20000210   COMPRESSED   0x00000004   Data   RW         1218    .data               mc_w.l(mvars.o)
    0x20000214   COMPRESSED   0x00000004   Data   RW         1222    .data               mc_w.l(errno.o)
    0x20000218        -       0x00000200   Zero   RW          794    .bss                usbd_desc.o
    0x20000418        -       0x000000d8   Zero   RW          825    .bss                main.o
    0x200004f0        -       0x00000224   Zero   RW          864    .bss                usb_device.o
    0x20000714        -       0x000003f0   Zero   RW          946    .bss                usbd_conf.o
    0x20000b04   COMPRESSED   0x00000004   PAD
    0x20000b08        -       0x00000200   Zero   RW            2    HEAP                startup_stm32f407xx.o
    0x20000d08        -       0x00000400   Zero   RW            1    STACK               startup_stm32f407xx.o


==============================================================================

Image component sizes


      Code (inc. data)   RO Data    RW Data    ZI Data      Debug   Object Name

       800         58          0         15        216      14600   main.o
       988         10          0          0          0       6354   mpu6050.o
       992         28          0         20          0       1584   reorientation.o
        36          8        392          0       1536        920   startup_stm32f407xx.o
       512         42          0          9          0       5972   stm32f4xx_hal.o
       900         22          0          0          0      32742   stm32f4xx_hal_cortex.o
      2220         26          8          0          0     699449   stm32f4xx_hal_dma.o
       940         46          0          0          0       3803   stm32f4xx_hal_gpio.o
     14164        166          0          0          0      33414   stm32f4xx_hal_i2c.o
       380         16          0          0          0       2000   stm32f4xx_hal_msp.o
      3296         48          0          0          0      10715   stm32f4xx_hal_pcd.o
        92          0          0          0          0       1666   stm32f4xx_hal_pcd_ex.o
      2284         66          0          0          0       5491   stm32f4xx_hal_rcc.o
     10240        152          0          0          0      32746   stm32f4xx_hal_tim.o
      3508         24          0          0          0      12570   stm32f4xx_hal_tim_ex.o
      4116        402          0        217          0      20801   stm32f4xx_it.o
      5594         76          0          4          0      14753   stm32f4xx_ll_usb.o
       288         32         24          4          0       1813   system_stm32f4xx.o
        40         12          0          0        548        880   usb_device.o
      1474         36          0          0       1008       9274   usbd_conf.o
       856          0          0          0          0       6165   usbd_core.o
      1582         28          0          1          0       9958   usbd_ctlreq.o
       276        100          0         52        512       3655   usbd_desc.o
       420         18          0        190          0       4957   usbd_hid.o
       192          0          0          0          0       2898   usbd_ioreq.o

    ----------------------------------------------------------------------
     56196       1416        458        524       3824     939180   Object Totals
         0          0         32          0          0          0   (incl. Generated)
         6          0          2         12          4          0   (incl. Padding)

    ----------------------------------------------------------------------

      Code (inc. data)   RO Data    RW Data    ZI Data      Debug   Library Member Name

       856        118         80          0          0        288   acos.o
       744        106        152          0          0        352   atan.o
       496         64          0          0          0        192   atan2.o
        56          0          0          0          0        248   copysign.o
       200         20          0          0          0        164   cos.o
       368         46         48          0          0        200   cos_i.o
       104         16          0          0          0        496   dunder.o
        24          0          0          0          0        124   fabs.o
        48          0          0          0          0        124   fpclassify.o
       248          0          0          0          0        152   poly.o
         0          0          8          0          0          0   qnan.o
      1080        142        200          0          0        188   rred.o
       200         20          0          0          0        164   sin.o
       304         24         40          0          0        208   sin_i.o
       232          0          0          0          0        296   sqrt.o
        86          0          0          0          0          0   __dczerorl2.o
         0          0          0          0          0          0   entry.o
         0          0          0          0          0          0   entry10a.o
         0          0          0          0          0          0   entry11a.o
         8          4          0          0          0          0   entry2.o
         4          0          0          0          0          0   entry5.o
         0          0          0          0          0          0   entry7b.o
         0          0          0          0          0          0   entry8b.o
         8          4          0          0          0          0   entry9a.o
        12          6          0          4          0         68   errno.o
        30          0          0          0          0          0   handlers.o
        36          8          0          0          0         68   init.o
         0          0          0          0          0          0   iusefp.o
        30          0          0          0          0         68   llshl.o
        36          0          0          0          0         68   llsshr.o
        32          0          0          0          0         68   llushr.o
       188         20          0          0          0        160   malloc.o
        36          0          0          0          0         68   memcpya.o
         0          0          0          8          0          0   mvars.o
        98          0          0          0          0         92   uldiv.o
        56          0          0          0          0         88   d2f.o
       334          0          0          0          0        148   dadd.o
       222          0          0          0          0        100   ddiv.o
       186          0          0          0          0        176   depilogue.o
        62          0          0          0          0         80   dfixi.o
        34          0          0          0          0         76   dflti.o
        26          0          0          0          0         76   dfltui.o
       228          0          0          0          0         96   dmul.o
       162          0          0          0          0        100   dsqrt.o
        38          0          0          0          0         68   f2d.o
       110          0          0          0          0        168   fepilogue.o

    ----------------------------------------------------------------------
      7034        598        528         12          0       5032   Library Totals
        12          0          0          0          0          0   (incl. Padding)

    ----------------------------------------------------------------------

      Code (inc. data)   RO Data    RW Data    ZI Data      Debug   Library Name

      4960        556        528          0          0       3196   m_wm.l
       604         42          0         12          0        660   mc_w.l
      1458          0          0          0          0       1176   mf_w.l

    ----------------------------------------------------------------------
      7034        598        528         12          0       5032   Library Totals

    ----------------------------------------------------------------------

==============================================================================


      Code (inc. data)   RO Data    RW Data    ZI Data      Debug   

     63230       2014        986        536       3824     936012   Grand Totals
     63230       2014        986        248       3824     936012   ELF Image Totals (compressed)
     63230       2014        986        248          0          0   ROM Totals

==============================================================================

    Total RO  Size (Code + RO Data)                64216 (  62.71kB)
    Total RW  Size (RW Data + ZI Data)              4360 (   4.26kB)
    Total ROM Size (Code + RO Data + RW Data)      64464 (  62.95kB)

==============================================================================

