Component: ARM Compiler 5.06 update 6 (build 750) Tool: armlink [4d35ed]

==============================================================================

Section Cross References

    startup_stm32f407xx.o(RESET) refers to startup_stm32f407xx.o(STACK) for __initial_sp
    startup_stm32f407xx.o(RESET) refers to startup_stm32f407xx.o(.text) for Reset_Handler
    startup_stm32f407xx.o(RESET) refers to stm32f4xx_it.o(.text) for NMI_Handler
    startup_stm32f407xx.o(.text) refers to system_stm32f4xx.o(.text) for SystemInit
    startup_stm32f407xx.o(.text) refers to entry.o(.ARM.Collect$$$$00000000) for __main
    reorientation_1.o(.text) refers to f2d.o(.text) for __aeabi_f2d
    reorientation_1.o(.text) refers to sqrt.o(i.__hardfp_sqrt) for __hardfp_sqrt
    reorientation_1.o(.text) refers to d2f.o(.text) for __aeabi_d2f
    reorientation_1.o(.text) refers to acos.o(i.__hardfp_acos) for __hardfp_acos
    reorientation_1.o(.text) refers to cos.o(i.__hardfp_cos) for __hardfp_cos
    reorientation_1.o(.text) refers to sin.o(i.__hardfp_sin) for __hardfp_sin
    reorientation_1.o(.text) refers to dmul.o(.text) for __aeabi_dmul
    reorientation_1.o(.text) refers to ddiv.o(.text) for __aeabi_ddiv
    reorientation_1.o(.text) refers to main.o(.data) for on
    reorientation_1.o(.text) refers to reorientation_1.o(.data) for .data
    stm32f4xx_hal_pcd.o(.text) refers to usbd_conf.o(.text) for HAL_PCD_MspInit
    stm32f4xx_hal_pcd.o(.text) refers to stm32f4xx_ll_usb.o(.text) for USB_DisableGlobalInt
    stm32f4xx_hal_pcd.o(.text) refers to memcpya.o(.text) for __aeabi_memcpy4
    stm32f4xx_hal_pcd.o(.text) refers to stm32f4xx_hal_rcc.o(.text) for HAL_RCC_GetHCLKFreq
    stm32f4xx_ll_usb.o(.text) refers to stm32f4xx_hal.o(.text) for HAL_Delay
    stm32f4xx_ll_usb.o(.text) refers to stm32f4xx_ll_usb.o(.data) for .data
    stm32f4xx_hal_adc.o(.text) refers to stm32f4xx_hal_msp.o(.text) for HAL_ADC_MspInit
    stm32f4xx_hal_adc.o(.text) refers to stm32f4xx_hal.o(.text) for HAL_GetTick
    stm32f4xx_hal_adc.o(.text) refers to system_stm32f4xx.o(.data) for SystemCoreClock
    stm32f4xx_hal_adc.o(.text) refers to stm32f4xx_hal_adc_ex.o(.text) for HAL_ADCEx_InjectedConvCpltCallback
    stm32f4xx_hal_adc.o(.text) refers to stm32f4xx_hal_dma.o(.text) for HAL_DMA_Start_IT
    stm32f4xx_hal_adc_ex.o(.text) refers to stm32f4xx_hal.o(.text) for HAL_GetTick
    stm32f4xx_hal_adc_ex.o(.text) refers to stm32f4xx_hal_adc.o(.text) for HAL_ADC_ErrorCallback
    stm32f4xx_hal_adc_ex.o(.text) refers to system_stm32f4xx.o(.data) for SystemCoreClock
    stm32f4xx_hal_adc_ex.o(.text) refers to stm32f4xx_hal_dma.o(.text) for HAL_DMA_Start_IT
    stm32f4xx_hal_dac.o(.text) refers to stm32f4xx_hal_msp.o(.text) for HAL_DAC_MspInit
    stm32f4xx_hal_dac.o(.text) refers to stm32f4xx_hal_dma.o(.text) for HAL_DMA_Start_IT
    stm32f4xx_hal_dac.o(.text) refers to stm32f4xx_hal_dac_ex.o(.text) for HAL_DACEx_DMAUnderrunCallbackCh2
    stm32f4xx_hal_i2c.o(.text) refers to stm32f4xx_hal_msp.o(.text) for HAL_I2C_MspInit
    stm32f4xx_hal_i2c.o(.text) refers to stm32f4xx_hal_rcc.o(.text) for HAL_RCC_GetPCLK1Freq
    stm32f4xx_hal_i2c.o(.text) refers to stm32f4xx_hal.o(.text) for HAL_GetTick
    stm32f4xx_hal_i2c.o(.text) refers to system_stm32f4xx.o(.data) for SystemCoreClock
    stm32f4xx_hal_i2c.o(.text) refers to stm32f4xx_hal_dma.o(.text) for HAL_DMA_GetError
    stm32f4xx_hal_tim.o(.text) refers to stm32f4xx_hal_msp.o(.text) for HAL_TIM_Base_MspInit
    stm32f4xx_hal_tim.o(.text) refers to stm32f4xx_hal_dma.o(.text) for HAL_DMA_Start_IT
    stm32f4xx_hal_tim.o(.text) refers to stm32f4xx_hal_tim_ex.o(.text) for HAL_TIMEx_BreakCallback
    stm32f4xx_hal_tim_ex.o(.text) refers to stm32f4xx_hal_tim.o(.text) for TIM_Base_SetConfig
    stm32f4xx_hal_tim_ex.o(.text) refers to stm32f4xx_hal_dma.o(.text) for HAL_DMA_Start_IT
    stm32f4xx_hal_rcc.o(.text) refers to stm32f4xx_hal.o(.text) for HAL_GetTick
    stm32f4xx_hal_rcc.o(.text) refers to uldiv.o(.text) for __aeabi_uldivmod
    stm32f4xx_hal_rcc.o(.text) refers to stm32f4xx_hal_gpio.o(.text) for HAL_GPIO_Init
    stm32f4xx_hal_rcc.o(.text) refers to system_stm32f4xx.o(.constdata) for AHBPrescTable
    stm32f4xx_hal_rcc.o(.text) refers to system_stm32f4xx.o(.data) for SystemCoreClock
    stm32f4xx_hal_rcc.o(.text) refers to system_stm32f4xx.o(.constdata) for APBPrescTable
    stm32f4xx_hal_rcc_ex.o(.text) refers to stm32f4xx_hal.o(.text) for HAL_GetTick
    stm32f4xx_hal_rcc_ex.o(.text) refers to system_stm32f4xx.o(.data) for SystemCoreClock
    stm32f4xx_hal_flash.o(.text) refers to stm32f4xx_hal.o(.text) for HAL_GetTick
    stm32f4xx_hal_flash.o(.text) refers to stm32f4xx_hal_flash_ex.o(.text) for FLASH_Erase_Sector
    stm32f4xx_hal_flash.o(.text) refers to stm32f4xx_hal_flash.o(.bss) for .bss
    stm32f4xx_hal_flash_ex.o(.text) refers to stm32f4xx_hal_flash.o(.text) for FLASH_WaitForLastOperation
    stm32f4xx_hal_flash_ex.o(.text) refers to stm32f4xx_hal_flash.o(.bss) for pFlash
[...]
    .data                                    0x200000fc   Section       28  usbd_desc.o(.data)
    .data                                    0x20000118   Section       22  usbd_desc.o(.data)
    .data                                    0x20000130   Section       12  stm32f4xx_it.o(.data)
    .data                                    0x2000013c   Section        4  mvars.o(.data)
    .data                                    0x20000140   Section        4  mvars.o(.data)
    .data                                    0x20000144   Section        4  errno.o(.data)
    _errno                                   0x20000144   Data           4  errno.o(.data)
    .bss                                     0x20000148   Section      428  main.o(.bss)
    .bss                                     0x200002f4   Section       12  main.o(.bss)
    .bss                                     0x20000300   Section      548  usb_device.o(.bss)
    .bss                                     0x20000524   Section     1008  usbd_conf.o(.bss)
    .bss                                     0x20000914   Section      512  usbd_desc.o(.bss)
    .bss                                     0x20000b14   Section       92  stm32f4xx_it.o(.bss)
    HEAP                                     0x20000b70   Section      512  startup_stm32f407xx.o(HEAP)
    STACK                                    0x20000d70   Section     1024  startup_stm32f407xx.o(STACK)

    Global Symbols

    Symbol Name                              Value     Ov Type        Size  Object(Section)

    BuildAttributes$$THM_ISAv4$E$P$D$K$B$S$7EM$VFPi3$EXTD16$VFPS$VFMA$PE$A:L22UL41UL21$X:L11$S22US41US21$IEEE1$IW$USESV6$~STKCKD$USESV7$~SHL$OTIME$ROPI$IEEEX$EBA8$MICROLIB$REQ8$PRES8$EABIv2 0x00000000   Number         0  anon$$obj.o ABSOLUTE
    __ARM_use_no_argv                        0x00000000   Number         0  main.o ABSOLUTE
    __cpp_initialize__aeabi_                  - Undefined Weak Reference
    __cxa_finalize                            - Undefined Weak Reference
    _clock_init                               - Undefined Weak Reference
    _microlib_exit                            - Undefined Weak Reference
    __Vectors_Size                           0x00000188   Number         0  startup_stm32f407xx.o ABSOLUTE
    __Vectors                                0x08000000   Data           4  startup_stm32f407xx.o(RESET)
    __Vectors_End                            0x08000188   Data           0  startup_stm32f407xx.o(RESET)
    __main                                   0x08000189   Thumb Code     0  entry.o(.ARM.Collect$$$$00000000)
    _main_stk                                0x08000189   Thumb Code     0  entry2.o(.ARM.Collect$$$$00000001)
    _main_scatterload                        0x0800018d   Thumb Code     0  entry5.o(.ARM.Collect$$$$00000004)
    __main_after_scatterload                 0x08000191   Thumb Code     0  entry5.o(.ARM.Collect$$$$00000004)
    _main_clock                              0x08000191   Thumb Code     0  entry7b.o(.ARM.Collect$$$$00000008)
    _main_cpp_init                           0x08000191   Thumb Code     0  entry8b.o(.ARM.Collect$$$$0000000A)
    _main_init                               0x08000191   Thumb Code     0  entry9a.o(.ARM.Collect$$$$0000000B)
    __rt_final_cpp                           0x08000199   Thumb Code     0  entry10a.o(.ARM.Collect$$$$0000000D)
    __rt_final_exit                          0x08000199   Thumb Code     0  entry11a.o(.ARM.Collect$$$$0000000F)
    Reset_Handler                            0x0800019d   Thumb Code     8  startup_stm32f407xx.o(.text)
    CAN1_RX0_IRQHandler                      0x080001b7   Thumb Code     0  startup_stm32f407xx.o(.text)
    CAN1_RX1_IRQHandler                      0x080001b7   Thumb Code     0  startup_stm32f407xx.o(.text)
    CAN1_SCE_IRQHandler                      0x080001b7   Thumb Code     0  startup_stm32f407xx.o(.text)
    CAN1_TX_IRQHandler                       0x080001b7   Thumb Code     0  startup_stm32f407xx.o(.text)
    CAN2_RX0_IRQHandler                      0x080001b7   Thumb Code     0  startup_stm32f407xx.o(.text)
    CAN2_RX1_IRQHandler                      0x080001b7   Thumb Code     0  startup_stm32f407xx.o(.text)
    CAN2_SCE_IRQHandler                      0x080001b7   Thumb Code     0  startup_stm32f407xx.o(.text)
    CAN2_TX_IRQHandler                       0x080001b7   Thumb Code     0  startup_stm32f407xx.o(.text)
    DCMI_IRQHandler                          0x080001b7   Thumb Code     0  startup_stm32f407xx.o(.text)
    DMA1_Stream0_IRQHandler                  0x080001b7   Thumb Code     0  startup_stm32f407xx.o(.text)
    DMA1_Stream1_IRQHandler                  0x080001b7   Thumb Code     0  startup_stm32f407xx.o(.text)
    DMA1_Stream2_IRQHandler                  0x080001b7   Thumb Code     0  startup_stm32f407xx.o(.text)
    DMA1_Stream3_IRQHandler                  0x080001b7   Thumb Code     0  startup_stm32f407xx.o(.text)
    DMA1_Stream4_IRQHandler                  0x080001b7   Thumb Code     0  startup_stm32f407xx.o(.text)
    DMA1_Stream5_IRQHandler                  0x080001b7   Thumb Code     0  startup_stm32f407xx.o(.text)
    DMA1_Stream6_IRQHandler                  0x080001b7   Thumb Code     0  startup_stm32f407xx.o(.text)
    DMA1_Stream7_IRQHandler                  0x080001b7   Thumb Code     0  startup_stm32f407xx.o(.text)
    DMA2_Stream0_IRQHandler                  0x080001b7   Thumb Code     0  startup_stm32f407xx.o(.text)
    DMA2_Stream1_IRQHandler                  0x080001b7   Thumb Code     0  startup_stm32f407xx.o(.text)
    DMA2_Stream2_IRQHandler                  0x080001b7   Thumb Code     0  startup_stm32f407xx.o(.text)
    DMA2_Stream3_IRQHandler                  0x080001b7   Thumb Code     0  startup_stm32f407xx.o(.text)
    DMA2_Stream4_IRQHandler                  0x080001b7   Thumb Code     0  startup_stm32f407xx.o(.text)
    DMA2_Stream5_IRQHandler                  0x080001b7   Thumb Code     0  startup_stm32f407xx.o(.text)
    DMA2_Stream6_IRQHandler                  0x080001b7   Thumb Code     0  startup_stm32f407xx.o(.text)
    DMA2_Stream7_IRQHandler                  0x080001b7   Thumb Code     0  startup_stm32f407xx.o(.text)
    ETH_IRQHandler                           0x080001b7   Thumb Code     0  startup_stm32f407xx.o(.text)
    ETH_WKUP_IRQHandler                      0x080001b7   Thumb Code     0  startup_stm32f407xx.o(.text)
    EXTI0_IRQHandler                         0x080001b7   Thumb Code     0  startup_stm32f407xx.o(.text)
    EXTI15_10_IRQHandler                     0x080001b7   Thumb Code     0  startup_stm32f407xx.o(.text)
    EXTI1_IRQHandler                         0x080001b7   Thumb Code     0  startup_stm32f407xx.o(.text)
    EXTI2_IRQHandler                         0x080001b7   Thumb Code     0  startup_stm32f407xx.o(.text)
    EXTI3_IRQHandler                         0x080001b7   Thumb Code     0  startup_stm32f407xx.o(.text)
    EXTI4_IRQHandler                         0x080001b7   Thumb Code     0  startup_stm32f407xx.o(.text)
    EXTI9_5_IRQHandler                       0x080001b7   Thumb Code     0  startup_stm32f407xx.o(.text)
    FLASH_IRQHandler                         0x080001b7   Thumb Code     0  startup_stm32f407xx.o(.text)
    FMC_IRQHandler                           0x080001b7   Thumb Code     0  startup_stm32f407xx.o(.text)
    FPU_IRQHandler                           0x080001b7   Thumb Code     0  startup_stm32f407xx.o(.text)
    HASH_RNG_IRQHandler                      0x080001b7   Thumb Code     0  startup_stm32f407xx.o(.text)
    I2C1_ER_IRQHandler                       0x080001b7   Thumb Code     0  startup_stm32f407xx.o(.text)
    I2C1_EV_IRQHandler                       0x080001b7   Thumb Code     0  startup_stm32f407xx.o(.text)
    I2C2_ER_IRQHandler                       0x080001b7   Thumb Code     0  startup_stm32f407xx.o(.text)
    I2C2_EV_IRQHandler                       0x080001b7   Thumb Code     0  startup_stm32f407xx.o(.text)
    I2C3_ER_IRQHandler                       0x080001b7   Thumb Code     0  startup_stm32f407xx.o(.text)
    I2C3_EV_IRQHandler                       0x080001b7   Thumb Code     0  startup_stm32f407xx.o(.text)
    OTG_FS_WKUP_IRQHandler                   0x080001b7   Thumb Code     0  startup_stm32f407xx.o(.text)
    OTG_HS_EP1_IN_IRQHandler                 0x080001b7   Thumb Code     0  startup_stm32f407xx.o(.text)
    OTG_HS_EP1_OUT_IRQHandler                0x080001b7   Thumb Code     0  startup_stm32f407xx.o(.text)
    OTG_HS_IRQHandler                        0x080001b7   Thumb Code     0  startup_stm32f407xx.o(.text)
    OTG_HS_WKUP_IRQHandler                   0x080001b7   Thumb Code     0  startup_stm32f407xx.o(.text)
    PVD_IRQHandler                           0x080001b7   Thumb Code     0  startup_stm32f407xx.o(.text)
    RCC_IRQHandler                           0x080001b7   Thumb Code     0  startup_stm32f407xx.o(.text)
    RTC_Alarm_IRQHandler                     0x080001b7   Thumb Code     0  startup_stm32f407xx.o(.text)
    RTC_WKUP_IRQHandler                      0x080001b7   Thumb Code     0  startup_stm32f407xx.o(.text)
    SDIO_IRQHandler                          0x080001b7   Thumb Code     0  startup_stm32f407xx.o(.text)
    SPI1_IRQHandler                          0x080001b7   Thumb Code     0  startup_stm32f407xx.o(.text)
    SPI2_IRQHandler                          0x080001b7   Thumb Code     0  startup_stm32f407xx.o(.text)
    SPI3_IRQHandler                          0x080001b7   Thumb Code     0  startup_stm32f407xx.o(.text)
    TAMP_STAMP_IRQHandler                    0x080001b7   Thumb Code     0  startup_stm32f407xx.o(.text)
    TIM1_BRK_TIM9_IRQHandler                 0x080001b7   Thumb Code     0  startup_stm32f407xx.o(.text)
    TIM1_CC_IRQHandler                       0x080001b7   Thumb Code     0  startup_stm32f407xx.o(.text)
    TIM1_TRG_COM_TIM11_IRQHandler            0x080001b7   Thumb Code     0  startup_stm32f407xx.o(.text)
    TIM1_UP_TIM10_IRQHandler                 0x080001b7   Thumb Code     0  startup_stm32f407xx.o(.text)
    TIM5_IRQHandler                          0x080001b7   Thumb Code     0  startup_stm32f407xx.o(.text)
    TIM6_DAC_IRQHandler                      0x080001b7   Thumb Code     0  startup_stm32f407xx.o(.text)
    TIM7_IRQHandler                          0x080001b7   Thumb Code     0  startup_stm32f407xx.o(.text)
    TIM8_BRK_TIM12_IRQHandler                0x080001b7   Thumb Code     0  startup_stm32f407xx.o(.text)
    TIM8_CC_IRQHandler                       0x080001b7   Thumb Code     0  startup_stm32f407xx.o(.text)
    TIM8_TRG_COM_TIM14_IRQHandler            0x080001b7   Thumb Code     0  startup_stm32f407xx.o(.text)
    TIM8_UP_TIM13_IRQHandler                 0x080001b7   Thumb Code     0  startup_stm32f407xx.o(.text)
    UART4_IRQHandler                         0x080001b7   Thumb Code     0  startup_stm32f407xx.o(.text)
    UART5_IRQHandler                         0x080001b7   Thumb Code     0  startup_stm32f407xx.o(.text)
    USART1_IRQHandler                        0x080001b7   Thumb Code     0  startup_stm32f407xx.o(.text)
    USART2_IRQHandler                        0x080001b7   Thumb Code     0  startup_stm32f407xx.o(.text)
    USART3_IRQHandler                        0x080001b7   Thumb Code     0  startup_stm32f407xx.o(.text)
    USART6_IRQHandler                        0x080001b7   Thumb Code     0  startup_stm32f407xx.o(.text)
    WWDG_IRQHandler                          0x080001b7   Thumb Code     0  startup_stm32f407xx.o(.text)
    Reorientation_by_quaternion              0x080001c1   Thumb Code   590  reorientation_1.o(.text)
    HAL_PCD_Init                             0x0800041f   Thumb Code   192  stm32f4xx_hal_pcd.o(.text)
    HAL_PCD_Stop                             0x080004e1   Thumb Code    48  stm32f4xx_hal_pcd.o(.text)
    HAL_PCD_DeInit                           0x08000511   Thumb Code    36  stm32f4xx_hal_pcd.o(.text)
    HAL_PCD_Start                            0x08000535   Thumb Code    42  stm32f4xx_hal_pcd.o(.text)
    HAL_PCD_IRQHandler                       0x08000575   Thumb Code  1196  stm32f4xx_hal_pcd.o(.text)
    HAL_PCD_DevConnect                       0x08000a21   Thumb Code    36  stm32f4xx_hal_pcd.o(.text)
    HAL_PCD_DevDisconnect                    0x08000a45   Thumb Code    36  stm32f4xx_hal_pcd.o(.text)
    HAL_PCD_SetAddress                       0x08000a69   Thumb Code    36  stm32f4xx_hal_pcd.o(.text)
    HAL_PCD_EP_Open                          0x08000a8d   Thumb Code    84  stm32f4xx_hal_pcd.o(.text)
    HAL_PCD_EP_Close                         0x08000ae1   Thumb Code    68  stm32f4xx_hal_pcd.o(.text)
    HAL_PCD_EP_Receive                       0x08000b25   Thumb Code    72  stm32f4xx_hal_pcd.o(.text)
    HAL_PCD_EP_GetRxCount                    0x08000b6d   Thumb Code    20  stm32f4xx_hal_pcd.o(.text)
    HAL_PCD_EP_Transmit                      0x08000b81   Thumb Code    64  stm32f4xx_hal_pcd.o(.text)
    HAL_PCD_EP_SetStall                      0x08000bc1   Thumb Code   168  stm32f4xx_hal_pcd.o(.text)
    HAL_PCD_EP_ClrStall                      0x08000c69   Thumb Code    80  stm32f4xx_hal_pcd.o(.text)
    HAL_PCD_EP_Flush                         0x08000cb9   Thumb Code    52  stm32f4xx_hal_pcd.o(.text)
    HAL_PCD_ActivateRemoteWakeup             0x08000ced   Thumb Code    26  stm32f4xx_hal_pcd.o(.text)
    HAL_PCD_DeActivateRemoteWakeup           0x08000d07   Thumb Code    18  stm32f4xx_hal_pcd.o(.text)
    HAL_PCD_GetState                         0x08000d19   Thumb Code     6  stm32f4xx_hal_pcd.o(.text)
    HAL_PCDEx_SetTxFiFo                      0x08000da5   Thumb Code    68  stm32f4xx_hal_pcd_ex.o(.text)
    HAL_PCDEx_SetRxFiFo                      0x08000de9   Thumb Code     8  stm32f4xx_hal_pcd_ex.o(.text)
    USB_CoreInit                             0x08000e23   Thumb Code   104  stm32f4xx_ll_usb.o(.text)
    USB_EnableGlobalInt                      0x08000e8b   Thumb Code    12  stm32f4xx_ll_usb.o(.text)
    USB_DisableGlobalInt                     0x08000e97   Thumb Code    12  stm32f4xx_ll_usb.o(.text)
    USB_SetCurrentMode                       0x08000ea3   Thumb Code    44  stm32f4xx_ll_usb.o(.text)
    USB_FlushRxFifo                          0x08000ecf   Thumb Code    28  stm32f4xx_ll_usb.o(.text)
    USB_FlushTxFifo                          0x08000eeb   Thumb Code    32  stm32f4xx_ll_usb.o(.text)
    USB_SetDevSpeed                          0x08000f0b   Thumb Code    14  stm32f4xx_ll_usb.o(.text)
    USB_DevInit                              0x08000f19   Thumb Code   308  stm32f4xx_ll_usb.o(.text)
    USB_GetDevSpeed                          0x0800104d   Thumb Code    60  stm32f4xx_ll_usb.o(.text)
    USB_ActivateEndpoint                     0x08001089   Thumb Code   122  stm32f4xx_ll_usb.o(.text)
    USB_ActivateDedicatedEndpoint            0x08001103   Thumb Code   242  stm32f4xx_ll_usb.o(.text)
    USB_DeactivateEndpoint                   0x080011f5   Thumb Code   196  stm32f4xx_ll_usb.o(.text)
    USB_DeactivateDedicatedEndpoint          0x080012b9   Thumb Code   196  stm32f4xx_ll_usb.o(.text)
    USB_WritePacket                          0x0800137d   Thumb Code    40  stm32f4xx_ll_usb.o(.text)
    USB_EPStartXfer                          0x080013a5   Thumb Code   534  stm32f4xx_ll_usb.o(.text)
    USB_EP0StartXfer                         0x080015bb   Thumb Code   326  stm32f4xx_ll_usb.o(.text)
    USB_ReadPacket                           0x08001701   Thumb Code    32  stm32f4xx_ll_usb.o(.text)
    USB_EPSetStall                           0x08001721   Thumb Code    94  stm32f4xx_ll_usb.o(.text)
    USB_EPClearStall                         0x0800177f   Thumb Code   100  stm32f4xx_ll_usb.o(.text)
    USB_StopDevice                           0x080017e3   Thumb Code    68  stm32f4xx_ll_usb.o(.text)
    USB_SetDevAddress                        0x08001827   Thumb Code    34  stm32f4xx_ll_usb.o(.text)
    USB_DevConnect                           0x08001849   Thumb Code    24  stm32f4xx_ll_usb.o(.text)
    USB_DevDisconnect                        0x08001861   Thumb Code    24  stm32f4xx_ll_usb.o(.text)
    USB_ReadInterrupts                       0x08001879   Thumb Code     8  stm32f4xx_ll_usb.o(.text)
    USB_ReadDevAllOutEpInterrupt             0x08001881   Thumb Code    14  stm32f4xx_ll_usb.o(.text)
    USB_ReadDevAllInEpInterrupt              0x0800188f   Thumb Code    14  stm32f4xx_ll_usb.o(.text)
    USB_ReadDevOutEPInterrupt                0x0800189d   Thumb Code    16  stm32f4xx_ll_usb.o(.text)
    USB_ReadDevInEPInterrupt                 0x080018ad   Thumb Code    30  stm32f4xx_ll_usb.o(.text)
    USB_ClearInterrupts                      0x080018cb   Thumb Code     8  stm32f4xx_ll_usb.o(.text)
    USB_GetMode                              0x080018d3   Thumb Code     8  stm32f4xx_ll_usb.o(.text)
    USB_ActivateSetup                        0x080018db   Thumb Code    52  stm32f4xx_ll_usb.o(.text)
    USB_EP0_OutStart                         0x0800190f   Thumb Code    62  stm32f4xx_ll_usb.o(.text)
    USB_DriveVbus                            0x0800194d   Thumb Code    44  stm32f4xx_ll_usb.o(.text)
    USB_HostInit                             0x08001979   Thumb Code   192  stm32f4xx_ll_usb.o(.text)
    USB_InitFSLSPClkSel                      0x08001a39   Thumb Code    54  stm32f4xx_ll_usb.o(.text)
    USB_ResetPort                            0x08001a6f   Thumb Code    44  stm32f4xx_ll_usb.o(.text)
    USB_GetHostSpeed                         0x08001a9b   Thumb Code    14  stm32f4xx_ll_usb.o(.text)
    USB_GetCurrentFrame                      0x08001aa9   Thumb Code     8  stm32f4xx_ll_usb.o(.text)
    USB_HC_Init                              0x08001ab1   Thumb Code   234  stm32f4xx_ll_usb.o(.text)
    USB_DoPing                               0x08001b9b   Thumb Code    60  stm32f4xx_ll_usb.o(.text)
    USB_HC_StartXfer                         0x08001bd7   Thumb Code   386  stm32f4xx_ll_usb.o(.text)
    USB_HC_ReadInterrupt                     0x08001d59   Thumb Code    12  stm32f4xx_ll_usb.o(.text)
    USB_HC_Halt                              0x08001d65   Thumb Code   354  stm32f4xx_ll_usb.o(.text)
    USB_StopHost                             0x08001ec7   Thumb Code   178  stm32f4xx_ll_usb.o(.text)
    HAL_ADC_Init                             0x08002093   Thumb Code    84  stm32f4xx_hal_adc.o(.text)
    HAL_ADC_DeInit                           0x080020e9   Thumb Code    60  stm32f4xx_hal_adc.o(.text)
    HAL_ADC_Start                            0x08002125   Thumb Code   170  stm32f4xx_hal_adc.o(.text)
    HAL_ADC_Stop                             0x080021cf   Thumb Code    60  stm32f4xx_hal_adc.o(.text)
    HAL_ADC_PollForConversion                0x0800220b   Thumb Code   162  stm32f4xx_hal_adc.o(.text)
    HAL_ADC_PollForEvent                     0x080022ad   Thumb Code   106  stm32f4xx_hal_adc.o(.text)
    HAL_ADC_Start_IT                         0x08002317   Thumb Code   206  stm32f4xx_hal_adc.o(.text)
    HAL_ADC_Stop_IT                          0x080023e5   Thumb Code    70  stm32f4xx_hal_adc.o(.text)
    HAL_ADC_ErrorCallback                    0x0800242b   Thumb Code     2  stm32f4xx_hal_adc.o(.text)
    HAL_ADC_LevelOutOfWindowCallback         0x0800242d   Thumb Code     2  stm32f4xx_hal_adc.o(.text)
    HAL_ADC_ConvCpltCallback                 0x0800242f   Thumb Code     2  stm32f4xx_hal_adc.o(.text)
    HAL_ADC_IRQHandler                       0x08002431   Thumb Code   316  stm32f4xx_hal_adc.o(.text)
    HAL_ADC_ConvHalfCpltCallback             0x08002583   Thumb Code     2  stm32f4xx_hal_adc.o(.text)
    HAL_ADC_Start_DMA                        0x080025f1   Thumb Code   228  stm32f4xx_hal_adc.o(.text)
    HAL_ADC_Stop_DMA                         0x080026d5   Thumb Code    88  stm32f4xx_hal_adc.o(.text)
    HAL_ADC_GetValue                         0x0800272d   Thumb Code     6  stm32f4xx_hal_adc.o(.text)
    HAL_ADC_ConfigChannel                    0x08002733   Thumb Code   350  stm32f4xx_hal_adc.o(.text)
    HAL_ADC_AnalogWDGConfig                  0x08002891   Thumb Code   106  stm32f4xx_hal_adc.o(.text)
    HAL_ADC_GetState                         0x080028fb   Thumb Code     4  stm32f4xx_hal_adc.o(.text)
    HAL_ADC_GetError                         0x080028ff   Thumb Code     4  stm32f4xx_hal_adc.o(.text)
    HAL_ADCEx_InjectedStart                  0x08002919   Thumb Code   178  stm32f4xx_hal_adc_ex.o(.text)
    HAL_ADCEx_InjectedStart_IT               0x080029cb   Thumb Code   188  stm32f4xx_hal_adc_ex.o(.text)
    HAL_ADCEx_InjectedStop                   0x08002a87   Thumb Code    86  stm32f4xx_hal_adc_ex.o(.text)
    HAL_ADCEx_InjectedPollForConversion      0x08002add   Thumb Code   136  stm32f4xx_hal_adc_ex.o(.text)
    HAL_ADCEx_InjectedStop_IT                0x08002b65   Thumb Code    94  stm32f4xx_hal_adc_ex.o(.text)
    HAL_ADCEx_InjectedGetValue               0x08002bc3   Thumb Code    58  stm32f4xx_hal_adc_ex.o(.text)
    HAL_ADCEx_MultiModeStart_DMA             0x08002c6f   Thumb Code   252  stm32f4xx_hal_adc_ex.o(.text)
    HAL_ADCEx_MultiModeStop_DMA              0x08002d6b   Thumb Code    92  stm32f4xx_hal_adc_ex.o(.text)
    HAL_ADCEx_MultiModeGetValue              0x08002dc7   Thumb Code     8  stm32f4xx_hal_adc_ex.o(.text)
    HAL_ADCEx_InjectedConvCpltCallback       0x08002dcf   Thumb Code     2  stm32f4xx_hal_adc_ex.o(.text)
    HAL_ADCEx_InjectedConfigChannel          0x08002dd1   Thumb Code   430  stm32f4xx_hal_adc_ex.o(.text)
    HAL_ADCEx_MultiModeConfigChannel         0x08002f7f   Thumb Code    80  stm32f4xx_hal_adc_ex.o(.text)
    HAL_DAC_Init                             0x08002fe3   Thumb Code    40  stm32f4xx_hal_dac.o(.text)
    HAL_DAC_DeInit                           0x0800300d   Thumb Code    30  stm32f4xx_hal_dac.o(.text)
    HAL_DAC_Start                            0x0800302b   Thumb Code   108  stm32f4xx_hal_dac.o(.text)
    HAL_DAC_Stop                             0x08003097   Thumb Code    22  stm32f4xx_hal_dac.o(.text)
    HAL_DAC_ErrorCallbackCh1                 0x080030ad   Thumb Code     2  stm32f4xx_hal_dac.o(.text)
    HAL_DAC_ConvHalfCpltCallbackCh1          0x080030c7   Thumb Code     2  stm32f4xx_hal_dac.o(.text)
    HAL_DAC_ConvCpltCallbackCh1              0x080030d3   Thumb Code     2  stm32f4xx_hal_dac.o(.text)
    HAL_DAC_Start_DMA                        0x080030e5   Thumb Code   230  stm32f4xx_hal_dac.o(.text)
    HAL_DAC_Stop_DMA                         0x080031cb   Thumb Code    58  stm32f4xx_hal_dac.o(.text)
    HAL_DAC_GetValue                         0x08003205   Thumb Code    12  stm32f4xx_hal_dac.o(.text)
    HAL_DAC_DMAUnderrunCallbackCh1           0x08003211   Thumb Code     2  stm32f4xx_hal_dac.o(.text)
    HAL_DAC_IRQHandler                       0x08003213   Thumb Code    92  stm32f4xx_hal_dac.o(.text)
    HAL_DAC_ConfigChannel                    0x0800326f   Thumb Code    66  stm32f4xx_hal_dac.o(.text)
    HAL_DAC_SetValue                         0x080032b1   Thumb Code    26  stm32f4xx_hal_dac.o(.text)
    HAL_DAC_GetState                         0x080032cb   Thumb Code     4  stm32f4xx_hal_dac.o(.text)
    HAL_DAC_GetError                         0x080032cf   Thumb Code     4  stm32f4xx_hal_dac.o(.text)
    HAL_DACEx_DualGetValue                   0x080032ed   Thumb Code    12  stm32f4xx_hal_dac_ex.o(.text)
    HAL_DACEx_TriangleWaveGenerate           0x080032f9   Thumb Code    52  stm32f4xx_hal_dac_ex.o(.text)
    HAL_DACEx_NoiseWaveGenerate              0x0800332d   Thumb Code    52  stm32f4xx_hal_dac_ex.o(.text)
    HAL_DACEx_DualSetValue                   0x08003361   Thumb Code    24  stm32f4xx_hal_dac_ex.o(.text)
    HAL_DACEx_ConvCpltCallbackCh2            0x08003379   Thumb Code     2  stm32f4xx_hal_dac_ex.o(.text)
    HAL_DACEx_ConvHalfCpltCallbackCh2        0x0800337b   Thumb Code     2  stm32f4xx_hal_dac_ex.o(.text)
    HAL_DACEx_ErrorCallbackCh2               0x0800337d   Thumb Code     2  stm32f4xx_hal_dac_ex.o(.text)
    HAL_DACEx_DMAUnderrunCallbackCh2         0x0800337f   Thumb Code     2  stm32f4xx_hal_dac_ex.o(.text)
    DAC_DMAConvCpltCh2                       0x08003381   Thumb Code    16  stm32f4xx_hal_dac_ex.o(.text)
    DAC_DMAHalfConvCpltCh2                   0x08003391   Thumb Code    10  stm32f4xx_hal_dac_ex.o(.text)
    DAC_DMAErrorCh2                          0x0800339b   Thumb Code    24  stm32f4xx_hal_dac_ex.o(.text)
    HAL_I2C_Init                             0x080033b7   Thumb Code   256  stm32f4xx_hal_i2c.o(.text)
    HAL_I2C_DeInit                           0x080034b9   Thumb Code    50  stm32f4xx_hal_i2c.o(.text)
    HAL_I2C_Master_Transmit                  0x08003695   Thumb Code   320  stm32f4xx_hal_i2c.o(.text)
    HAL_I2C_Master_Receive                   0x08003913   Thumb Code   472  stm32f4xx_hal_i2c.o(.text)
    HAL_I2C_Slave_Transmit                   0x08003aeb   Thumb Code   348  stm32f4xx_hal_i2c.o(.text)
    HAL_I2C_Slave_Receive                    0x08003c47   Thumb Code   384  stm32f4xx_hal_i2c.o(.text)
    HAL_I2C_Master_Transmit_IT               0x08003dc7   Thumb Code   170  stm32f4xx_hal_i2c.o(.text)
    HAL_I2C_Master_Receive_IT                0x08003e71   Thumb Code   180  stm32f4xx_hal_i2c.o(.text)
    HAL_I2C_Master_Sequential_Transmit_IT    0x08003f25   Thumb Code   188  stm32f4xx_hal_i2c.o(.text)
    HAL_I2C_Master_Sequential_Receive_IT     0x08003fe1   Thumb Code   218  stm32f4xx_hal_i2c.o(.text)
    HAL_I2C_Slave_Transmit_IT                0x080040bb   Thumb Code   174  stm32f4xx_hal_i2c.o(.text)
    HAL_I2C_Slave_Receive_IT                 0x08004169   Thumb Code   182  stm32f4xx_hal_i2c.o(.text)
    HAL_I2C_Slave_Sequential_Transmit_IT     0x0800421f   Thumb Code   114  stm32f4xx_hal_i2c.o(.text)
    HAL_I2C_Slave_Sequential_Receive_IT      0x08004291   Thumb Code   114  stm32f4xx_hal_i2c.o(.text)
    HAL_I2C_EnableListen_IT                  0x08004303   Thumb Code    58  stm32f4xx_hal_i2c.o(.text)
    HAL_I2C_DisableListen_IT                 0x0800433d   Thumb Code    68  stm32f4xx_hal_i2c.o(.text)
    HAL_I2C_ErrorCallback                    0x08004381   Thumb Code     2  stm32f4xx_hal_i2c.o(.text)
    HAL_I2C_MasterRxCpltCallback             0x080043b7   Thumb Code     2  stm32f4xx_hal_i2c.o(.text)
    HAL_I2C_MemRxCpltCallback                0x080043b9   Thumb Code     2  stm32f4xx_hal_i2c.o(.text)
    HAL_I2C_Master_Transmit_DMA              0x08004441   Thumb Code   278  stm32f4xx_hal_i2c.o(.text)
    HAL_I2C_Master_Receive_DMA               0x08004557   Thumb Code   294  stm32f4xx_hal_i2c.o(.text)
    HAL_I2C_ListenCpltCallback               0x0800467d   Thumb Code     2  stm32f4xx_hal_i2c.o(.text)
    HAL_I2C_AbortCpltCallback                0x0800467f   Thumb Code     2  stm32f4xx_hal_i2c.o(.text)
    HAL_I2C_Master_Abort_IT                  0x080047eb   Thumb Code    86  stm32f4xx_hal_i2c.o(.text)
    HAL_I2C_Slave_Transmit_DMA               0x08004841   Thumb Code   228  stm32f4xx_hal_i2c.o(.text)
    HAL_I2C_Slave_Receive_DMA                0x08004925   Thumb Code   228  stm32f4xx_hal_i2c.o(.text)
    HAL_I2C_Mem_Write                        0x08004aa5   Thumb Code   340  stm32f4xx_hal_i2c.o(.text)
    HAL_I2C_Mem_Read                         0x08004ce9   Thumb Code   490  stm32f4xx_hal_i2c.o(.text)
    HAL_I2C_Mem_Write_IT                     0x08004ed3   Thumb Code   214  stm32f4xx_hal_i2c.o(.text)
    HAL_I2C_Mem_Read_IT                      0x08004fa9   Thumb Code   208  stm32f4xx_hal_i2c.o(.text)
    HAL_I2C_Mem_Write_DMA                    0x08005079   Thumb Code   276  stm32f4xx_hal_i2c.o(.text)
    HAL_I2C_Mem_Read_DMA                     0x0800518d   Thumb Code   356  stm32f4xx_hal_i2c.o(.text)
    HAL_I2C_IsDeviceReady                    0x080052f1   Thumb Code   370  stm32f4xx_hal_i2c.o(.text)
    HAL_I2C_SlaveRxCpltCallback              0x08005463   Thumb Code     2  stm32f4xx_hal_i2c.o(.text)
    HAL_I2C_SlaveTxCpltCallback              0x08005465   Thumb Code     2  stm32f4xx_hal_i2c.o(.text)
    HAL_I2C_AddrCallback                     0x0800553d   Thumb Code     2  stm32f4xx_hal_i2c.o(.text)
    HAL_I2C_MasterTxCpltCallback             0x080055fd   Thumb Code     2  stm32f4xx_hal_i2c.o(.text)
    HAL_I2C_MemTxCpltCallback                0x080055ff   Thumb Code     2  stm32f4xx_hal_i2c.o(.text)
    HAL_I2C_EV_IRQHandler                    0x08005807   Thumb Code   480  stm32f4xx_hal_i2c.o(.text)
    HAL_I2C_ER_IRQHandler                    0x080059e7   Thumb Code   194  stm32f4xx_hal_i2c.o(.text)
    HAL_I2C_GetState                         0x08005aa9   Thumb Code     6  stm32f4xx_hal_i2c.o(.text)
    HAL_I2C_GetMode                          0x08005aaf   Thumb Code     6  stm32f4xx_hal_i2c.o(.text)
    HAL_I2C_GetError                         0x08005ab5   Thumb Code     4  stm32f4xx_hal_i2c.o(.text)
    TIM_Base_SetConfig                       0x08005d35   Thumb Code   148  stm32f4xx_hal_tim.o(.text)
    HAL_TIM_Base_Init                        0x08005dcb   Thumb Code    54  stm32f4xx_hal_tim.o(.text)
    HAL_TIM_Base_DeInit                      0x08005e03   Thumb Code    56  stm32f4xx_hal_tim.o(.text)
    HAL_TIM_Base_Start                       0x08005e3b   Thumb Code    26  stm32f4xx_hal_tim.o(.text)
    HAL_TIM_Base_Stop                        0x08005e55   Thumb Code    44  stm32f4xx_hal_tim.o(.text)
    HAL_TIM_Base_Start_IT                    0x08005e81   Thumb Code    24  stm32f4xx_hal_tim.o(.text)
    HAL_TIM_Base_Stop_IT                     0x08005e99   Thumb Code    42  stm32f4xx_hal_tim.o(.text)
    HAL_TIM_ErrorCallback                    0x08005ec3   Thumb Code     2  stm32f4xx_hal_tim.o(.text)
    TIM_DMAError                             0x08005ec5   Thumb Code    16  stm32f4xx_hal_tim.o(.text)
    HAL_TIM_PeriodElapsedCallback            0x08005ed5   Thumb Code     2  stm32f4xx_hal_tim.o(.text)
    HAL_TIM_Base_Start_DMA                   0x08005ee7   Thumb Code    84  stm32f4xx_hal_tim.o(.text)
    HAL_TIM_Base_Stop_DMA                    0x08005f3b   Thumb Code    48  stm32f4xx_hal_tim.o(.text)
    HAL_TIM_OC_MspInit                       0x08005f6b   Thumb Code     2  stm32f4xx_hal_tim.o(.text)
    HAL_TIM_OC_Init                          0x08005f6d   Thumb Code    54  stm32f4xx_hal_tim.o(.text)
    HAL_TIM_OC_MspDeInit                     0x08005fa3   Thumb Code     2  stm32f4xx_hal_tim.o(.text)
    HAL_TIM_OC_DeInit                        0x08005fa5   Thumb Code    56  stm32f4xx_hal_tim.o(.text)
    TIM_CCxChannelCmd                        0x08005fdd   Thumb Code    22  stm32f4xx_hal_tim.o(.text)
    HAL_TIM_OC_Start                         0x08005ff3   Thumb Code    48  stm32f4xx_hal_tim.o(.text)
    HAL_TIM_OC_Stop                          0x08006023   Thumb Code    78  stm32f4xx_hal_tim.o(.text)
    HAL_TIM_OC_Start_IT                      0x08006071   Thumb Code    98  stm32f4xx_hal_tim.o(.text)
    HAL_TIM_OC_Stop_IT                       0x080060d3   Thumb Code   178  stm32f4xx_hal_tim.o(.text)
    HAL_TIM_PWM_PulseFinishedCallback        0x08006185   Thumb Code     2  stm32f4xx_hal_tim.o(.text)
    TIM_DMADelayPulseCplt                    0x08006187   Thumb Code    62  stm32f4xx_hal_tim.o(.text)
    HAL_TIM_OC_Start_DMA                     0x080061c5   Thumb Code   226  stm32f4xx_hal_tim.o(.text)
    HAL_TIM_OC_Stop_DMA                      0x080062a7   Thumb Code   134  stm32f4xx_hal_tim.o(.text)
    HAL_TIM_PWM_MspInit                      0x0800632d   Thumb Code     2  stm32f4xx_hal_tim.o(.text)
    HAL_TIM_PWM_Init                         0x0800632f   Thumb Code    54  stm32f4xx_hal_tim.o(.text)
    HAL_TIM_PWM_MspDeInit                    0x08006365   Thumb Code     2  stm32f4xx_hal_tim.o(.text)
    HAL_TIM_PWM_DeInit                       0x08006367   Thumb Code    56  stm32f4xx_hal_tim.o(.text)
    HAL_TIM_PWM_Start                        0x0800639f   Thumb Code    48  stm32f4xx_hal_tim.o(.text)
    HAL_TIM_PWM_Stop                         0x080063cf   Thumb Code    84  stm32f4xx_hal_tim.o(.text)
    HAL_TIM_PWM_Start_IT                     0x08006423   Thumb Code    98  stm32f4xx_hal_tim.o(.text)
    HAL_TIM_PWM_Stop_IT                      0x08006485   Thumb Code   128  stm32f4xx_hal_tim.o(.text)
    HAL_TIM_PWM_Start_DMA                    0x08006505   Thumb Code   226  stm32f4xx_hal_tim.o(.text)
    HAL_TIM_PWM_Stop_DMA                     0x080065e7   Thumb Code   144  stm32f4xx_hal_tim.o(.text)
    HAL_TIM_IC_MspInit                       0x08006677   Thumb Code     2  stm32f4xx_hal_tim.o(.text)
    HAL_TIM_IC_Init                          0x08006679   Thumb Code    54  stm32f4xx_hal_tim.o(.text)
    HAL_TIM_IC_MspDeInit                     0x080066af   Thumb Code     2  stm32f4xx_hal_tim.o(.text)
    HAL_TIM_IC_DeInit                        0x080066b1   Thumb Code    56  stm32f4xx_hal_tim.o(.text)
    HAL_TIM_IC_Start                         0x080066e9   Thumb Code    26  stm32f4xx_hal_tim.o(.text)
    HAL_TIM_IC_Stop                          0x08006703   Thumb Code    44  stm32f4xx_hal_tim.o(.text)
    HAL_TIM_IC_Start_IT                      0x0800672f   Thumb Code    76  stm32f4xx_hal_tim.o(.text)
    HAL_TIM_IC_Stop_IT                       0x0800677b   Thumb Code    94  stm32f4xx_hal_tim.o(.text)
    HAL_TIM_IC_CaptureCallback               0x080067d9   Thumb Code     2  stm32f4xx_hal_tim.o(.text)
    TIM_DMACaptureCplt                       0x080067db   Thumb Code    62  stm32f4xx_hal_tim.o(.text)
    HAL_TIM_IC_Start_DMA                     0x08006819   Thumb Code   194  stm32f4xx_hal_tim.o(.text)
    HAL_TIM_IC_Stop_DMA                      0x080068db   Thumb Code   100  stm32f4xx_hal_tim.o(.text)
    HAL_TIM_OnePulse_MspInit                 0x0800693f   Thumb Code     2  stm32f4xx_hal_tim.o(.text)
    HAL_TIM_OnePulse_Init                    0x08006941   Thumb Code    74  stm32f4xx_hal_tim.o(.text)
    HAL_TIM_OnePulse_MspDeInit               0x0800698b   Thumb Code     2  stm32f4xx_hal_tim.o(.text)
    HAL_TIM_OnePulse_DeInit                  0x0800698d   Thumb Code    56  stm32f4xx_hal_tim.o(.text)
    HAL_TIM_OnePulse_Start                   0x080069c5   Thumb Code    50  stm32f4xx_hal_tim.o(.text)
    HAL_TIM_OnePulse_Stop                    0x080069f7   Thumb Code    90  stm32f4xx_hal_tim.o(.text)
    HAL_TIM_OnePulse_Start_IT                0x08006a51   Thumb Code    70  stm32f4xx_hal_tim.o(.text)
    HAL_TIM_OnePulse_Stop_IT                 0x08006a97   Thumb Code   110  stm32f4xx_hal_tim.o(.text)
    HAL_TIM_Encoder_MspInit                  0x08006b05   Thumb Code     2  stm32f4xx_hal_tim.o(.text)
    HAL_TIM_Encoder_Init                     0x08006b07   Thumb Code   150  stm32f4xx_hal_tim.o(.text)
    HAL_TIM_Encoder_MspDeInit                0x08006b9d   Thumb Code     2  stm32f4xx_hal_tim.o(.text)
    HAL_TIM_Encoder_DeInit                   0x08006b9f   Thumb Code    56  stm32f4xx_hal_tim.o(.text)
    HAL_TIM_Encoder_Start                    0x08006bd7   Thumb Code    50  stm32f4xx_hal_tim.o(.text)
    HAL_TIM_Encoder_Stop                     0x08006c09   Thumb Code    70  stm32f4xx_hal_tim.o(.text)
    HAL_TIM_Encoder_Start_IT                 0x08006c4f   Thumb Code    92  stm32f4xx_hal_tim.o(.text)
    HAL_TIM_Encoder_Stop_IT                  0x08006cab   Thumb Code   116  stm32f4xx_hal_tim.o(.text)
    HAL_TIM_Encoder_Start_DMA                0x08006d1f   Thumb Code   274  stm32f4xx_hal_tim.o(.text)
    HAL_TIM_Encoder_Stop_DMA                 0x08006e31   Thumb Code   116  stm32f4xx_hal_tim.o(.text)
    HAL_TIM_TriggerCallback                  0x08006ea5   Thumb Code     2  stm32f4xx_hal_tim.o(.text)
    HAL_TIM_OC_DelayElapsedCallback          0x08006ea7   Thumb Code     2  stm32f4xx_hal_tim.o(.text)
    HAL_TIM_IRQHandler                       0x08006ea9   Thumb Code   358  stm32f4xx_hal_tim.o(.text)
    TIM_OC2_SetConfig                        0x080070ad   Thumb Code    90  stm32f4xx_hal_tim.o(.text)
    HAL_TIM_OC_ConfigChannel                 0x08007157   Thumb Code    86  stm32f4xx_hal_tim.o(.text)
    TIM_TI1_SetConfig                        0x080071e3   Thumb Code   104  stm32f4xx_hal_tim.o(.text)
    HAL_TIM_IC_ConfigChannel                 0x0800724b   Thumb Code   282  stm32f4xx_hal_tim.o(.text)
    HAL_TIM_PWM_ConfigChannel                0x08007365   Thumb Code   240  stm32f4xx_hal_tim.o(.text)
    HAL_TIM_OnePulse_ConfigChannel           0x08007455   Thumb Code   218  stm32f4xx_hal_tim.o(.text)
    HAL_TIM_DMABurst_WriteStart              0x0800753f   Thumb Code   238  stm32f4xx_hal_tim.o(.text)
    HAL_TIM_DMABurst_WriteStop               0x0800762d   Thumb Code    96  stm32f4xx_hal_tim.o(.text)
    HAL_TIM_DMABurst_ReadStart               0x0800768d   Thumb Code   240  stm32f4xx_hal_tim.o(.text)
    HAL_TIM_DMABurst_ReadStop                0x0800777d   Thumb Code    96  stm32f4xx_hal_tim.o(.text)
    HAL_TIM_GenerateEvent                    0x080077dd   Thumb Code    38  stm32f4xx_hal_tim.o(.text)
    HAL_TIM_ConfigOCrefClear                 0x08007803   Thumb Code   172  stm32f4xx_hal_tim.o(.text)
    HAL_TIM_ConfigClockSource                0x080078af   Thumb Code   262  stm32f4xx_hal_tim.o(.text)
    HAL_TIM_ConfigTI1Input                   0x080079b5   Thumb Code    16  stm32f4xx_hal_tim.o(.text)
    HAL_TIM_SlaveConfigSynchronization       0x08007a41   Thumb Code    66  stm32f4xx_hal_tim.o(.text)
    HAL_TIM_SlaveConfigSynchronization_IT    0x08007a83   Thumb Code    66  stm32f4xx_hal_tim.o(.text)
    HAL_TIM_ReadCapturedValue                0x08007ac5   Thumb Code    68  stm32f4xx_hal_tim.o(.text)
    HAL_TIM_Base_GetState                    0x08007b09   Thumb Code     6  stm32f4xx_hal_tim.o(.text)
    HAL_TIM_OC_GetState                      0x08007b0f   Thumb Code     6  stm32f4xx_hal_tim.o(.text)
    HAL_TIM_PWM_GetState                     0x08007b15   Thumb Code     6  stm32f4xx_hal_tim.o(.text)
    HAL_TIM_IC_GetState                      0x08007b1b   Thumb Code     6  stm32f4xx_hal_tim.o(.text)
    HAL_TIM_OnePulse_GetState                0x08007b21   Thumb Code     6  stm32f4xx_hal_tim.o(.text)
    HAL_TIM_Encoder_GetState                 0x08007b27   Thumb Code     6  stm32f4xx_hal_tim.o(.text)
    HAL_TIMEx_HallSensor_MspInit             0x08007b99   Thumb Code     2  stm32f4xx_hal_tim_ex.o(.text)
    HAL_TIMEx_HallSensor_Init                0x08007b9b   Thumb Code   176  stm32f4xx_hal_tim_ex.o(.text)
    HAL_TIMEx_HallSensor_MspDeInit           0x08007c4b   Thumb Code     2  stm32f4xx_hal_tim_ex.o(.text)
    HAL_TIMEx_HallSensor_DeInit              0x08007c4d   Thumb Code    56  stm32f4xx_hal_tim_ex.o(.text)
    HAL_TIMEx_HallSensor_Start               0x08007c85   Thumb Code    28  stm32f4xx_hal_tim_ex.o(.text)
    HAL_TIMEx_HallSensor_Stop                0x08007ca1   Thumb Code    46  stm32f4xx_hal_tim_ex.o(.text)
    HAL_TIMEx_HallSensor_Start_IT            0x08007ccf   Thumb Code    38  stm32f4xx_hal_tim_ex.o(.text)
    HAL_TIMEx_HallSensor_Stop_IT             0x08007cf5   Thumb Code    56  stm32f4xx_hal_tim_ex.o(.text)
    HAL_TIMEx_HallSensor_Start_DMA           0x08007d2d   Thumb Code    96  stm32f4xx_hal_tim_ex.o(.text)
    HAL_TIMEx_HallSensor_Stop_DMA            0x08007d8d   Thumb Code    56  stm32f4xx_hal_tim_ex.o(.text)
    HAL_TIMEx_OCN_Start                      0x08007dc5   Thumb Code    36  stm32f4xx_hal_tim_ex.o(.text)
    HAL_TIMEx_OCN_Stop                       0x08007de9   Thumb Code    68  stm32f4xx_hal_tim_ex.o(.text)
    HAL_TIMEx_OCN_Start_IT                   0x08007e2d   Thumb Code    96  stm32f4xx_hal_tim_ex.o(.text)
    HAL_TIMEx_OCN_Stop_IT                    0x08007e8d   Thumb Code   134  stm32f4xx_hal_tim_ex.o(.text)
    HAL_TIMEx_OCN_Start_DMA                  0x08007f13   Thumb Code   210  stm32f4xx_hal_tim_ex.o(.text)
    HAL_TIMEx_OCN_Stop_DMA                   0x08007fe5   Thumb Code   124  stm32f4xx_hal_tim_ex.o(.text)
    HAL_TIMEx_PWMN_Start                     0x08008061   Thumb Code    36  stm32f4xx_hal_tim_ex.o(.text)
    HAL_TIMEx_PWMN_Stop                      0x08008085   Thumb Code    68  stm32f4xx_hal_tim_ex.o(.text)
    HAL_TIMEx_PWMN_Start_IT                  0x080080c9   Thumb Code    96  stm32f4xx_hal_tim_ex.o(.text)
    HAL_TIMEx_PWMN_Stop_IT                   0x08008129   Thumb Code   148  stm32f4xx_hal_tim_ex.o(.text)
    HAL_TIMEx_PWMN_Start_DMA                 0x080081bd   Thumb Code   210  stm32f4xx_hal_tim_ex.o(.text)
    HAL_TIMEx_PWMN_Stop_DMA                  0x0800828f   Thumb Code   124  stm32f4xx_hal_tim_ex.o(.text)
    HAL_TIMEx_OnePulseN_Start                0x0800830b   Thumb Code    26  stm32f4xx_hal_tim_ex.o(.text)
    HAL_TIMEx_OnePulseN_Stop                 0x08008325   Thumb Code    68  stm32f4xx_hal_tim_ex.o(.text)
    HAL_TIMEx_OnePulseN_Start_IT             0x08008369   Thumb Code    46  stm32f4xx_hal_tim_ex.o(.text)
    HAL_TIMEx_OnePulseN_Stop_IT              0x08008397   Thumb Code    88  stm32f4xx_hal_tim_ex.o(.text)
    HAL_TIMEx_ConfigCommutationEvent         0x080083ef   Thumb Code    92  stm32f4xx_hal_tim_ex.o(.text)
    HAL_TIMEx_ConfigCommutationEvent_IT      0x0800844b   Thumb Code   102  stm32f4xx_hal_tim_ex.o(.text)
    HAL_TIMEx_CommutationCallback            0x080084b1   Thumb Code     2  stm32f4xx_hal_tim_ex.o(.text)
    TIMEx_DMACommutationCplt                 0x080084b3   Thumb Code    16  stm32f4xx_hal_tim_ex.o(.text)
    HAL_TIMEx_ConfigCommutationEvent_DMA     0x080084c3   Thumb Code   116  stm32f4xx_hal_tim_ex.o(.text)
    HAL_TIMEx_MasterConfigSynchronization    0x08008537   Thumb Code    80  stm32f4xx_hal_tim_ex.o(.text)
    HAL_TIMEx_ConfigBreakDeadTime            0x08008587   Thumb Code   102  stm32f4xx_hal_tim_ex.o(.text)
    HAL_TIMEx_RemapConfig                    0x080085ed   Thumb Code    34  stm32f4xx_hal_tim_ex.o(.text)
    HAL_TIMEx_BreakCallback                  0x0800860f   Thumb Code     2  stm32f4xx_hal_tim_ex.o(.text)
    HAL_TIMEx_HallSensor_GetState            0x08008611   Thumb Code     6  stm32f4xx_hal_tim_ex.o(.text)
    HAL_RCC_OscConfig                        0x08008631   Thumb Code   770  stm32f4xx_hal_rcc.o(.text)
    HAL_RCC_GetSysClockFreq                  0x08008933   Thumb Code    88  stm32f4xx_hal_rcc.o(.text)
    HAL_RCC_ClockConfig                      0x0800898b   Thumb Code   320  stm32f4xx_hal_rcc.o(.text)
    HAL_RCC_MCOConfig                        0x08008acb   Thumb Code   126  stm32f4xx_hal_rcc.o(.text)
    HAL_RCC_EnableCSS                        0x08008b49   Thumb Code     8  stm32f4xx_hal_rcc.o(.text)
    HAL_RCC_DisableCSS                       0x08008b51   Thumb Code     8  stm32f4xx_hal_rcc.o(.text)
    HAL_RCC_GetHCLKFreq                      0x08008b59   Thumb Code     6  stm32f4xx_hal_rcc.o(.text)
    HAL_RCC_GetPCLK1Freq                     0x08008b5f   Thumb Code    22  stm32f4xx_hal_rcc.o(.text)
    HAL_RCC_GetPCLK2Freq                     0x08008b75   Thumb Code    22  stm32f4xx_hal_rcc.o(.text)
    HAL_RCC_GetOscConfig                     0x08008b8b   Thumb Code   176  stm32f4xx_hal_rcc.o(.text)
    HAL_RCC_GetClockConfig                   0x08008c3b   Thumb Code    56  stm32f4xx_hal_rcc.o(.text)
    HAL_RCC_CSSCallback                      0x08008c73   Thumb Code     2  stm32f4xx_hal_rcc.o(.text)
    HAL_RCC_NMI_IRQHandler                   0x08008c75   Thumb Code    26  stm32f4xx_hal_rcc.o(.text)
    HAL_GPIO_Init                            0x08008cb1   Thumb Code   388  stm32f4xx_hal_gpio.o(.text)
    HAL_GPIO_DeInit                          0x08008e35   Thumb Code   288  stm32f4xx_hal_gpio.o(.text)
    HAL_GPIO_ReadPin                         0x08008f55   Thumb Code    10  stm32f4xx_hal_gpio.o(.text)
    HAL_GPIO_WritePin                        0x08008f5f   Thumb Code    10  stm32f4xx_hal_gpio.o(.text)
    HAL_GPIO_TogglePin                       0x08008f69   Thumb Code     8  stm32f4xx_hal_gpio.o(.text)
    HAL_GPIO_LockPin                         0x08008f71   Thumb Code    34  stm32f4xx_hal_gpio.o(.text)
    HAL_GPIO_EXTI_Callback                   0x08008f93   Thumb Code     2  stm32f4xx_hal_gpio.o(.text)
    HAL_GPIO_EXTI_IRQHandler                 0x08008f95   Thumb Code    20  stm32f4xx_hal_gpio.o(.text)
    HAL_DMA_Init                             0x08008ff7   Thumb Code   208  stm32f4xx_hal_dma.o(.text)
    HAL_DMA_DeInit                           0x080090c7   Thumb Code    86  stm32f4xx_hal_dma.o(.text)
    HAL_DMA_Start                            0x08009145   Thumb Code    70  stm32f4xx_hal_dma.o(.text)
    HAL_DMA_Start_IT                         0x0800918b   Thumb Code   118  stm32f4xx_hal_dma.o(.text)
    HAL_DMA_Abort                            0x08009201   Thumb Code   142  stm32f4xx_hal_dma.o(.text)
    HAL_DMA_Abort_IT                         0x0800928f   Thumb Code    36  stm32f4xx_hal_dma.o(.text)
    HAL_DMA_PollForTransfer                  0x080092b3   Thumb Code   300  stm32f4xx_hal_dma.o(.text)
    HAL_DMA_IRQHandler                       0x080093df   Thumb Code   412  stm32f4xx_hal_dma.o(.text)
    HAL_DMA_RegisterCallback                 0x0800957b   Thumb Code    80  stm32f4xx_hal_dma.o(.text)
    HAL_DMA_UnRegisterCallback               0x080095cb   Thumb Code    96  stm32f4xx_hal_dma.o(.text)
    HAL_DMA_GetState                         0x0800962b   Thumb Code     6  stm32f4xx_hal_dma.o(.text)
    HAL_DMA_GetError                         0x08009631   Thumb Code     4  stm32f4xx_hal_dma.o(.text)
    HAL_NVIC_SetPriorityGrouping             0x0800968d   Thumb Code    26  stm32f4xx_hal_cortex.o(.text)
    HAL_NVIC_SetPriority                     0x080096a7   Thumb Code    60  stm32f4xx_hal_cortex.o(.text)
    HAL_NVIC_EnableIRQ                       0x080096e3   Thumb Code    22  stm32f4xx_hal_cortex.o(.text)
    HAL_NVIC_DisableIRQ                      0x080096f9   Thumb Code    22  stm32f4xx_hal_cortex.o(.text)
    HAL_NVIC_SystemReset                     0x0800970f   Thumb Code    28  stm32f4xx_hal_cortex.o(.text)
    HAL_SYSTICK_Config                       0x0800972b   Thumb Code    40  stm32f4xx_hal_cortex.o(.text)
    HAL_MPU_Disable                          0x08009753   Thumb Code    26  stm32f4xx_hal_cortex.o(.text)
    HAL_MPU_Enable                           0x0800976d   Thumb Code    32  stm32f4xx_hal_cortex.o(.text)
    HAL_MPU_ConfigRegion                     0x0800978d   Thumb Code    82  stm32f4xx_hal_cortex.o(.text)
    HAL_NVIC_GetPriorityGrouping             0x080097df   Thumb Code    10  stm32f4xx_hal_cortex.o(.text)
    HAL_NVIC_GetPriority                     0x080097e9   Thumb Code    82  stm32f4xx_hal_cortex.o(.text)
    HAL_NVIC_SetPendingIRQ                   0x0800983b   Thumb Code    22  stm32f4xx_hal_cortex.o(.text)
    HAL_NVIC_GetPendingIRQ                   0x08009851   Thumb Code    32  stm32f4xx_hal_cortex.o(.text)
    HAL_NVIC_ClearPendingIRQ                 0x08009871   Thumb Code    22  stm32f4xx_hal_cortex.o(.text)
    HAL_NVIC_GetActive                       0x08009887   Thumb Code    32  stm32f4xx_hal_cortex.o(.text)
    HAL_SYSTICK_CLKSourceConfig              0x080098a7   Thumb Code    24  stm32f4xx_hal_cortex.o(.text)
    HAL_SYSTICK_Callback                     0x080098bf   Thumb Code     2  stm32f4xx_hal_cortex.o(.text)
    HAL_SYSTICK_IRQHandler                   0x080098c1   Thumb Code     8  stm32f4xx_hal_cortex.o(.text)
    HAL_InitTick                             0x080098f3   Thumb Code    54  stm32f4xx_hal.o(.text)
    HAL_Init                                 0x08009929   Thumb Code    48  stm32f4xx_hal.o(.text)
    HAL_MspDeInit                            0x08009959   Thumb Code     2  stm32f4xx_hal.o(.text)
    HAL_DeInit                               0x0800995b   Thumb Code    48  stm32f4xx_hal.o(.text)
    HAL_IncTick                              0x0800998b   Thumb Code    12  stm32f4xx_hal.o(.text)
    HAL_GetTick                              0x08009997   Thumb Code     6  stm32f4xx_hal.o(.text)
    HAL_GetTickPrio                          0x0800999d   Thumb Code     6  stm32f4xx_hal.o(.text)
    HAL_SetTickFreq                          0x080099a3   Thumb Code    24  stm32f4xx_hal.o(.text)
    HAL_GetTickFreq                          0x080099bb   Thumb Code     6  stm32f4xx_hal.o(.text)
    HAL_Delay                                0x080099c1   Thumb Code    32  stm32f4xx_hal.o(.text)
    HAL_SuspendTick                          0x080099e1   Thumb Code    14  stm32f4xx_hal.o(.text)
    HAL_ResumeTick                           0x080099ef   Thumb Code    14  stm32f4xx_hal.o(.text)
    HAL_GetHalVersion                        0x080099fd   Thumb Code     4  stm32f4xx_hal.o(.text)
    HAL_GetREVID                             0x08009a01   Thumb Code     8  stm32f4xx_hal.o(.text)
    HAL_GetDEVID                             0x08009a09   Thumb Code    10  stm32f4xx_hal.o(.text)
    HAL_DBGMCU_EnableDBGSleepMode            0x08009a13   Thumb Code    12  stm32f4xx_hal.o(.text)
    HAL_DBGMCU_DisableDBGSleepMode           0x08009a1f   Thumb Code    12  stm32f4xx_hal.o(.text)
    HAL_DBGMCU_EnableDBGStopMode             0x08009a2b   Thumb Code    12  stm32f4xx_hal.o(.text)
    HAL_DBGMCU_DisableDBGStopMode            0x08009a37   Thumb Code    12  stm32f4xx_hal.o(.text)
    HAL_DBGMCU_EnableDBGStandbyMode          0x08009a43   Thumb Code    12  stm32f4xx_hal.o(.text)
    HAL_DBGMCU_DisableDBGStandbyMode         0x08009a4f   Thumb Code    12  stm32f4xx_hal.o(.text)
    HAL_EnableCompensationCell               0x08009a5b   Thumb Code     8  stm32f4xx_hal.o(.text)
    HAL_DisableCompensationCell              0x08009a63   Thumb Code     8  stm32f4xx_hal.o(.text)
    HAL_GetUID                               0x08009a6b   Thumb Code    24  stm32f4xx_hal.o(.text)
    SystemInit                               0x08009aa5   Thumb Code    66  system_stm32f4xx.o(.text)
    SystemCoreClockUpdate                    0x08009ae7   Thumb Code   106  system_stm32f4xx.o(.text)
    USBD_Init                                0x08009b6d   Thumb Code    42  usbd_core.o(.text)
    USBD_DeInit                              0x08009b97   Thumb Code    38  usbd_core.o(.text)
    USBD_RegisterClass                       0x08009bbd   Thumb Code    16  usbd_core.o(.text)
    USBD_Start                               0x08009bcd   Thumb Code    10  usbd_core.o(.text)
    USBD_Stop                                0x08009bd7   Thumb Code    26  usbd_core.o(.text)
    USBD_RunTestMode                         0x08009bf1   Thumb Code     4  usbd_core.o(.text)
    USBD_SetClassConfig                      0x08009bf5   Thumb Code    22  usbd_core.o(.text)
    USBD_ClrClassConfig                      0x08009c0b   Thumb Code    14  usbd_core.o(.text)
    USBD_LL_SetupStage                       0x08009c19   Thumb Code    90  usbd_core.o(.text)
    USBD_LL_DataOutStage                     0x08009c73   Thumb Code   106  usbd_core.o(.text)
    USBD_LL_DataInStage                      0x08009cdd   Thumb Code   170  usbd_core.o(.text)
    USBD_LL_Reset                            0x08009d87   Thumb Code    62  usbd_core.o(.text)
    USBD_LL_SetSpeed                         0x08009dc5   Thumb Code     6  usbd_core.o(.text)
    USBD_LL_Suspend                          0x08009dcb   Thumb Code    18  usbd_core.o(.text)
    USBD_LL_Resume                           0x08009ddd   Thumb Code    12  usbd_core.o(.text)
    USBD_LL_SOF                              0x08009de9   Thumb Code    24  usbd_core.o(.text)
    USBD_LL_IsoINIncomplete                  0x08009e01   Thumb Code     4  usbd_core.o(.text)
    USBD_LL_IsoOUTIncomplete                 0x08009e05   Thumb Code     4  usbd_core.o(.text)
    USBD_LL_DevConnected                     0x08009e09   Thumb Code     4  usbd_core.o(.text)
    USBD_LL_DevDisconnected                  0x08009e0d   Thumb Code    22  usbd_core.o(.text)
    USBD_CtlError                            0x08009e25   Thumb Code    22  usbd_ctlreq.o(.text)
    USBD_StdDevReq                           0x08009f87   Thumb Code   242  usbd_ctlreq.o(.text)
    USBD_StdItfReq                           0x0800a079   Thumb Code    52  usbd_ctlreq.o(.text)
    USBD_StdEPReq                            0x0800a0ad   Thumb Code   220  usbd_ctlreq.o(.text)
    USBD_ParseSetupRequest                   0x0800a189   Thumb Code    40  usbd_ctlreq.o(.text)
    USBD_GetString                           0x0800a1b1   Thumb Code    70  usbd_ctlreq.o(.text)
    USBD_CtlSendData                         0x0800a1fd   Thumb Code    26  usbd_ioreq.o(.text)
    USBD_CtlContinueSendData                 0x0800a217   Thumb Code    16  usbd_ioreq.o(.text)
    USBD_CtlPrepareRx                        0x0800a227   Thumb Code    30  usbd_ioreq.o(.text)
    USBD_CtlContinueRx                       0x0800a245   Thumb Code    16  usbd_ioreq.o(.text)
    USBD_CtlSendStatus                       0x0800a255   Thumb Code    22  usbd_ioreq.o(.text)
    USBD_CtlReceiveStatus                    0x0800a26b   Thumb Code    22  usbd_ioreq.o(.text)
    USBD_GetRxCount                          0x0800a281   Thumb Code    10  usbd_ioreq.o(.text)
    USBD_HID_SendReport                      0x0800a36f   Thumb Code    36  usbd_hid.o(.text)
    USBD_HID_GetPollingInterval              0x0800a393   Thumb Code    12  usbd_hid.o(.text)
    I2C_BufferRead                           0x0800a3c5   Thumb Code    20  mpu6050.o(.text)
    GetRawAcc                                0x0800a3d9   Thumb Code    68  mpu6050.o(.text)
    GetTemp                                  0x0800a41d   Thumb Code    36  mpu6050.o(.text)
    GetRawGyro                               0x0800a441   Thumb Code    42  mpu6050.o(.text)
    GetRawMagnet                             0x0800a46b   Thumb Code    36  mpu6050.o(.text)
    ReadStatusReg                            0x0800a48f   Thumb Code    24  mpu6050.o(.text)
    GetSensivityMagnet                       0x0800a4a7   Thumb Code    36  mpu6050.o(.text)
    I2C_ByteWrite                            0x0800a4cb   Thumb Code    24  mpu6050.o(.text)
    WriteBits                                0x0800a4e3   Thumb Code    70  mpu6050.o(.text)
    SetBandwidthGyro                         0x0800a529   Thumb Code    18  mpu6050.o(.text)
    SetBandwidthAccel                        0x0800a53b   Thumb Code    18  mpu6050.o(.text)
    WriteBit                                 0x0800a54d   Thumb Code    56  mpu6050.o(.text)
    SetSleepModeStatus                       0x0800a585   Thumb Code    10  mpu6050.o(.text)
    SetFullScaleGyroRange                    0x0800a58f   Thumb Code    18  mpu6050.o(.text)
    SetFullScaleAccelRange                   0x0800a5a1   Thumb Code    18  mpu6050.o(.text)
    SetClockSource                           0x0800a5b3   Thumb Code    18  mpu6050.o(.text)
    Initialize                               0x0800a5c5   Thumb Code   154  mpu6050.o(.text)
    SetModeStatus                            0x0800a65f   Thumb Code    10  mpu6050.o(.text)
    ReadBits                                 0x0800a669   Thumb Code    52  mpu6050.o(.text)
    get_X_Rotation                           0x0800a6a5   Thumb Code   250  accelangle.o(.text)
    get_Y_Rotation                           0x0800a79f   Thumb Code   104  accelangle.o(.text)
    get_Z_Rotation                           0x0800a807   Thumb Code   250  accelangle.o(.text)
    KalmanFilterSimple1D                     0x0800a91d   Thumb Code    50  kalmanfilter.o(.text)
    Final                                    0x0800a94f   Thumb Code    34  complimentaryfilter.o(.text)
    Heading                                  0x0800a971   Thumb Code   366  heading.o(.text)
    getMagnetAngles                          0x0800aadf   Thumb Code   120  heading.o(.text)
    _Error_Handler                           0x0800ab71   Thumb Code     2  main.o(.text)
    SystemClock_Config                       0x0800ab73   Thumb Code   150  main.o(.text)
    main                                     0x0800ac09   Thumb Code   168  main.o(.text)
    MX_USB_DEVICE_Init                       0x0800af81   Thumb Code    30  usb_device.o(.text)
    HAL_PCD_MspInit                          0x0800afad   Thumb Code    92  usbd_conf.o(.text)
    HAL_PCD_MspDeInit                        0x0800b009   Thumb Code    42  usbd_conf.o(.text)
    HAL_PCD_SetupStageCallback               0x0800b033   Thumb Code    14  usbd_conf.o(.text)
    HAL_PCD_DataOutStageCallback             0x0800b041   Thumb Code    20  usbd_conf.o(.text)
    HAL_PCD_DataInStageCallback              0x0800b055   Thumb Code    18  usbd_conf.o(.text)
    HAL_PCD_SOFCallback                      0x0800b067   Thumb Code     8  usbd_conf.o(.text)
    HAL_PCD_ResetCallback                    0x0800b06f   Thumb Code    32  usbd_conf.o(.text)
    HAL_PCD_SuspendCallback                  0x0800b08f   Thumb Code    44  usbd_conf.o(.text)
    HAL_PCD_ResumeCallback                   0x0800b0bb   Thumb Code     8  usbd_conf.o(.text)
    HAL_PCD_ISOOUTIncompleteCallback         0x0800b0c3   Thumb Code     8  usbd_conf.o(.text)
    HAL_PCD_ISOINIncompleteCallback          0x0800b0cb   Thumb Code     8  usbd_conf.o(.text)
    HAL_PCD_ConnectCallback                  0x0800b0d3   Thumb Code     8  usbd_conf.o(.text)
    HAL_PCD_DisconnectCallback               0x0800b0db   Thumb Code     8  usbd_conf.o(.text)
    USBD_LL_Init                             0x0800b0e3   Thumb Code    98  usbd_conf.o(.text)
    USBD_LL_DeInit                           0x0800b145   Thumb Code    32  usbd_conf.o(.text)
    USBD_LL_Start                            0x0800b165   Thumb Code    32  usbd_conf.o(.text)
    USBD_LL_Stop                             0x0800b185   Thumb Code    32  usbd_conf.o(.text)
    USBD_LL_OpenEP                           0x0800b1a5   Thumb Code    38  usbd_conf.o(.text)
    USBD_LL_CloseEP                          0x0800b1cb   Thumb Code    32  usbd_conf.o(.text)
    USBD_LL_FlushEP                          0x0800b1eb   Thumb Code    32  usbd_conf.o(.text)
    USBD_LL_StallEP                          0x0800b20b   Thumb Code    32  usbd_conf.o(.text)
    USBD_LL_ClearStallEP                     0x0800b22b   Thumb Code    32  usbd_conf.o(.text)
    USBD_LL_IsStallEP                        0x0800b24b   Thumb Code    32  usbd_conf.o(.text)
    USBD_LL_SetUSBAddress                    0x0800b26b   Thumb Code    32  usbd_conf.o(.text)
    USBD_LL_Transmit                         0x0800b28b   Thumb Code    32  usbd_conf.o(.text)
    USBD_LL_PrepareReceive                   0x0800b2ab   Thumb Code    32  usbd_conf.o(.text)
    USBD_LL_GetRxDataSize                    0x0800b2cb   Thumb Code     8  usbd_conf.o(.text)
    USBD_LL_Delay                            0x0800b2d3   Thumb Code     4  usbd_conf.o(.text)
    USBD_FS_DeviceDescriptor                 0x0800b2fd   Thumb Code     8  usbd_desc.o(.text)
    USBD_FS_LangIDStrDescriptor              0x0800b305   Thumb Code    10  usbd_desc.o(.text)
    USBD_FS_ProductStrDescriptor             0x0800b30f   Thumb Code    16  usbd_desc.o(.text)
    USBD_FS_ManufacturerStrDescriptor        0x0800b31f   Thumb Code    16  usbd_desc.o(.text)
    USBD_FS_SerialStrDescriptor              0x0800b32f   Thumb Code    16  usbd_desc.o(.text)
    USBD_FS_ConfigStrDescriptor              0x0800b33f   Thumb Code    16  usbd_desc.o(.text)
    USBD_FS_InterfaceStrDescriptor           0x0800b34f   Thumb Code    16  usbd_desc.o(.text)
    NMI_Handler                              0x0800b3c1   Thumb Code     2  stm32f4xx_it.o(.text)
    HardFault_Handler                        0x0800b3c3   Thumb Code     2  stm32f4xx_it.o(.text)
    MemManage_Handler                        0x0800b3c5   Thumb Code     2  stm32f4xx_it.o(.text)
    BusFault_Handler                         0x0800b3c7   Thumb Code     2  stm32f4xx_it.o(.text)
    UsageFault_Handler                       0x0800b3c9   Thumb Code     2  stm32f4xx_it.o(.text)
    SVC_Handler                              0x0800b3cb   Thumb Code     2  stm32f4xx_it.o(.text)
    DebugMon_Handler                         0x0800b3cd   Thumb Code     2  stm32f4xx_it.o(.text)
    PendSV_Handler                           0x0800b3cf   Thumb Code     2  stm32f4xx_it.o(.text)
    SysTick_Handler                          0x0800b3d1   Thumb Code    14  stm32f4xx_it.o(.text)
    ADC_IRQHandler                           0x0800b3df   Thumb Code   122  stm32f4xx_it.o(.text)
    convertGyroData                          0x0800b459   Thumb Code    18  stm32f4xx_it.o(.text)
    convertTempData                          0x0800b46b   Thumb Code    40  stm32f4xx_it.o(.text)
    convertAccData                           0x0800b493   Thumb Code    26  stm32f4xx_it.o(.text)
    convertMagnetData                        0x0800b4ad   Thumb Code    30  stm32f4xx_it.o(.text)
    TIM2_IRQHandler                          0x0800b4cb   Thumb Code   658  stm32f4xx_it.o(.text)
    TIM3_IRQHandler                          0x0800b75d   Thumb Code    26  stm32f4xx_it.o(.text)
    TIM4_IRQHandler                          0x0800b777   Thumb Code   300  stm32f4xx_it.o(.text)
    OTG_FS_IRQHandler                        0x0800b8a3   Thumb Code     6  stm32f4xx_it.o(.text)
    getLength                                0x0800b8a9   Thumb Code    14  stm32f4xx_it.o(.text)
    HAL_MspInit                              0x0800b8bd   Thumb Code   126  stm32f4xx_hal_msp.o(.text)
    HAL_ADC_MspInit                          0x0800b93b   Thumb Code    96  stm32f4xx_hal_msp.o(.text)
    HAL_ADC_MspDeInit                        0x0800b99b   Thumb Code    46  stm32f4xx_hal_msp.o(.text)
    HAL_DAC_MspInit                          0x0800b9c9   Thumb Code    56  stm32f4xx_hal_msp.o(.text)
    HAL_DAC_MspDeInit                        0x0800ba01   Thumb Code    30  stm32f4xx_hal_msp.o(.text)
    HAL_I2C_MspInit                          0x0800ba1f   Thumb Code    62  stm32f4xx_hal_msp.o(.text)
    HAL_I2C_MspDeInit                        0x0800ba5d   Thumb Code    30  stm32f4xx_hal_msp.o(.text)
    HAL_TIM_Base_MspInit                     0x0800ba7b   Thumb Code   124  stm32f4xx_hal_msp.o(.text)
    HAL_TIM_Base_MspDeInit                   0x0800baf7   Thumb Code    64  stm32f4xx_hal_msp.o(.text)
    Wheelchair                               0x0800bb5d   Thumb Code   394  wheelchair.o(.text)
    __aeabi_uldivmod                         0x0800bcf1   Thumb Code    98  uldiv.o(.text)
    __aeabi_memcpy                           0x0800bd53   Thumb Code    36  memcpya.o(.text)
    __aeabi_memcpy4                          0x0800bd53   Thumb Code     0  memcpya.o(.text)
    __aeabi_memcpy8                          0x0800bd53   Thumb Code     0  memcpya.o(.text)
    __aeabi_dadd                             0x0800bd77   Thumb Code   322  dadd.o(.text)
    __aeabi_dsub                             0x0800beb9   Thumb Code     6  dadd.o(.text)
    __aeabi_drsub                            0x0800bebf   Thumb Code     6  dadd.o(.text)
    __aeabi_dmul                             0x0800bec5   Thumb Code   228  dmul.o(.text)
    __aeabi_ddiv                             0x0800bfa9   Thumb Code   222  ddiv.o(.text)
    __aeabi_i2d                              0x0800c087   Thumb Code    34  dflti.o(.text)
    __aeabi_ui2d                             0x0800c0a9   Thumb Code    26  dfltui.o(.text)
    __aeabi_d2iz                             0x0800c0c3   Thumb Code    62  dfixi.o(.text)
    __aeabi_d2uiz                            0x0800c101   Thumb Code    50  dfixui.o(.text)
    __aeabi_f2d                              0x0800c133   Thumb Code    38  f2d.o(.text)
    __aeabi_d2f                              0x0800c159   Thumb Code    56  d2f.o(.text)
    __aeabi_llsl                             0x0800c191   Thumb Code    30  llshl.o(.text)
    _ll_shift_l                              0x0800c191   Thumb Code     0  llshl.o(.text)
    __aeabi_llsr                             0x0800c1af   Thumb Code    32  llushr.o(.text)
    _ll_ushift_r                             0x0800c1af   Thumb Code     0  llushr.o(.text)
    __aeabi_lasr                             0x0800c1cf   Thumb Code    36  llsshr.o(.text)
    _ll_sshift_r                             0x0800c1cf   Thumb Code     0  llsshr.o(.text)
    __I$use$fp                               0x0800c1f3   Thumb Code     0  iusefp.o(.text)
    _float_round                             0x0800c1f3   Thumb Code    18  fepilogue.o(.text)
    _float_epilogue                          0x0800c205   Thumb Code    92  fepilogue.o(.text)
    _double_round                            0x0800c261   Thumb Code    30  depilogue.o(.text)
    _double_epilogue                         0x0800c27f   Thumb Code   156  depilogue.o(.text)
    _dsqrt                                   0x0800c31b   Thumb Code   162  dsqrt.o(.text)
    __scatterload                            0x0800c3bd   Thumb Code    28  init.o(.text)
    __scatterload_rt2                        0x0800c3bd   Thumb Code     0  init.o(.text)
    __decompress                             0x0800c3e1   Thumb Code     0  __dczerorl2.o(.text)
    __decompress1                            0x0800c3e1   Thumb Code    86  __dczerorl2.o(.text)
    __ARM_fpclassify                         0x0800c437   Thumb Code    48  fpclassify.o(i.__ARM_fpclassify)
    __hardfp_acos                            0x0800c469   Thumb Code   738  acos.o(i.__hardfp_acos)
    __hardfp_atan                            0x0800c7c1   Thumb Code   622  atan.o(i.__hardfp_atan)
    __hardfp_atan2                           0x0800ca99   Thumb Code   432  atan2.o(i.__hardfp_atan2)
    __hardfp_cos                             0x0800cc89   Thumb Code   180  cos.o(i.__hardfp_cos)
    __hardfp_sin                             0x0800cd51   Thumb Code   180  sin.o(i.__hardfp_sin)
    __hardfp_sqrt                            0x0800ce19   Thumb Code   122  sqrt.o(i.__hardfp_sqrt)
    __ieee754_rem_pio2                       0x0800ce99   Thumb Code   938  rred.o(i.__ieee754_rem_pio2)
    __kernel_cos                             0x0800d2d1   Thumb Code   322  cos_i.o(i.__kernel_cos)
    __kernel_poly                            0x0800d441   Thumb Code   248  poly.o(i.__kernel_poly)
    __kernel_sin                             0x0800d539   Thumb Code   280  sin_i.o(i.__kernel_sin)
    __mathlib_dbl_infnan                     0x0800d669   Thumb Code    20  dunder.o(i.__mathlib_dbl_infnan)
    __mathlib_dbl_infnan2                    0x0800d67d   Thumb Code    20  dunder.o(i.__mathlib_dbl_infnan2)
    __mathlib_dbl_invalid                    0x0800d691   Thumb Code    24  dunder.o(i.__mathlib_dbl_invalid)
    __mathlib_dbl_underflow                  0x0800d6b1   Thumb Code    24  dunder.o(i.__mathlib_dbl_underflow)
    __scatterload_copy                       0x0800d6d1   Thumb Code    14  handlers.o(i.__scatterload_copy)
    __scatterload_null                       0x0800d6df   Thumb Code     2  handlers.o(i.__scatterload_null)
    __scatterload_zeroinit                   0x0800d6e1   Thumb Code    14  handlers.o(i.__scatterload_zeroinit)
    __set_errno                              0x0800d6f1   Thumb Code     6  errno.o(i.__set_errno)
    atan                                     0x0800d6fd   Thumb Code    16  atan.o(i.atan)
    fabs                                     0x0800d70d   Thumb Code    24  fabs.o(i.fabs)
    free                                     0x0800d725   Thumb Code    76  malloc.o(i.free)
    malloc                                   0x0800d775   Thumb Code    92  malloc.o(i.malloc)
    sqrt                                     0x0800d7e1   Thumb Code   110  sqrt.o(i.sqrt)
    AHBPrescTable                            0x0800d856   Data          16  system_stm32f4xx.o(.constdata)
    APBPrescTable                            0x0800d866   Data           8  system_stm32f4xx.o(.constdata)
    __mathlib_zero                           0x0800d988   Data           8  qnan.o(.constdata)
    Region$$Table$$Base                      0x0800da80   Number         0  anon$$obj.o(Region$$Table)
    Region$$Table$$Limit                     0x0800daa0   Number         0  anon$$obj.o(Region$$Table)
    q0                                       0x20000000   Data           4  reorientation_1.o(.data)
    q1                                       0x20000004   Data           4  reorientation_1.o(.data)
    q2                                       0x20000008   Data           4  reorientation_1.o(.data)
    q3                                       0x2000000c   Data           4  reorientation_1.o(.data)
    uwTickFreq                               0x20000018   Data           1  stm32f4xx_hal.o(.data)
    uwTickPrio                               0x2000001c   Data           4  stm32f4xx_hal.o(.data)
    uwTick                                   0x20000020   Data           4  stm32f4xx_hal.o(.data)
    SystemCoreClock                          0x20000024   Data           4  system_stm32f4xx.o(.data)
    USBD_HID                                 0x2000002c   Data          56  usbd_hid.o(.data)
    on                                       0x200000ea   Data           1  main.o(.data)
    IntGyroData                              0x200000ec   Data           8  main.o(.data)
    IntMagnetData                            0x200000f4   Data           6  main.o(.data)
    Status                                   0x200000fa   Data           1  main.o(.data)
    FS_Desc                                  0x200000fc   Data          28  usbd_desc.o(.data)
    USBD_LangIDDesc                          0x20000118   Data           4  usbd_desc.o(.data)
    USBD_FS_DeviceDesc                       0x2000011c   Data          18  usbd_desc.o(.data)
    MagnetSens                               0x20000130   Data           3  stm32f4xx_it.o(.data)
    magnet_Y_Angle                           0x20000134   Data           4  stm32f4xx_it.o(.data)
    ADC_data                                 0x20000138   Data           4  stm32f4xx_it.o(.data)
    __microlib_freelist                      0x2000013c   Data           4  mvars.o(.data)
    __microlib_freelist_initialised          0x20000140   Data           4  mvars.o(.data)
    hadc1                                    0x20000148   Data          72  main.o(.bss)
    hadc3                                    0x20000190   Data          72  main.o(.bss)
    hdac                                     0x200001d8   Data          20  main.o(.bss)
    hi2c1                                    0x200001ec   Data          84  main.o(.bss)
    htim2                                    0x20000240   Data          60  main.o(.bss)
    htim3                                    0x2000027c   Data          60  main.o(.bss)
    htim4                                    0x200002b8   Data          60  main.o(.bss)
    IntAccData                               0x200002f4   Data          12  main.o(.bss)
    hUsbDeviceFS                             0x20000300   Data         548  usb_device.o(.bss)
    hpcd_USB_OTG_FS                          0x20000524   Data        1008  usbd_conf.o(.bss)
    USBD_StrDesc                             0x20000914   Data         512  usbd_desc.o(.bss)
    Kalman                                   0x20000b14   Data          32  stm32f4xx_it.o(.bss)
    finangl                                  0x20000b34   Data          12  stm32f4xx_it.o(.bss)
    finish                                   0x20000b40   Data          36  stm32f4xx_it.o(.bss)
    accelAngle                               0x20000b64   Data          12  stm32f4xx_it.o(.bss)
    __heap_base                              0x20000b70   Data           0  startup_stm32f407xx.o(HEAP)
    __heap_limit                             0x20000d70   Data           0  startup_stm32f407xx.o(HEAP)
    __initial_sp                             0x20001170   Data           0  startup_stm32f407xx.o(STACK)



==============================================================================

Memory Map of the image

  Image Entry point : 0x08000189

  Load Region LR_IROM1 (Base: 0x08000000, Size: 0x0000dbe8, Max: 0x00100000, ABSOLUTE, COMPRESSED[0x0000db6c])

    Execution Region ER_IROM1 (Exec base: 0x08000000, Load base: 0x08000000, Size: 0x0000daa0, Max: 0x00100000, ABSOLUTE)

    Exec Addr    Load Addr    Size         Type   Attr      Idx    E Section Name        Object

    0x08000000   0x08000000   0x00000188   Data   RO            3    RESET               startup_stm32f407xx.o
    0x08000188   0x08000188   0x00000000   Code   RO         1313  * .ARM.Collect$$$$00000000  mc_w.l(entry.o)
    0x08000188   0x08000188   0x00000004   Code   RO         1421    .ARM.Collect$$$$00000001  mc_w.l(entry2.o)
    0x0800018c   0x0800018c   0x00000004   Code   RO         1424    .ARM.Collect$$$$00000004  mc_w.l(entry5.o)
    0x08000190   0x08000190   0x00000000   Code   RO         1426    .ARM.Collect$$$$00000008  mc_w.l(entry7b.o)
    0x08000190   0x08000190   0x00000000   Code   RO         1428    .ARM.Collect$$$$0000000A  mc_w.l(entry8b.o)
    0x08000190   0x08000190   0x00000008   Code   RO         1429    .ARM.Collect$$$$0000000B  mc_w.l(entry9a.o)
    0x08000198   0x08000198   0x00000000   Code   RO         1431    .ARM.Collect$$$$0000000D  mc_w.l(entry10a.o)
    0x08000198   0x08000198   0x00000000   Code   RO         1433    .ARM.Collect$$$$0000000F  mc_w.l(entry11a.o)
    0x08000198   0x08000198   0x00000004   Code   RO         1422    .ARM.Collect$$$$00002712  mc_w.l(entry2.o)
    0x0800019c   0x0800019c   0x00000024   Code   RO            4    .text               startup_stm32f407xx.o
    0x080001c0   0x080001c0   0x0000025c   Code   RO           13    .text               reorientation_1.o
    0x0800041c   0x0800041c   0x00000988   Code   RO          166    .text               stm32f4xx_hal_pcd.o
    0x08000da4   0x08000da4   0x0000004c   Code   RO          190    .text               stm32f4xx_hal_pcd_ex.o
    0x08000df0   0x08000df0   0x00001188   Code   RO          214    .text               stm32f4xx_ll_usb.o
    0x08001f78   0x08001f78   0x000009a0   Code   RO          240    .text               stm32f4xx_hal_adc.o
    0x08002918   0x08002918   0x000006c8   Code   RO          264    .text               stm32f4xx_hal_adc_ex.o
    0x08002fe0   0x08002fe0   0x0000030c   Code   RO          288    .text               stm32f4xx_hal_dac.o
    0x080032ec   0x080032ec   0x000000c6   Code   RO          312    .text               stm32f4xx_hal_dac_ex.o
    0x080033b2   0x080033b2   0x00000002   PAD
    0x080033b4   0x080033b4   0x00002980   Code   RO          336    .text               stm32f4xx_hal_i2c.o
    0x08005d34   0x08005d34   0x00001e62   Code   RO          378    .text               stm32f4xx_hal_tim.o
    0x08007b96   0x08007b96   0x00000002   PAD
    0x08007b98   0x08007b98   0x00000a94   Code   RO          403    .text               stm32f4xx_hal_tim_ex.o
    0x0800862c   0x0800862c   0x00000684   Code   RO          427    .text               stm32f4xx_hal_rcc.o
    0x08008cb0   0x08008cb0   0x00000324   Code   RO          546    .text               stm32f4xx_hal_gpio.o
    0x08008fd4   0x08008fd4   0x000006b8   Code   RO          594    .text               stm32f4xx_hal_dma.o
    0x0800968c   0x0800968c   0x00000264   Code   RO          667    .text               stm32f4xx_hal_cortex.o
    0x080098f0   0x080098f0   0x000001b4   Code   RO          695    .text               stm32f4xx_hal.o
    0x08009aa4   0x08009aa4   0x000000c8   Code   RO          722    .text               system_stm32f4xx.o
    0x08009b6c   0x08009b6c   0x000002b6   Code   RO          754    .text               usbd_core.o
    0x08009e22   0x08009e22   0x00000002   PAD
    0x08009e24   0x08009e24   0x000003d8   Code   RO          799    .text               usbd_ctlreq.o
    0x0800a1fc   0x0800a1fc   0x0000008e   Code   RO          825    .text               usbd_ioreq.o
    0x0800a28a   0x0800a28a   0x00000002   PAD
    0x0800a28c   0x0800a28c   0x00000138   Code   RO          849    .text               usbd_hid.o
    0x0800a3c4   0x0800a3c4   0x000002e0   Code   RO          884    .text               mpu6050.o
    0x0800a6a4   0x0800a6a4   0x00000278   Code   RO          941    .text               accelangle.o
    0x0800a91c   0x0800a91c   0x00000032   Code   RO          956    .text               kalmanfilter.o
    0x0800a94e   0x0800a94e   0x00000022   Code   RO          971    .text               complimentaryfilter.o
    0x0800a970   0x0800a970   0x00000200   Code   RO          989    .text               heading.o
    0x0800ab70   0x0800ab70   0x00000410   Code   RO         1053    .text               main.o
    0x0800af80   0x0800af80   0x0000002c   Code   RO         1089    .text               usb_device.o
    0x0800afac   0x0800afac   0x00000350   Code   RO         1119    .text               usbd_conf.o
    0x0800b2fc   0x0800b2fc   0x000000c4   Code   RO         1146    .text               usbd_desc.o
    0x0800b3c0   0x0800b3c0   0x000004fc   Code   RO         1178    .text               stm32f4xx_it.o
    0x0800b8bc   0x0800b8bc   0x000002a0   Code   RO         1218    .text               stm32f4xx_hal_msp.o
    0x0800bb5c   0x0800bb5c   0x00000194   Code   RO         1239    .text               wheelchair.o
    0x0800bcf0   0x0800bcf0   0x00000062   Code   RO         1316    .text               mc_w.l(uldiv.o)
    0x0800bd52   0x0800bd52   0x00000024   Code   RO         1318    .text               mc_w.l(memcpya.o)
    0x0800bd76   0x0800bd76   0x0000014e   Code   RO         1350    .text               mf_w.l(dadd.o)
    0x0800bec4   0x0800bec4   0x000000e4   Code   RO         1352    .text               mf_w.l(dmul.o)
    0x0800bfa8   0x0800bfa8   0x000000de   Code   RO         1354    .text               mf_w.l(ddiv.o)
    0x0800c086   0x0800c086   0x00000022   Code   RO         1358    .text               mf_w.l(dflti.o)
    0x0800c0a8   0x0800c0a8   0x0000001a   Code   RO         1360    .text               mf_w.l(dfltui.o)
    0x0800c0c2   0x0800c0c2   0x0000003e   Code   RO         1362    .text               mf_w.l(dfixi.o)
    0x0800c100   0x0800c100   0x00000032   Code   RO         1364    .text               mf_w.l(dfixui.o)
    0x0800c132   0x0800c132   0x00000026   Code   RO         1366    .text               mf_w.l(f2d.o)
    0x0800c158   0x0800c158   0x00000038   Code   RO         1368    .text               mf_w.l(d2f.o)
    0x0800c190   0x0800c190   0x0000001e   Code   RO         1435    .text               mc_w.l(llshl.o)
    0x0800c1ae   0x0800c1ae   0x00000020   Code   RO         1437    .text               mc_w.l(llushr.o)
    0x0800c1ce   0x0800c1ce   0x00000024   Code   RO         1439    .text               mc_w.l(llsshr.o)
    0x0800c1f2   0x0800c1f2   0x00000000   Code   RO         1450    .text               mc_w.l(iusefp.o)
    0x0800c1f2   0x0800c1f2   0x0000006e   Code   RO         1451    .text               mf_w.l(fepilogue.o)
    0x0800c260   0x0800c260   0x000000ba   Code   RO         1453    .text               mf_w.l(depilogue.o)
    0x0800c31a   0x0800c31a   0x000000a2   Code   RO         1455    .text               mf_w.l(dsqrt.o)
    0x0800c3bc   0x0800c3bc   0x00000024   Code   RO         1461    .text               mc_w.l(init.o)
    0x0800c3e0   0x0800c3e0   0x00000056   Code   RO         1471    .text               mc_w.l(__dczerorl2.o)
    0x0800c436   0x0800c436   0x00000030   Code   RO         1459    i.__ARM_fpclassify  m_wm.l(fpclassify.o)
    0x0800c466   0x0800c466   0x00000002   PAD
    0x0800c468   0x0800c468   0x00000358   Code   RO         1251    i.__hardfp_acos     m_wm.l(acos.o)
    0x0800c7c0   0x0800c7c0   0x000002d8   Code   RO         1370    i.__hardfp_atan     m_wm.l(atan.o)
    0x0800ca98   0x0800ca98   0x000001f0   Code   RO         1265    i.__hardfp_atan2    m_wm.l(atan2.o)
    0x0800cc88   0x0800cc88   0x000000c8   Code   RO         1277    i.__hardfp_cos      m_wm.l(cos.o)
    0x0800cd50   0x0800cd50   0x000000c8   Code   RO         1289    i.__hardfp_sin      m_wm.l(sin.o)
    0x0800ce18   0x0800ce18   0x0000007a   Code   RO         1301    i.__hardfp_sqrt     m_wm.l(sqrt.o)
    0x0800ce92   0x0800ce92   0x00000006   PAD
    0x0800ce98   0x0800ce98   0x00000438   Code   RO         1410    i.__ieee754_rem_pio2  m_wm.l(rred.o)
    0x0800d2d0   0x0800d2d0   0x00000170   Code   RO         1384    i.__kernel_cos      m_wm.l(cos_i.o)
    0x0800d440   0x0800d440   0x000000f8   Code   RO         1407    i.__kernel_poly     m_wm.l(poly.o)
    0x0800d538   0x0800d538   0x00000130   Code   RO         1415    i.__kernel_sin      m_wm.l(sin_i.o)
    0x0800d668   0x0800d668   0x00000014   Code   RO         1388    i.__mathlib_dbl_infnan  m_wm.l(dunder.o)
    0x0800d67c   0x0800d67c   0x00000014   Code   RO         1389    i.__mathlib_dbl_infnan2  m_wm.l(dunder.o)
    0x0800d690   0x0800d690   0x00000020   Code   RO         1390    i.__mathlib_dbl_invalid  m_wm.l(dunder.o)
    0x0800d6b0   0x0800d6b0   0x00000020   Code   RO         1393    i.__mathlib_dbl_underflow  m_wm.l(dunder.o)
    0x0800d6d0   0x0800d6d0   0x0000000e   Code   RO         1465    i.__scatterload_copy  mc_w.l(handlers.o)
    0x0800d6de   0x0800d6de   0x00000002   Code   RO         1466    i.__scatterload_null  mc_w.l(handlers.o)
    0x0800d6e0   0x0800d6e0   0x0000000e   Code   RO         1467    i.__scatterload_zeroinit  mc_w.l(handlers.o)
    0x0800d6ee   0x0800d6ee   0x00000002   PAD
    0x0800d6f0   0x0800d6f0   0x0000000c   Code   RO         1445    i.__set_errno       mc_w.l(errno.o)
    0x0800d6fc   0x0800d6fc   0x00000010   Code   RO         1372    i.atan              m_wm.l(atan.o)
    0x0800d70c   0x0800d70c   0x00000018   Code   RO         1403    i.fabs              m_wm.l(fabs.o)
    0x0800d724   0x0800d724   0x00000050   Code   RO         1322    i.free              mc_w.l(malloc.o)
    0x0800d774   0x0800d774   0x0000006c   Code   RO         1323    i.malloc            mc_w.l(malloc.o)
    0x0800d7e0   0x0800d7e0   0x0000006e   Code   RO         1303    i.sqrt              m_wm.l(sqrt.o)
    0x0800d84e   0x0800d84e   0x00000008   Data   RO          595    .constdata          stm32f4xx_hal_dma.o
    0x0800d856   0x0800d856   0x00000010   Data   RO          723    .constdata          system_stm32f4xx.o
    0x0800d866   0x0800d866   0x00000008   Data   RO          724    .constdata          system_stm32f4xx.o
    0x0800d86e   0x0800d86e   0x00000002   PAD
    0x0800d870   0x0800d870   0x00000050   Data   RO         1254    .constdata          m_wm.l(acos.o)
    0x0800d8c0   0x0800d8c0   0x00000098   Data   RO         1373    .constdata          m_wm.l(atan.o)
    0x0800d958   0x0800d958   0x00000030   Data   RO         1385    .constdata          m_wm.l(cos_i.o)
    0x0800d988   0x0800d988   0x00000008   Data   RO         1409    .constdata          m_wm.l(qnan.o)
    0x0800d990   0x0800d990   0x000000c8   Data   RO         1412    .constdata          m_wm.l(rred.o)
    0x0800da58   0x0800da58   0x00000028   Data   RO         1416    .constdata          m_wm.l(sin_i.o)
    0x0800da80   0x0800da80   0x00000020   Data   RO         1463    Region$$Table       anon$$obj.o


    Execution Region RW_IRAM1 (Exec base: 0x20000000, Load base: 0x0800daa0, Size: 0x00001170, Max: 0x00020000, ABSOLUTE, COMPRESSED[0x000000cc])

    Exec Addr    Load Addr    Size         Type   Attr      Idx    E Section Name        Object

    0x20000000   COMPRESSED   0x00000014   Data   RW           14    .data               reorientation_1.o
    0x20000014   COMPRESSED   0x00000004   Data   RW          215    .data               stm32f4xx_ll_usb.o
    0x20000018   COMPRESSED   0x0000000c   Data   RW          696    .data               stm32f4xx_hal.o
    0x20000024   COMPRESSED   0x00000004   Data   RW          725    .data               system_stm32f4xx.o
    0x20000028   COMPRESSED   0x00000001   Data   RW          800    .data               usbd_ctlreq.o
    0x20000029   COMPRESSED   0x00000003   PAD
    0x2000002c   COMPRESSED   0x00000038   Data   RW          850    .data               usbd_hid.o
    0x20000064   COMPRESSED   0x00000086   Data   RW          851    .data               usbd_hid.o
    0x200000ea   COMPRESSED   0x00000001   Data   RW         1056    .data               main.o
    0x200000eb   COMPRESSED   0x00000001   PAD
    0x200000ec   COMPRESSED   0x00000008   Data   RW         1057    .data               main.o
    0x200000f4   COMPRESSED   0x00000006   Data   RW         1058    .data               main.o
    0x200000fa   COMPRESSED   0x00000001   Data   RW         1059    .data               main.o
    0x200000fb   COMPRESSED   0x00000001   PAD
    0x200000fc   COMPRESSED   0x0000001c   Data   RW         1148    .data               usbd_desc.o
    0x20000118   COMPRESSED   0x00000016   Data   RW         1149    .data               usbd_desc.o
    0x2000012e   COMPRESSED   0x00000002   PAD
    0x20000130   COMPRESSED   0x0000000c   Data   RW         1181    .data               stm32f4xx_it.o
    0x2000013c   COMPRESSED   0x00000004   Data   RW         1441    .data               mc_w.l(mvars.o)
    0x20000140   COMPRESSED   0x00000004   Data   RW         1442    .data               mc_w.l(mvars.o)
    0x20000144   COMPRESSED   0x00000004   Data   RW         1446    .data               mc_w.l(errno.o)
    0x20000148        -       0x000001ac   Zero   RW         1054    .bss                main.o
    0x200002f4        -       0x0000000c   Zero   RW         1055    .bss                main.o
    0x20000300        -       0x00000224   Zero   RW         1090    .bss                usb_device.o
    0x20000524        -       0x000003f0   Zero   RW         1120    .bss                usbd_conf.o
    0x20000914        -       0x00000200   Zero   RW         1147    .bss                usbd_desc.o
    0x20000b14        -       0x0000005c   Zero   RW         1179    .bss                stm32f4xx_it.o
    0x20000b70        -       0x00000200   Zero   RW            2    HEAP                startup_stm32f407xx.o
    0x20000d70        -       0x00000400   Zero   RW            1    STACK               startup_stm32f407xx.o


==============================================================================

Image component sizes


      Code (inc. data)   RO Data    RW Data    ZI Data      Debug   Object Name

       632         28          0          0          0       1919   accelangle.o
        34          0          0          0          0       1328   complimentaryfilter.o
       512         26          0          0          0       1546   heading.o
        50          0          0          0          0       1707   kalmanfilter.o
      1040         56          0         16        440      16437   main.o
         0          0          0          0          0        307   mousecontrol.o
       736          8          0          0          0      17510   mpu6050.o
       604         14          0         20          0     719905   reorientation_1.o
        36          8        392          0       1536        956   startup_stm32f407xx.o
       436         34          0         12          0       6120   stm32f4xx_hal.o
      2464         78          0          0          0       8743   stm32f4xx_hal_adc.o
      1736         48          0          0          0       6686   stm32f4xx_hal_adc_ex.o
       612          8          0          0          0      32738   stm32f4xx_hal_cortex.o
       780         26          0          0          0       6391   stm32f4xx_hal_dac.o
       198          0          0          0          0       3681   stm32f4xx_hal_dac_ex.o
      1720         26          8          0          0       7901   stm32f4xx_hal_dma.o
       804         44          0          0          0       4195   stm32f4xx_hal_gpio.o
     10624        144          0          0          0      35998   stm32f4xx_hal_i2c.o
       672         38          0          0          0       3220   stm32f4xx_hal_msp.o
      2440         72          0          0          0      10815   stm32f4xx_hal_pcd.o
        76          0          0          0          0       1754   stm32f4xx_hal_pcd_ex.o
      1668         68          0          0          0       5841   stm32f4xx_hal_rcc.o
      7778        124          0          0          0      32496   stm32f4xx_hal_tim.o
      2708         24          0          0          0      12310   stm32f4xx_hal_tim_ex.o
      1276        174          0         12         92       5935   stm32f4xx_it.o
      4488         68          0          4          0      15591   stm32f4xx_ll_usb.o
       200         28         24          4          0       1889   system_stm32f4xx.o
        44         14          0          0        548        960   usb_device.o
       848         38          0          0       1008       8434   usbd_conf.o
       694          0          0          0          0      10473   usbd_core.o
       984         30          0          1          0       5268   usbd_ctlreq.o
       196         98          0         50        512       3499   usbd_desc.o
       312          6          0        190          0       5109   usbd_hid.o
       142          0          0          0          0       2746   usbd_ioreq.o
       404         10          0          0          0       1809   wheelchair.o

    ----------------------------------------------------------------------
     47956       1340        458        316       4136    1002217   Object Totals
         0          0         32          0          0          0   (incl. Generated)
         8          0          2          7          0          0   (incl. Padding)

    ----------------------------------------------------------------------

      Code (inc. data)   RO Data    RW Data    ZI Data      Debug   Library Member Name

       856        118         80          0          0        288   acos.o
       744        106        152          0          0        352   atan.o
       496         64          0          0          0        192   atan2.o
       200         20          0          0          0        164   cos.o
       368         46         48          0          0        200   cos_i.o
       104         16          0          0          0        496   dunder.o
        24          0          0          0          0        124   fabs.o
        48          0          0          0          0        124   fpclassify.o
       248          0          0          0          0        152   poly.o
         0          0          8          0          0          0   qnan.o
      1080        142        200          0          0        188   rred.o
       200         20          0          0          0        164   sin.o
       304         24         40          0          0        208   sin_i.o
       232          0          0          0          0        296   sqrt.o
        86          0          0          0          0          0   __dczerorl2.o
         0          0          0          0          0          0   entry.o
         0          0          0          0          0          0   entry10a.o
         0          0          0          0          0          0   entry11a.o
         8          4          0          0          0          0   entry2.o
         4          0          0          0          0          0   entry5.o
         0          0          0          0          0          0   entry7b.o
         0          0          0          0          0          0   entry8b.o
         8          4          0          0          0          0   entry9a.o
        12          6          0          4          0         68   errno.o
        30          0          0          0          0          0   handlers.o
        36          8          0          0          0         68   init.o
         0          0          0          0          0          0   iusefp.o
        30          0          0          0          0         68   llshl.o
        36          0          0          0          0         68   llsshr.o
        32          0          0          0          0         68   llushr.o
       188         20          0          0          0        160   malloc.o
        36          0          0          0          0         68   memcpya.o
         0          0          0          8          0          0   mvars.o
        98          0          0          0          0         92   uldiv.o
        56          0          0          0          0         88   d2f.o
       334          0          0          0          0        148   dadd.o
       222          0          0          0          0        100   ddiv.o
       186          0          0          0          0        176   depilogue.o
        62          0          0          0          0         80   dfixi.o
        50          0          0          0          0         76   dfixui.o
        34          0          0          0          0         76   dflti.o
        26          0          0          0          0         76   dfltui.o
       228          0          0          0          0         96   dmul.o
       162          0          0          0          0        100   dsqrt.o
        38          0          0          0          0         68   f2d.o
       110          0          0          0          0        168   fepilogue.o

    ----------------------------------------------------------------------
      7026        598        528         12          0       4860   Library Totals
        10          0          0          0          0          0   (incl. Padding)

    ----------------------------------------------------------------------

      Code (inc. data)   RO Data    RW Data    ZI Data      Debug   Library Name

      4904        556        528          0          0       2948   m_wm.l
       604         42          0         12          0        660   mc_w.l
      1508          0          0          0          0       1252   mf_w.l

    ----------------------------------------------------------------------
      7026        598        528         12          0       4860   Library Totals

    ----------------------------------------------------------------------

==============================================================================


      Code (inc. data)   RO Data    RW Data    ZI Data      Debug   

     54982       1938        986        328       4136     996725   Grand Totals
     54982       1938        986        204       4136     996725   ELF Image Totals (compressed)
     54982       1938        986        204          0          0   ROM Totals

==============================================================================

    Total RO  Size (Code + RO Data)                55968 (  54.66kB)
    Total RW  Size (RW Data + ZI Data)              4464 (   4.36kB)
    Total ROM Size (Code + RO Data + RW Data)      56172 (  54.86kB)

==============================================================================

